<html>
<body>
<pre>
<h1>礦ision Build Log</h1>
<h2>Tool Versions:</h2>
IDE-Version: μVision V5.27.1.0
Copyright (C) 2019 ARM Ltd and ARM Germany GmbH. All rights reserved.
License Information: leihuitao leihuitao, leihuitao, LIC=HN0AE-5AWB6-QD6KD-8DSNA-B3KTR-T5MXV
 
Tool Versions:
Toolchain:       MDK-ARM Plus  Version: 5.23
Toolchain Path:  C:\Keil_v5\ARM\ARMCC\Bin
C Compiler:      Armcc.exe V5.06 update 4 (build 422)
Assembler:       Armasm.exe V5.06 update 4 (build 422)
Linker/Locator:  ArmLink.exe V5.06 update 4 (build 422)
Library Manager: ArmAr.exe V5.06 update 4 (build 422)
Hex Converter:   FromElf.exe V5.06 update 4 (build 422)
CPU DLL:         SARMCM3.DLL V5.23
Dialog DLL:      DARMSTM.DLL V1.68.0.0
Target DLL:      STLink\ST-LINKIII-KEIL_SWO.dll V2.0.18.0
Dialog DLL:      TARMSTM.DLL V1.66.0.0
 
<h2>Project:</h2>
D:\雷慧涛 Armand工作文件夹\ucos系统训练\stm32f103c8t6_ucosiii_led_project\MDK-RAM\stm32f103c8t6_ucosiii_led_project.uvprojx
Project File Date:  03/25/2021

<h2>Output:</h2>
*** Using Compiler 'V5.06 update 4 (build 422)', folder: 'C:\Keil_v5\ARM\ARMCC\Bin'
Rebuild target 'STM32F103C8T6_UCOS_LED'
assembling startup_stm32f10x_hd.s...
compiling core_cm3.c...
compiling system_stm32f10x.c...
compiling stm32f10x_it.c...
compiling main.c...
compiling led.c...
compiling systick.c...
compiling misc.c...
compiling uart.c...
compiling stm32f10x_gpio.c...
compiling os_app_hooks.c...
compiling stm32f10x_rcc.c...
assembling cpu_a.asm...
compiling stm32f10x_usart.c...
compiling bsp.c...
compiling lib_ascii.c...
compiling lib_math.c...
compiling cpu_core.c...
compiling cpu_c.c...
assembling lib_mem_a.asm...
compiling lib_str.c...
compiling os_cfg_app.c...
compiling lib_mem.c...
compiling os_core.c...
compiling os_flag.c...
compiling os_int.c...
compiling os_dbg.c...
compiling os_msg.c...
compiling os_mem.c...
compiling os_pend_multi.c...
compiling os_sem.c...
compiling os_prio.c...
compiling os_q.c...
compiling os_mutex.c...
compiling os_stat.c...
compiling os_time.c...
compiling os_tick.c...
compiling os_tmr.c...
compiling os_task.c...
assembling os_cpu_a.s...
compiling os_var.c...
compiling os_cpu_c.c...
linking...
Program Size: Code=21284 RO-data=864 RW-data=276 ZI-data=15852  
FromELF: creating hex file...
".\Objects\stm32f103c8t6_ucosiii_led_project.axf" - 0 Error(s), 0 Warning(s).

<h2>Software Packages used:</h2>

Package Vendor: Keil
                http://www.keil.com/pack/Keil.STM32F1xx_DFP.1.0.5.pack
                Keil.STM32F1xx_DFP.1.0.5
                STMicroelectronics STM32F1 Series Device Support, Drivers and Examples

<h2>Collection of Component include folders:</h2>
  .\RTE\_STM32F103C8T6_UCOS_LED
  C:\Keil_v5\ARM\PACK\Keil\STM32F1xx_DFP\1.0.5\Device\Include

<h2>Collection of Component Files used:</h2>
Build Time Elapsed:  00:00:04
</pre>
</body>
</html>
