Component: ARM Compiler 5.06 update 4 (build 422) Tool: armlink [4d35d2]

==============================================================================

Section Cross References

    main.o(i.SysTick_task) refers to bsp.o(i.BSP_CPU_ClkFreq) for BSP_CPU_ClkFreq
    main.o(i.SysTick_task) refers to bsp.o(i.CPU_TS_TmrRd) for CPU_TS_TmrRd
    main.o(i.SysTick_task) refers to os_time.o(i.OSTimeDly) for OSTimeDly
    main.o(i.SysTick_task) refers to cpu_a.o(.text) for CPU_SR_Save
    main.o(i.SysTick_task) refers to cpu_core.o(i.CPU_IntDisMeasStart) for CPU_IntDisMeasStart
    main.o(i.SysTick_task) refers to os_core.o(i.OS_SchedLockTimeMeasStart) for OS_SchedLockTimeMeasStart
    main.o(i.SysTick_task) refers to cpu_core.o(i.CPU_IntDisMeasStop) for CPU_IntDisMeasStop
    main.o(i.SysTick_task) refers to printf6.o(i.__0printf$6) for __2printf
    main.o(i.SysTick_task) refers to os_core.o(i.OS_SchedLockTimeMeasStop) for OS_SchedLockTimeMeasStop
    main.o(i.SysTick_task) refers to os_core.o(i.OS_Sched0) for OS_Sched0
    main.o(i.SysTick_task) refers to os_var.o(.data) for OSSchedLockNestingCtr
    main.o(i.SysTick_task) refers to main.o(.conststring) for .conststring
    main.o(i.led1_task) refers to led.o(i.LED_OFF) for LED_OFF
    main.o(i.led1_task) refers to os_time.o(i.OSTimeDlyHMSM) for OSTimeDlyHMSM
    main.o(i.led1_task) refers to led.o(i.LED_ON) for LED_ON
    main.o(i.main) refers to systick.o(i.SysTick_Init) for SysTick_Init
    main.o(i.main) refers to uart.o(i.USART1_Init) for USART1_Init
    main.o(i.main) refers to key.o(i.KEY_Init) for KEY_Init
    main.o(i.main) refers to led.o(i.LED_Init) for LED_Init
    main.o(i.main) refers to os_core.o(i.OSInit) for OSInit
    main.o(i.main) refers to os_task.o(i.OSTaskCreate) for OSTaskCreate
    main.o(i.main) refers to os_core.o(i.OSStart) for OSStart
    main.o(i.main) refers to main.o(.bss) for START_TASK_STK
    main.o(i.main) refers to main.o(i.start_task) for start_task
    main.o(i.start_task) refers to cpu_core.o(i.CPU_Init) for CPU_Init
    main.o(i.start_task) refers to bsp.o(i.BSP_CPU_ClkFreq) for BSP_CPU_ClkFreq
    main.o(i.start_task) refers to os_cpu_c.o(i.OS_CPU_SysTickInit) for OS_CPU_SysTickInit
    main.o(i.start_task) refers to lib_mem.o(i.Mem_Init) for Mem_Init
    main.o(i.start_task) refers to os_stat.o(i.OSStatTaskCPUUsageInit) for OSStatTaskCPUUsageInit
    main.o(i.start_task) refers to cpu_core.o(i.CPU_IntDisMeasMaxCurReset) for CPU_IntDisMeasMaxCurReset
    main.o(i.start_task) refers to os_core.o(i.OSSchedRoundRobinCfg) for OSSchedRoundRobinCfg
    main.o(i.start_task) refers to cpu_a.o(.text) for CPU_SR_Save
    main.o(i.start_task) refers to cpu_core.o(i.CPU_IntDisMeasStart) for CPU_IntDisMeasStart
    main.o(i.start_task) refers to os_core.o(i.OS_SchedLockTimeMeasStart) for OS_SchedLockTimeMeasStart
    main.o(i.start_task) refers to cpu_core.o(i.CPU_IntDisMeasStop) for CPU_IntDisMeasStop
    main.o(i.start_task) refers to os_task.o(i.OSTaskCreate) for OSTaskCreate
    main.o(i.start_task) refers to os_task.o(i.OS_TaskSuspend) for OS_TaskSuspend
    main.o(i.start_task) refers to os_core.o(i.OS_SchedLockTimeMeasStop) for OS_SchedLockTimeMeasStop
    main.o(i.start_task) refers to os_core.o(i.OS_Sched0) for OS_Sched0
    main.o(i.start_task) refers to os_cfg_app.o(.constdata) for OSCfg_TickRate_Hz
    main.o(i.start_task) refers to os_var.o(.data) for OSSchedLockNestingCtr
    main.o(i.start_task) refers to main.o(.bss) for LED1_TASK_STK
    main.o(i.start_task) refers to main.o(i.led1_task) for led1_task
    main.o(i.start_task) refers to main.o(i.SysTick_task) for SysTick_task
    system_stm32f10x.o(i.SetSysClock) refers to system_stm32f10x.o(i.SetSysClockTo72) for SetSysClockTo72
    system_stm32f10x.o(i.SystemCoreClockUpdate) refers to system_stm32f10x.o(.data) for SystemCoreClock
    system_stm32f10x.o(i.SystemInit) refers to system_stm32f10x.o(i.SetSysClock) for SetSysClock
    startup_stm32f10x_hd.o(RESET) refers to startup_stm32f10x_hd.o(STACK) for __initial_sp
    startup_stm32f10x_hd.o(RESET) refers to startup_stm32f10x_hd.o(.text) for Reset_Handler
    startup_stm32f10x_hd.o(RESET) refers to stm32f10x_it.o(i.NMI_Handler) for NMI_Handler
    startup_stm32f10x_hd.o(RESET) refers to stm32f10x_it.o(i.HardFault_Handler) for HardFault_Handler
    startup_stm32f10x_hd.o(RESET) refers to stm32f10x_it.o(i.MemManage_Handler) for MemManage_Handler
    startup_stm32f10x_hd.o(RESET) refers to stm32f10x_it.o(i.BusFault_Handler) for BusFault_Handler
    startup_stm32f10x_hd.o(RESET) refers to stm32f10x_it.o(i.UsageFault_Handler) for UsageFault_Handler
    startup_stm32f10x_hd.o(RESET) refers to stm32f10x_it.o(i.SVC_Handler) for SVC_Handler
    startup_stm32f10x_hd.o(RESET) refers to stm32f10x_it.o(i.DebugMon_Handler) for DebugMon_Handler
    startup_stm32f10x_hd.o(RESET) refers to os_cpu_a.o(CODE) for OS_CPU_PendSVHandler
    startup_stm32f10x_hd.o(RESET) refers to os_cpu_c.o(i.OS_CPU_SysTickHandler) for OS_CPU_SysTickHandler
[...]
    i.DebugMon_Handler                       0x080004e0   Section        0  stm32f10x_it.o(i.DebugMon_Handler)
    i.GPIO_DeInit                            0x080004e4   Section        0  stm32f10x_gpio.o(i.GPIO_DeInit)
    i.GPIO_Init                              0x080005ac   Section        0  stm32f10x_gpio.o(i.GPIO_Init)
    i.GPIO_ResetBits                         0x080006c2   Section        0  stm32f10x_gpio.o(i.GPIO_ResetBits)
    i.GPIO_SetBits                           0x080006c6   Section        0  stm32f10x_gpio.o(i.GPIO_SetBits)
    i.HardFault_Handler                      0x080006ca   Section        0  stm32f10x_it.o(i.HardFault_Handler)
    i.KEY_Init                               0x080006d0   Section        0  key.o(i.KEY_Init)
    i.LED_Init                               0x08000718   Section        0  led.o(i.LED_Init)
    i.LED_OFF                                0x08000754   Section        0  led.o(i.LED_OFF)
    i.LED_ON                                 0x08000764   Section        0  led.o(i.LED_ON)
    i.MemManage_Handler                      0x08000774   Section        0  stm32f10x_it.o(i.MemManage_Handler)
    i.Mem_Clr                                0x08000778   Section        0  lib_mem.o(i.Mem_Clr)
    i.Mem_Init                               0x0800078c   Section        0  lib_mem.o(i.Mem_Init)
    i.Mem_Set                                0x080007d4   Section        0  lib_mem.o(i.Mem_Set)
    i.NMI_Handler                            0x08000836   Section        0  stm32f10x_it.o(i.NMI_Handler)
    i.NVIC_Init                              0x08000838   Section        0  misc.o(i.NVIC_Init)
    i.OSCfg_Init                             0x080008a8   Section        0  os_cfg_app.o(i.OSCfg_Init)
    i.OSIdleTaskHook                         0x080008ac   Section        0  os_cpu_c.o(i.OSIdleTaskHook)
    i.OSInit                                 0x080008c0   Section        0  os_core.o(i.OSInit)
    i.OSInitHook                             0x08000a4c   Section        0  os_cpu_c.o(i.OSInitHook)
    i.OSIntExit                              0x08000a84   Section        0  os_core.o(i.OSIntExit)
    i.OSSched                                0x08000b68   Section        0  os_core.o(i.OSSched)
    i.OSSchedLock                            0x08000c10   Section        0  os_core.o(i.OSSchedLock)
    i.OSSchedRoundRobinCfg                   0x08000c8c   Section        0  os_core.o(i.OSSchedRoundRobinCfg)
    i.OSSchedUnlock                          0x08000cf8   Section        0  os_core.o(i.OSSchedUnlock)
    i.OSStart                                0x08000d98   Section        0  os_core.o(i.OSStart)
    i.OSStatReset                            0x08000e00   Section        0  os_stat.o(i.OSStatReset)
    i.OSStatTaskCPUUsageInit                 0x08000f68   Section        0  os_stat.o(i.OSStatTaskCPUUsageInit)
    i.OSStatTaskHook                         0x08001068   Section        0  os_cpu_c.o(i.OSStatTaskHook)
    i.OSTaskCreate                           0x0800107c   Section        0  os_task.o(i.OSTaskCreate)
    i.OSTaskCreateHook                       0x08001310   Section        0  os_cpu_c.o(i.OSTaskCreateHook)
    i.OSTaskDel                              0x08001328   Section        0  os_task.o(i.OSTaskDel)
    i.OSTaskDelHook                          0x08001530   Section        0  os_cpu_c.o(i.OSTaskDelHook)
    i.OSTaskResume                           0x08001548   Section        0  os_task.o(i.OSTaskResume)
    i.OSTaskReturnHook                       0x080015d0   Section        0  os_cpu_c.o(i.OSTaskReturnHook)
    i.OSTaskSemPend                          0x080015e8   Section        0  os_task.o(i.OSTaskSemPend)
    i.OSTaskStkChk                           0x08001838   Section        0  os_task.o(i.OSTaskStkChk)
    i.OSTaskStkInit                          0x0800191c   Section        0  os_cpu_c.o(i.OSTaskStkInit)
    i.OSTaskSuspend                          0x080019dc   Section        0  os_task.o(i.OSTaskSuspend)
    i.OSTaskSwHook                           0x08001a3c   Section        0  os_cpu_c.o(i.OSTaskSwHook)
    i.OSTimeDly                              0x08001ae0   Section        0  os_time.o(i.OSTimeDly)
    i.OSTimeDlyHMSM                          0x08001c30   Section        0  os_time.o(i.OSTimeDlyHMSM)
    i.OSTimeTick                             0x08001e5c   Section        0  os_time.o(i.OSTimeTick)
    i.OSTimeTickHook                         0x08001ea0   Section        0  os_cpu_c.o(i.OSTimeTickHook)
    i.OS_CPU_SysTickHandler                  0x08001eb4   Section        0  os_cpu_c.o(i.OS_CPU_SysTickHandler)
    i.OS_CPU_SysTickInit                     0x08001ef4   Section        0  os_cpu_c.o(i.OS_CPU_SysTickInit)
    i.OS_Dbg_Init                            0x08001f24   Section        0  os_dbg.o(i.OS_Dbg_Init)
    i.OS_FlagInit                            0x080020d8   Section        0  os_flag.o(i.OS_FlagInit)
    i.OS_FlagPost                            0x080020f0   Section        0  os_flag.o(i.OS_FlagPost)
    i.OS_FlagTaskRdy                         0x0800236c   Section        0  os_flag.o(i.OS_FlagTaskRdy)
    i.OS_IdleTask                            0x080023c4   Section        0  os_core.o(i.OS_IdleTask)
    i.OS_IdleTaskInit                        0x08002410   Section        0  os_core.o(i.OS_IdleTaskInit)
    i.OS_IntQPost                            0x08002480   Section        0  os_int.o(i.OS_IntQPost)
    i.OS_IntQRePost                          0x08002584   Section        0  os_int.o(i.OS_IntQRePost)
    i.OS_IntQTask                            0x08002728   Section        0  os_int.o(i.OS_IntQTask)
    i.OS_IntQTaskInit                        0x080027f0   Section        0  os_int.o(i.OS_IntQTaskInit)
    i.OS_MemInit                             0x08002918   Section        0  os_mem.o(i.OS_MemInit)
    i.OS_MsgPoolInit                         0x08002930   Section        0  os_msg.o(i.OS_MsgPoolInit)
    i.OS_MsgQFreeAll                         0x080029ac   Section        0  os_msg.o(i.OS_MsgQFreeAll)
    i.OS_MsgQInit                            0x080029f0   Section        0  os_msg.o(i.OS_MsgQInit)
    i.OS_MsgQPut                             0x08002a00   Section        0  os_msg.o(i.OS_MsgQPut)
    i.OS_MutexInit                           0x08002b04   Section        0  os_mutex.o(i.OS_MutexInit)
    i.OS_Pend                                0x08002b1c   Section        0  os_core.o(i.OS_Pend)
    i.OS_PendDataInit                        0x08002b84   Section        0  os_core.o(i.OS_PendDataInit)
    i.OS_PendDbgNameAdd                      0x08002bac   Section        0  os_core.o(i.OS_PendDbgNameAdd)
    i.OS_PendDbgNameRemove                   0x08002c08   Section        0  os_core.o(i.OS_PendDbgNameRemove)
    i.OS_PendListInsertPrio                  0x08002c2c   Section        0  os_core.o(i.OS_PendListInsertPrio)
    i.OS_PendListRemove                      0x08002c92   Section        0  os_core.o(i.OS_PendListRemove)
    i.OS_PendListRemove1                     0x08002cc2   Section        0  os_core.o(i.OS_PendListRemove1)
    i.OS_Post                                0x08002d04   Section        0  os_core.o(i.OS_Post)
    i.OS_Post1                               0x08002dc4   Section        0  os_core.o(i.OS_Post1)
    i.OS_PrioGetHighest                      0x08002df0   Section        0  os_prio.o(i.OS_PrioGetHighest)
    i.OS_PrioInit                            0x08002e18   Section        0  os_prio.o(i.OS_PrioInit)
    i.OS_PrioInsert                          0x08002e30   Section        0  os_prio.o(i.OS_PrioInsert)
    i.OS_PrioRemove                          0x08002e54   Section        0  os_prio.o(i.OS_PrioRemove)
    i.OS_QInit                               0x08002e78   Section        0  os_q.o(i.OS_QInit)
    i.OS_QPost                               0x08002e90   Section        0  os_q.o(i.OS_QPost)
    i.OS_RdyListInit                         0x08003018   Section        0  os_core.o(i.OS_RdyListInit)
    i.OS_RdyListInsert                       0x0800303c   Section        0  os_core.o(i.OS_RdyListInsert)
    i.OS_RdyListInsertHead                   0x08003068   Section        0  os_core.o(i.OS_RdyListInsertHead)
    i.OS_RdyListInsertTail                   0x080030a8   Section        0  os_core.o(i.OS_RdyListInsertTail)
    i.OS_RdyListMoveHeadToTail               0x080030e4   Section        0  os_core.o(i.OS_RdyListMoveHeadToTail)
    i.OS_RdyListRemove                       0x08003128   Section        0  os_core.o(i.OS_RdyListRemove)
    i.OS_Sched0                              0x08003184   Section        0  os_core.o(i.OS_Sched0)
    i.OS_SchedLockTimeMeasStart              0x080031e0   Section        0  os_core.o(i.OS_SchedLockTimeMeasStart)
    i.OS_SchedLockTimeMeasStop               0x080031fc   Section        0  os_core.o(i.OS_SchedLockTimeMeasStop)
    i.OS_SchedRoundRobin                     0x08003238   Section        0  os_core.o(i.OS_SchedRoundRobin)
    i.OS_SemInit                             0x08003324   Section        0  os_sem.o(i.OS_SemInit)
    i.OS_SemPost                             0x0800333c   Section        0  os_sem.o(i.OS_SemPost)
    i.OS_StatTask                            0x080034d4   Section        0  os_stat.o(i.OS_StatTask)
    i.OS_StatTaskInit                        0x0800388c   Section        0  os_stat.o(i.OS_StatTaskInit)
    i.OS_TaskBlock                           0x08003958   Section        0  os_core.o(i.OS_TaskBlock)
    i.OS_TaskDbgListAdd                      0x08003990   Section        0  os_task.o(i.OS_TaskDbgListAdd)
    i.OS_TaskDbgListRemove                   0x080039c0   Section        0  os_task.o(i.OS_TaskDbgListRemove)
    i.OS_TaskInit                            0x08003a04   Section        0  os_task.o(i.OS_TaskInit)
    i.OS_TaskInitTCB                         0x08003a24   Section        0  os_task.o(i.OS_TaskInitTCB)
    i.OS_TaskQPost                           0x08003af4   Section        0  os_task.o(i.OS_TaskQPost)
    i.OS_TaskRdy                             0x08003d60   Section        0  os_core.o(i.OS_TaskRdy)
    i.OS_TaskResume                          0x08003d7c   Section        0  os_task.o(i.OS_TaskResume)
    i.OS_TaskReturn                          0x08003ef8   Section        0  os_task.o(i.OS_TaskReturn)
    i.OS_TaskSemPost                         0x08003f10   Section        0  os_task.o(i.OS_TaskSemPost)
    i.OS_TaskSuspend                         0x080044b8   Section        0  os_task.o(i.OS_TaskSuspend)
    i.OS_TickListInit                        0x08004648   Section        0  os_tick.o(i.OS_TickListInit)
    i.OS_TickListInsert                      0x08004670   Section        0  os_tick.o(i.OS_TickListInsert)
    i.OS_TickListRemove                      0x0800482c   Section        0  os_tick.o(i.OS_TickListRemove)
    i.OS_TickListResetPeak                   0x08004864   Section        0  os_tick.o(i.OS_TickListResetPeak)
    i.OS_TickListUpdate                      0x08004888   Section        0  os_tick.o(i.OS_TickListUpdate)
    i.OS_TickTask                            0x08004aa8   Section        0  os_tick.o(i.OS_TickTask)
    i.OS_TickTaskInit                        0x08004ad4   Section        0  os_tick.o(i.OS_TickTaskInit)
    i.OS_TmrInit                             0x08004b8c   Section        0  os_tmr.o(i.OS_TmrInit)
    i.OS_TmrLink                             0x08004cb4   Section        0  os_tmr.o(i.OS_TmrLink)
    i.OS_TmrResetPeak                        0x08004d84   Section        0  os_tmr.o(i.OS_TmrResetPeak)
    i.OS_TmrTask                             0x08004da8   Section        0  os_tmr.o(i.OS_TmrTask)
    i.OS_TmrUnlink                           0x08004e68   Section        0  os_tmr.o(i.OS_TmrUnlink)
    i.RCC_APB2PeriphClockCmd                 0x08004eb8   Section        0  stm32f10x_rcc.o(i.RCC_APB2PeriphClockCmd)
    i.RCC_APB2PeriphResetCmd                 0x08004ed8   Section        0  stm32f10x_rcc.o(i.RCC_APB2PeriphResetCmd)
    i.RCC_GetClocksFreq                      0x08004ef8   Section        0  stm32f10x_rcc.o(i.RCC_GetClocksFreq)
    i.SVC_Handler                            0x08004fcc   Section        0  stm32f10x_it.o(i.SVC_Handler)
    i.SetSysClock                            0x08004fce   Section        0  system_stm32f10x.o(i.SetSysClock)
    SetSysClock                              0x08004fcf   Thumb Code     8  system_stm32f10x.o(i.SetSysClock)
    i.SetSysClockTo72                        0x08004fd8   Section        0  system_stm32f10x.o(i.SetSysClockTo72)
    SetSysClockTo72                          0x08004fd9   Thumb Code   214  system_stm32f10x.o(i.SetSysClockTo72)
    i.SysTick_CLKSourceConfig                0x080050b8   Section        0  misc.o(i.SysTick_CLKSourceConfig)
    i.SysTick_Init                           0x080050e0   Section        0  systick.o(i.SysTick_Init)
    i.SysTick_task                           0x0800511c   Section        0  main.o(i.SysTick_task)
    i.SystemInit                             0x08005220   Section        0  system_stm32f10x.o(i.SystemInit)
    i.USART1_IRQHandler                      0x08005280   Section        0  uart.o(i.USART1_IRQHandler)
    i.USART1_Init                            0x080052bc   Section        0  uart.o(i.USART1_Init)
    i.USART_ClearFlag                        0x0800536c   Section        0  stm32f10x_usart.o(i.USART_ClearFlag)
    i.USART_Cmd                              0x0800537e   Section        0  stm32f10x_usart.o(i.USART_Cmd)
    i.USART_GetFlagStatus                    0x08005396   Section        0  stm32f10x_usart.o(i.USART_GetFlagStatus)
    i.USART_GetITStatus                      0x080053b0   Section        0  stm32f10x_usart.o(i.USART_GetITStatus)
    i.USART_ITConfig                         0x08005404   Section        0  stm32f10x_usart.o(i.USART_ITConfig)
    i.USART_Init                             0x08005450   Section        0  stm32f10x_usart.o(i.USART_Init)
    i.USART_ReceiveData                      0x08005528   Section        0  stm32f10x_usart.o(i.USART_ReceiveData)
    i.USART_SendData                         0x08005532   Section        0  stm32f10x_usart.o(i.USART_SendData)
    i.UsageFault_Handler                     0x0800553a   Section        0  stm32f10x_it.o(i.UsageFault_Handler)
    i.__0printf$6                            0x08005540   Section        0  printf6.o(i.__0printf$6)
    i.__scatterload_copy                     0x08005560   Section       14  handlers.o(i.__scatterload_copy)
    i.__scatterload_null                     0x0800556e   Section        2  handlers.o(i.__scatterload_null)
    i.__scatterload_zeroinit                 0x08005570   Section       14  handlers.o(i.__scatterload_zeroinit)
    i._printf_core                           0x08005580   Section        0  printf6.o(i._printf_core)
    _printf_core                             0x08005581   Thumb Code   748  printf6.o(i._printf_core)
    i._printf_post_padding                   0x08005870   Section        0  printf6.o(i._printf_post_padding)
    _printf_post_padding                     0x08005871   Thumb Code    36  printf6.o(i._printf_post_padding)
    i._printf_pre_padding                    0x08005894   Section        0  printf6.o(i._printf_pre_padding)
    _printf_pre_padding                      0x08005895   Thumb Code    46  printf6.o(i._printf_pre_padding)
    i.fputc                                  0x080058c4   Section        0  uart.o(i.fputc)
    i.led1_task                              0x080058e8   Section        0  main.o(i.led1_task)
    i.main                                   0x0800592c   Section        0  main.o(i.main)
    i.start_task                             0x080059a8   Section        0  main.o(i.start_task)
    .constdata                               0x08005b3c   Section      164  os_cfg_app.o(.constdata)
    .constdata                               0x08005be0   Section      364  os_dbg.o(.constdata)
    .conststring                             0x08005d4c   Section       69  main.o(.conststring)
    .data                                    0x20000000   Section        4  systick.o(.data)
    fac_us                                   0x20000000   Data           1  systick.o(.data)
    fac_ms                                   0x20000002   Data           2  systick.o(.data)
    .data                                    0x20000004   Section       20  stm32f10x_rcc.o(.data)
    APBAHBPrescTable                         0x20000004   Data          16  stm32f10x_rcc.o(.data)
    ADCPrescTable                            0x20000014   Data           4  stm32f10x_rcc.o(.data)
    .data                                    0x20000018   Section       28  cpu_core.o(.data)
    .data                                    0x20000034   Section        4  lib_mem.o(.data)
    .data                                    0x20000038   Section        4  os_prio.o(.data)
    .data                                    0x2000003c   Section      208  os_var.o(.data)
    .data                                    0x2000010c   Section        4  os_cpu_c.o(.data)
    .data                                    0x20000110   Section        4  stdout.o(.data)
    .bss                                     0x20000114   Section     3672  main.o(.bss)
    .bss                                     0x20000f6c   Section       16  cpu_core.o(.bss)
    .bss                                     0x20000f7c   Section     3144  lib_mem.o(.bss)
    .bss                                     0x20001bc4   Section     5264  os_cfg_app.o(.bss)
    .bss                                     0x20003054   Section     1396  os_var.o(.bss)
    STACK                                    0x200035c8   Section     1024  startup_stm32f10x_hd.o(STACK)

    Global Symbols

    Symbol Name                              Value     Ov Type        Size  Object(Section)

    BuildAttributes$$THM_ISAv4$P$D$K$B$S$PE$A:L22UL41UL21$X:L11$S22US41US21$IEEE1$IW$USESV6$~STKCKD$USESV7$~SHL$OSPACE$ROPI$EBA8$MICROLIB$REQ8$PRES8$EABIv2 0x00000000   Number         0  anon$$obj.o ABSOLUTE
    __ARM_use_no_argv                        0x00000000   Number         0  main.o ABSOLUTE
    _printf_a                                0x00000000   Number         0  stubs.o ABSOLUTE
    _printf_c                                0x00000000   Number         0  stubs.o ABSOLUTE
    _printf_charcount                        0x00000000   Number         0  stubs.o ABSOLUTE
    _printf_d                                0x00000000   Number         0  stubs.o ABSOLUTE
    _printf_e                                0x00000000   Number         0  stubs.o ABSOLUTE
    _printf_f                                0x00000000   Number         0  stubs.o ABSOLUTE
    _printf_flags                            0x00000000   Number         0  stubs.o ABSOLUTE
    _printf_fp_dec                           0x00000000   Number         0  stubs.o ABSOLUTE
    _printf_fp_hex                           0x00000000   Number         0  stubs.o ABSOLUTE
    _printf_g                                0x00000000   Number         0  stubs.o ABSOLUTE
    _printf_i                                0x00000000   Number         0  stubs.o ABSOLUTE
    _printf_int_dec                          0x00000000   Number         0  stubs.o ABSOLUTE
    _printf_l                                0x00000000   Number         0  stubs.o ABSOLUTE
    _printf_lc                               0x00000000   Number         0  stubs.o ABSOLUTE
    _printf_ll                               0x00000000   Number         0  stubs.o ABSOLUTE
    _printf_lld                              0x00000000   Number         0  stubs.o ABSOLUTE
    _printf_lli                              0x00000000   Number         0  stubs.o ABSOLUTE
    _printf_llo                              0x00000000   Number         0  stubs.o ABSOLUTE
    _printf_llu                              0x00000000   Number         0  stubs.o ABSOLUTE
    _printf_llx                              0x00000000   Number         0  stubs.o ABSOLUTE
    _printf_longlong_dec                     0x00000000   Number         0  stubs.o ABSOLUTE
    _printf_longlong_hex                     0x00000000   Number         0  stubs.o ABSOLUTE
    _printf_longlong_oct                     0x00000000   Number         0  stubs.o ABSOLUTE
    _printf_ls                               0x00000000   Number         0  stubs.o ABSOLUTE
    _printf_mbtowc                           0x00000000   Number         0  stubs.o ABSOLUTE
    _printf_n                                0x00000000   Number         0  stubs.o ABSOLUTE
    _printf_o                                0x00000000   Number         0  stubs.o ABSOLUTE
    _printf_p                                0x00000000   Number         0  stubs.o ABSOLUTE
    _printf_percent                          0x00000000   Number         0  stubs.o ABSOLUTE
    _printf_pre_padding                      0x00000000   Number         0  stubs.o ABSOLUTE
    _printf_return_value                     0x00000000   Number         0  stubs.o ABSOLUTE
    _printf_s                                0x00000000   Number         0  stubs.o ABSOLUTE
    _printf_sizespec                         0x00000000   Number         0  stubs.o ABSOLUTE
    _printf_str                              0x00000000   Number         0  stubs.o ABSOLUTE
    _printf_truncate_signed                  0x00000000   Number         0  stubs.o ABSOLUTE
    _printf_truncate_unsigned                0x00000000   Number         0  stubs.o ABSOLUTE
    _printf_u                                0x00000000   Number         0  stubs.o ABSOLUTE
    _printf_wc                               0x00000000   Number         0  stubs.o ABSOLUTE
    _printf_wctomb                           0x00000000   Number         0  stubs.o ABSOLUTE
    _printf_widthprec                        0x00000000   Number         0  stubs.o ABSOLUTE
    _printf_x                                0x00000000   Number         0  stubs.o ABSOLUTE
    __cpp_initialize__aeabi_                  - Undefined Weak Reference
    __cxa_finalize                            - Undefined Weak Reference
    __decompress                              - Undefined Weak Reference
    _clock_init                               - Undefined Weak Reference
    _microlib_exit                            - Undefined Weak Reference
    __Vectors_Size                           0x00000130   Number         0  startup_stm32f10x_hd.o ABSOLUTE
    __Vectors                                0x08000000   Data           4  startup_stm32f10x_hd.o(RESET)
    __Vectors_End                            0x08000130   Data           0  startup_stm32f10x_hd.o(RESET)
    __main                                   0x08000131   Thumb Code     0  entry.o(.ARM.Collect$$$$00000000)
    _main_stk                                0x08000131   Thumb Code     0  entry2.o(.ARM.Collect$$$$00000001)
    _main_scatterload                        0x08000135   Thumb Code     0  entry5.o(.ARM.Collect$$$$00000004)
    __main_after_scatterload                 0x08000139   Thumb Code     0  entry5.o(.ARM.Collect$$$$00000004)
    _main_clock                              0x08000139   Thumb Code     0  entry7b.o(.ARM.Collect$$$$00000008)
    _main_cpp_init                           0x08000139   Thumb Code     0  entry8b.o(.ARM.Collect$$$$0000000A)
    _main_init                               0x08000139   Thumb Code     0  entry9a.o(.ARM.Collect$$$$0000000B)
    __rt_final_cpp                           0x08000141   Thumb Code     0  entry10a.o(.ARM.Collect$$$$0000000D)
    __rt_final_exit                          0x08000141   Thumb Code     0  entry11a.o(.ARM.Collect$$$$0000000F)
    Reset_Handler                            0x08000145   Thumb Code     8  startup_stm32f10x_hd.o(.text)
    ADC1_2_IRQHandler                        0x0800015f   Thumb Code     0  startup_stm32f10x_hd.o(.text)
    ADC3_IRQHandler                          0x0800015f   Thumb Code     0  startup_stm32f10x_hd.o(.text)
    CAN1_RX1_IRQHandler                      0x0800015f   Thumb Code     0  startup_stm32f10x_hd.o(.text)
    CAN1_SCE_IRQHandler                      0x0800015f   Thumb Code     0  startup_stm32f10x_hd.o(.text)
    DMA1_Channel1_IRQHandler                 0x0800015f   Thumb Code     0  startup_stm32f10x_hd.o(.text)
    DMA1_Channel2_IRQHandler                 0x0800015f   Thumb Code     0  startup_stm32f10x_hd.o(.text)
    DMA1_Channel3_IRQHandler                 0x0800015f   Thumb Code     0  startup_stm32f10x_hd.o(.text)
    DMA1_Channel4_IRQHandler                 0x0800015f   Thumb Code     0  startup_stm32f10x_hd.o(.text)
    DMA1_Channel5_IRQHandler                 0x0800015f   Thumb Code     0  startup_stm32f10x_hd.o(.text)
    DMA1_Channel6_IRQHandler                 0x0800015f   Thumb Code     0  startup_stm32f10x_hd.o(.text)
    DMA1_Channel7_IRQHandler                 0x0800015f   Thumb Code     0  startup_stm32f10x_hd.o(.text)
    DMA2_Channel1_IRQHandler                 0x0800015f   Thumb Code     0  startup_stm32f10x_hd.o(.text)
    DMA2_Channel2_IRQHandler                 0x0800015f   Thumb Code     0  startup_stm32f10x_hd.o(.text)
    DMA2_Channel3_IRQHandler                 0x0800015f   Thumb Code     0  startup_stm32f10x_hd.o(.text)
    DMA2_Channel4_5_IRQHandler               0x0800015f   Thumb Code     0  startup_stm32f10x_hd.o(.text)
    EXTI0_IRQHandler                         0x0800015f   Thumb Code     0  startup_stm32f10x_hd.o(.text)
    EXTI15_10_IRQHandler                     0x0800015f   Thumb Code     0  startup_stm32f10x_hd.o(.text)
    EXTI1_IRQHandler                         0x0800015f   Thumb Code     0  startup_stm32f10x_hd.o(.text)
    EXTI2_IRQHandler                         0x0800015f   Thumb Code     0  startup_stm32f10x_hd.o(.text)
    EXTI3_IRQHandler                         0x0800015f   Thumb Code     0  startup_stm32f10x_hd.o(.text)
    EXTI4_IRQHandler                         0x0800015f   Thumb Code     0  startup_stm32f10x_hd.o(.text)
    EXTI9_5_IRQHandler                       0x0800015f   Thumb Code     0  startup_stm32f10x_hd.o(.text)
    FLASH_IRQHandler                         0x0800015f   Thumb Code     0  startup_stm32f10x_hd.o(.text)
    FSMC_IRQHandler                          0x0800015f   Thumb Code     0  startup_stm32f10x_hd.o(.text)
    I2C1_ER_IRQHandler                       0x0800015f   Thumb Code     0  startup_stm32f10x_hd.o(.text)
    I2C1_EV_IRQHandler                       0x0800015f   Thumb Code     0  startup_stm32f10x_hd.o(.text)
    I2C2_ER_IRQHandler                       0x0800015f   Thumb Code     0  startup_stm32f10x_hd.o(.text)
    I2C2_EV_IRQHandler                       0x0800015f   Thumb Code     0  startup_stm32f10x_hd.o(.text)
    PVD_IRQHandler                           0x0800015f   Thumb Code     0  startup_stm32f10x_hd.o(.text)
    RCC_IRQHandler                           0x0800015f   Thumb Code     0  startup_stm32f10x_hd.o(.text)
    RTCAlarm_IRQHandler                      0x0800015f   Thumb Code     0  startup_stm32f10x_hd.o(.text)
    RTC_IRQHandler                           0x0800015f   Thumb Code     0  startup_stm32f10x_hd.o(.text)
    SDIO_IRQHandler                          0x0800015f   Thumb Code     0  startup_stm32f10x_hd.o(.text)
    SPI1_IRQHandler                          0x0800015f   Thumb Code     0  startup_stm32f10x_hd.o(.text)
    SPI2_IRQHandler                          0x0800015f   Thumb Code     0  startup_stm32f10x_hd.o(.text)
    SPI3_IRQHandler                          0x0800015f   Thumb Code     0  startup_stm32f10x_hd.o(.text)
    TAMPER_IRQHandler                        0x0800015f   Thumb Code     0  startup_stm32f10x_hd.o(.text)
    TIM1_BRK_IRQHandler                      0x0800015f   Thumb Code     0  startup_stm32f10x_hd.o(.text)
    TIM1_CC_IRQHandler                       0x0800015f   Thumb Code     0  startup_stm32f10x_hd.o(.text)
    TIM1_TRG_COM_IRQHandler                  0x0800015f   Thumb Code     0  startup_stm32f10x_hd.o(.text)
    TIM1_UP_IRQHandler                       0x0800015f   Thumb Code     0  startup_stm32f10x_hd.o(.text)
    TIM2_IRQHandler                          0x0800015f   Thumb Code     0  startup_stm32f10x_hd.o(.text)
    TIM3_IRQHandler                          0x0800015f   Thumb Code     0  startup_stm32f10x_hd.o(.text)
    TIM4_IRQHandler                          0x0800015f   Thumb Code     0  startup_stm32f10x_hd.o(.text)
    TIM5_IRQHandler                          0x0800015f   Thumb Code     0  startup_stm32f10x_hd.o(.text)
    TIM6_IRQHandler                          0x0800015f   Thumb Code     0  startup_stm32f10x_hd.o(.text)
    TIM7_IRQHandler                          0x0800015f   Thumb Code     0  startup_stm32f10x_hd.o(.text)
    TIM8_BRK_IRQHandler                      0x0800015f   Thumb Code     0  startup_stm32f10x_hd.o(.text)
    TIM8_CC_IRQHandler                       0x0800015f   Thumb Code     0  startup_stm32f10x_hd.o(.text)
    TIM8_TRG_COM_IRQHandler                  0x0800015f   Thumb Code     0  startup_stm32f10x_hd.o(.text)
    TIM8_UP_IRQHandler                       0x0800015f   Thumb Code     0  startup_stm32f10x_hd.o(.text)
    UART4_IRQHandler                         0x0800015f   Thumb Code     0  startup_stm32f10x_hd.o(.text)
    UART5_IRQHandler                         0x0800015f   Thumb Code     0  startup_stm32f10x_hd.o(.text)
    USART2_IRQHandler                        0x0800015f   Thumb Code     0  startup_stm32f10x_hd.o(.text)
    USART3_IRQHandler                        0x0800015f   Thumb Code     0  startup_stm32f10x_hd.o(.text)
    USBWakeUp_IRQHandler                     0x0800015f   Thumb Code     0  startup_stm32f10x_hd.o(.text)
    USB_HP_CAN1_TX_IRQHandler                0x0800015f   Thumb Code     0  startup_stm32f10x_hd.o(.text)
    USB_LP_CAN1_RX0_IRQHandler               0x0800015f   Thumb Code     0  startup_stm32f10x_hd.o(.text)
    WWDG_IRQHandler                          0x0800015f   Thumb Code     0  startup_stm32f10x_hd.o(.text)
    CPU_IntDis                               0x08000169   Thumb Code     0  cpu_a.o(.text)
    CPU_IntEn                                0x0800016d   Thumb Code     0  cpu_a.o(.text)
    CPU_SR_Save                              0x08000171   Thumb Code     0  cpu_a.o(.text)
    CPU_SR_Restore                           0x08000179   Thumb Code     0  cpu_a.o(.text)
    CPU_WaitForInt                           0x0800017f   Thumb Code     0  cpu_a.o(.text)
    CPU_WaitForExcept                        0x08000183   Thumb Code     0  cpu_a.o(.text)
    CPU_CntLeadZeros                         0x08000187   Thumb Code     0  cpu_a.o(.text)
    CPU_CntTrailZeros                        0x0800018d   Thumb Code     0  cpu_a.o(.text)
    CPU_RevBits                              0x08000197   Thumb Code     0  cpu_a.o(.text)
    __aeabi_uidiv                            0x0800019d   Thumb Code     0  uidiv.o(.text)
    __aeabi_uidivmod                         0x0800019d   Thumb Code    44  uidiv.o(.text)
    __scatterload                            0x080001c9   Thumb Code    28  init.o(.text)
    __scatterload_rt2                        0x080001c9   Thumb Code     0  init.o(.text)
    OSStartHighRdy                           0x080001ed   Thumb Code     0  os_cpu_a.o(CODE)
    OS_CPU_PendSVHandler                     0x0800020f   Thumb Code     0  os_cpu_a.o(CODE)
    BSP_CPU_ClkFreq                          0x08000271   Thumb Code    16  bsp.o(i.BSP_CPU_ClkFreq)
    BusFault_Handler                         0x08000281   Thumb Code     4  stm32f10x_it.o(i.BusFault_Handler)
    CPU_Init                                 0x08000285   Thumb Code    16  cpu_core.o(i.CPU_Init)
    CPU_IntDisMeasMaxCurGet                  0x08000335   Thumb Code    40  cpu_core.o(i.CPU_IntDisMeasMaxCurGet)
    CPU_IntDisMeasMaxCurReset                0x08000361   Thumb Code    40  cpu_core.o(i.CPU_IntDisMeasMaxCurReset)
    CPU_IntDisMeasMaxGet                     0x0800038d   Thumb Code    40  cpu_core.o(i.CPU_IntDisMeasMaxGet)
    CPU_IntDisMeasStart                      0x080003b9   Thumb Code    38  cpu_core.o(i.CPU_IntDisMeasStart)
    CPU_IntDisMeasStop                       0x080003ed   Thumb Code    62  cpu_core.o(i.CPU_IntDisMeasStop)
    CPU_NameClr                              0x08000441   Thumb Code    50  cpu_core.o(i.CPU_NameClr)
    CPU_TS_TmrFreqSet                        0x08000495   Thumb Code     6  cpu_core.o(i.CPU_TS_TmrFreqSet)
    CPU_TS_TmrInit                           0x080004a1   Thumb Code    44  bsp.o(i.CPU_TS_TmrInit)
    CPU_TS_TmrRd                             0x080004d5   Thumb Code     6  bsp.o(i.CPU_TS_TmrRd)
    DebugMon_Handler                         0x080004e1   Thumb Code     2  stm32f10x_it.o(i.DebugMon_Handler)
    GPIO_DeInit                              0x080004e5   Thumb Code   172  stm32f10x_gpio.o(i.GPIO_DeInit)
    GPIO_Init                                0x080005ad   Thumb Code   278  stm32f10x_gpio.o(i.GPIO_Init)
    GPIO_ResetBits                           0x080006c3   Thumb Code     4  stm32f10x_gpio.o(i.GPIO_ResetBits)
    GPIO_SetBits                             0x080006c7   Thumb Code     4  stm32f10x_gpio.o(i.GPIO_SetBits)
    HardFault_Handler                        0x080006cb   Thumb Code     4  stm32f10x_it.o(i.HardFault_Handler)
    KEY_Init                                 0x080006d1   Thumb Code    64  key.o(i.KEY_Init)
    LED_Init                                 0x08000719   Thumb Code    56  led.o(i.LED_Init)
    LED_OFF                                  0x08000755   Thumb Code    16  led.o(i.LED_OFF)
    LED_ON                                   0x08000765   Thumb Code    16  led.o(i.LED_ON)
    MemManage_Handler                        0x08000775   Thumb Code     4  stm32f10x_it.o(i.MemManage_Handler)
    Mem_Clr                                  0x08000779   Thumb Code    18  lib_mem.o(i.Mem_Clr)
    Mem_Init                                 0x0800078d   Thumb Code    54  lib_mem.o(i.Mem_Init)
    Mem_Set                                  0x080007d5   Thumb Code    98  lib_mem.o(i.Mem_Set)
    NMI_Handler                              0x08000837   Thumb Code     2  stm32f10x_it.o(i.NMI_Handler)
    NVIC_Init                                0x08000839   Thumb Code   100  misc.o(i.NVIC_Init)
    OSCfg_Init                               0x080008a9   Thumb Code     2  os_cfg_app.o(i.OSCfg_Init)
    OSIdleTaskHook                           0x080008ad   Thumb Code    16  os_cpu_c.o(i.OSIdleTaskHook)
    OSInit                                   0x080008c1   Thumb Code   300  os_core.o(i.OSInit)
    OSInitHook                               0x08000a4d   Thumb Code    42  os_cpu_c.o(i.OSInitHook)
    OSIntExit                                0x08000a85   Thumb Code   192  os_core.o(i.OSIntExit)
    OSSched                                  0x08000b69   Thumb Code   134  os_core.o(i.OSSched)
    OSSchedLock                              0x08000c11   Thumb Code   112  os_core.o(i.OSSchedLock)
    OSSchedRoundRobinCfg                     0x08000c8d   Thumb Code    96  os_core.o(i.OSSchedRoundRobinCfg)
    OSSchedUnlock                            0x08000cf9   Thumb Code   148  os_core.o(i.OSSchedUnlock)
    OSStart                                  0x08000d99   Thumb Code    78  os_core.o(i.OSStart)
    OSStatReset                              0x08000e01   Thumb Code   316  os_stat.o(i.OSStatReset)
    OSStatTaskCPUUsageInit                   0x08000f69   Thumb Code   228  os_stat.o(i.OSStatTaskCPUUsageInit)
    OSStatTaskHook                           0x08001069   Thumb Code    16  os_cpu_c.o(i.OSStatTaskHook)
    OSTaskCreate                             0x0800107d   Thumb Code   624  os_task.o(i.OSTaskCreate)
    OSTaskCreateHook                         0x08001311   Thumb Code    20  os_cpu_c.o(i.OSTaskCreateHook)
    OSTaskDel                                0x08001329   Thumb Code   490  os_task.o(i.OSTaskDel)
    OSTaskDelHook                            0x08001531   Thumb Code    20  os_cpu_c.o(i.OSTaskDelHook)
    OSTaskResume                             0x08001549   Thumb Code   124  os_task.o(i.OSTaskResume)
    OSTaskReturnHook                         0x080015d1   Thumb Code    20  os_cpu_c.o(i.OSTaskReturnHook)
    OSTaskSemPend                            0x080015e9   Thumb Code   578  os_task.o(i.OSTaskSemPend)
    OSTaskStkChk                             0x08001839   Thumb Code   220  os_task.o(i.OSTaskStkChk)
    OSTaskStkInit                            0x0800191d   Thumb Code   188  os_cpu_c.o(i.OSTaskStkInit)
    OSTaskSuspend                            0x080019dd   Thumb Code    78  os_task.o(i.OSTaskSuspend)
    OSTaskSwHook                             0x08001a3d   Thumb Code   146  os_cpu_c.o(i.OSTaskSwHook)
    OSTimeDly                                0x08001ae1   Thumb Code   322  os_time.o(i.OSTimeDly)
    OSTimeDlyHMSM                            0x08001c31   Thumb Code   538  os_time.o(i.OSTimeDlyHMSM)
    OSTimeTick                               0x08001e5d   Thumb Code    54  os_time.o(i.OSTimeTick)
    OSTimeTickHook                           0x08001ea1   Thumb Code    16  os_cpu_c.o(i.OSTimeTickHook)
    OS_CPU_SysTickHandler                    0x08001eb5   Thumb Code    60  os_cpu_c.o(i.OS_CPU_SysTickHandler)
    OS_CPU_SysTickInit                       0x08001ef5   Thumb Code    44  os_cpu_c.o(i.OS_CPU_SysTickInit)
    OS_Dbg_Init                              0x08001f25   Thumb Code   150  os_dbg.o(i.OS_Dbg_Init)
    OS_FlagInit                              0x080020d9   Thumb Code    14  os_flag.o(i.OS_FlagInit)
    OS_FlagPost                              0x080020f1   Thumb Code   626  os_flag.o(i.OS_FlagPost)
    OS_FlagTaskRdy                           0x0800236d   Thumb Code    86  os_flag.o(i.OS_FlagTaskRdy)
    OS_IdleTask                              0x080023c5   Thumb Code    68  os_core.o(i.OS_IdleTask)
    OS_IdleTaskInit                          0x08002411   Thumb Code    66  os_core.o(i.OS_IdleTaskInit)
    OS_IntQPost                              0x08002481   Thumb Code   224  os_int.o(i.OS_IntQPost)
    OS_IntQRePost                            0x08002585   Thumb Code   360  os_int.o(i.OS_IntQRePost)
    OS_IntQTask                              0x08002729   Thumb Code   182  os_int.o(i.OS_IntQTask)
    OS_IntQTaskInit                          0x080027f1   Thumb Code   206  os_int.o(i.OS_IntQTaskInit)
    OS_MemInit                               0x08002919   Thumb Code    14  os_mem.o(i.OS_MemInit)
    OS_MsgPoolInit                           0x08002931   Thumb Code   110  os_msg.o(i.OS_MsgPoolInit)
    OS_MsgQFreeAll                           0x080029ad   Thumb Code    62  os_msg.o(i.OS_MsgQFreeAll)
    OS_MsgQInit                              0x080029f1   Thumb Code    14  os_msg.o(i.OS_MsgQInit)
    OS_MsgQPut                               0x08002a01   Thumb Code   254  os_msg.o(i.OS_MsgQPut)
    OS_MutexInit                             0x08002b05   Thumb Code    14  os_mutex.o(i.OS_MutexInit)
    OS_Pend                                  0x08002b1d   Thumb Code    98  os_core.o(i.OS_Pend)
    OS_PendDataInit                          0x08002b85   Thumb Code    38  os_core.o(i.OS_PendDataInit)
    OS_PendDbgNameAdd                        0x08002bad   Thumb Code    66  os_core.o(i.OS_PendDbgNameAdd)
    OS_PendDbgNameRemove                     0x08002c09   Thumb Code    30  os_core.o(i.OS_PendDbgNameRemove)
    OS_PendListInsertPrio                    0x08002c2d   Thumb Code   102  os_core.o(i.OS_PendListInsertPrio)
    OS_PendListRemove                        0x08002c93   Thumb Code    48  os_core.o(i.OS_PendListRemove)
    OS_PendListRemove1                       0x08002cc3   Thumb Code    66  os_core.o(i.OS_PendListRemove1)
    OS_Post                                  0x08002d05   Thumb Code   192  os_core.o(i.OS_Post)
    OS_Post1                                 0x08002dc5   Thumb Code    42  os_core.o(i.OS_Post1)
    OS_PrioGetHighest                        0x08002df1   Thumb Code    36  os_prio.o(i.OS_PrioGetHighest)
    OS_PrioInit                              0x08002e19   Thumb Code    20  os_prio.o(i.OS_PrioInit)
    OS_PrioInsert                            0x08002e31   Thumb Code    32  os_prio.o(i.OS_PrioInsert)
    OS_PrioRemove                            0x08002e55   Thumb Code    32  os_prio.o(i.OS_PrioRemove)
    OS_QInit                                 0x08002e79   Thumb Code    14  os_q.o(i.OS_QInit)
    OS_QPost                                 0x08002e91   Thumb Code   382  os_q.o(i.OS_QPost)
    OS_RdyListInit                           0x08003019   Thumb Code    32  os_core.o(i.OS_RdyListInit)
    OS_RdyListInsert                         0x0800303d   Thumb Code    40  os_core.o(i.OS_RdyListInsert)
    OS_RdyListInsertHead                     0x08003069   Thumb Code    58  os_core.o(i.OS_RdyListInsertHead)
    OS_RdyListInsertTail                     0x080030a9   Thumb Code    56  os_core.o(i.OS_RdyListInsertTail)
    OS_RdyListMoveHeadToTail                 0x080030e5   Thumb Code    68  os_core.o(i.OS_RdyListMoveHeadToTail)
    OS_RdyListRemove                         0x08003129   Thumb Code    86  os_core.o(i.OS_RdyListRemove)
    OS_Sched0                                0x08003185   Thumb Code    72  os_core.o(i.OS_Sched0)
    OS_SchedLockTimeMeasStart                0x080031e1   Thumb Code    20  os_core.o(i.OS_SchedLockTimeMeasStart)
    OS_SchedLockTimeMeasStop                 0x080031fd   Thumb Code    44  os_core.o(i.OS_SchedLockTimeMeasStop)
    OS_SchedRoundRobin                       0x08003239   Thumb Code   218  os_core.o(i.OS_SchedRoundRobin)
    OS_SemInit                               0x08003325   Thumb Code    14  os_sem.o(i.OS_SemInit)
    OS_SemPost                               0x0800333d   Thumb Code   404  os_sem.o(i.OS_SemPost)
    OS_StatTask                              0x080034d5   Thumb Code   878  os_stat.o(i.OS_StatTask)
    OS_StatTaskInit                          0x0800388d   Thumb Code   136  os_stat.o(i.OS_StatTaskInit)
    OS_TaskBlock                             0x08003959   Thumb Code    56  os_core.o(i.OS_TaskBlock)
    OS_TaskDbgListAdd                        0x08003991   Thumb Code    42  os_task.o(i.OS_TaskDbgListAdd)
    OS_TaskDbgListRemove                     0x080039c1   Thumb Code    64  os_task.o(i.OS_TaskDbgListRemove)
    OS_TaskInit                              0x08003a05   Thumb Code    18  os_task.o(i.OS_TaskInit)
    OS_TaskInitTCB                           0x08003a25   Thumb Code   194  os_task.o(i.OS_TaskInitTCB)
    OS_TaskQPost                             0x08003af5   Thumb Code   606  os_task.o(i.OS_TaskQPost)
    OS_TaskRdy                               0x08003d61   Thumb Code    28  os_core.o(i.OS_TaskRdy)
    OS_TaskResume                            0x08003d7d   Thumb Code   374  os_task.o(i.OS_TaskResume)
    OS_TaskReturn                            0x08003ef9   Thumb Code    20  os_task.o(i.OS_TaskReturn)
    OS_TaskSemPost                           0x08003f11   Thumb Code  1438  os_task.o(i.OS_TaskSemPost)
    OS_TaskSuspend                           0x080044b9   Thumb Code   392  os_task.o(i.OS_TaskSuspend)
    OS_TickListInit                          0x08004649   Thumb Code    32  os_tick.o(i.OS_TickListInit)
    OS_TickListInsert                        0x08004671   Thumb Code   430  os_tick.o(i.OS_TickListInsert)
    OS_TickListRemove                        0x0800482d   Thumb Code    56  os_tick.o(i.OS_TickListRemove)
    OS_TickListResetPeak                     0x08004865   Thumb Code    28  os_tick.o(i.OS_TickListResetPeak)
    OS_TickListUpdate                        0x08004889   Thumb Code   520  os_tick.o(i.OS_TickListUpdate)
    OS_TickTask                              0x08004aa9   Thumb Code    38  os_tick.o(i.OS_TickTask)
    OS_TickTaskInit                          0x08004ad5   Thumb Code   128  os_tick.o(i.OS_TickTaskInit)
    OS_TmrInit                               0x08004b8d   Thumb Code   206  os_tmr.o(i.OS_TmrInit)
    OS_TmrLink                               0x08004cb5   Thumb Code   196  os_tmr.o(i.OS_TmrLink)
    OS_TmrResetPeak                          0x08004d85   Thumb Code    28  os_tmr.o(i.OS_TmrResetPeak)
    OS_TmrTask                               0x08004da9   Thumb Code   176  os_tmr.o(i.OS_TmrTask)
    OS_TmrUnlink                             0x08004e69   Thumb Code    72  os_tmr.o(i.OS_TmrUnlink)
    RCC_APB2PeriphClockCmd                   0x08004eb9   Thumb Code    26  stm32f10x_rcc.o(i.RCC_APB2PeriphClockCmd)
    RCC_APB2PeriphResetCmd                   0x08004ed9   Thumb Code    26  stm32f10x_rcc.o(i.RCC_APB2PeriphResetCmd)
    RCC_GetClocksFreq                        0x08004ef9   Thumb Code   192  stm32f10x_rcc.o(i.RCC_GetClocksFreq)
    SVC_Handler                              0x08004fcd   Thumb Code     2  stm32f10x_it.o(i.SVC_Handler)
    SysTick_CLKSourceConfig                  0x080050b9   Thumb Code    40  misc.o(i.SysTick_CLKSourceConfig)
    SysTick_Init                             0x080050e1   Thumb Code    52  systick.o(i.SysTick_Init)
    SysTick_task                             0x0800511d   Thumb Code   244  main.o(i.SysTick_task)
    SystemInit                               0x08005221   Thumb Code    78  system_stm32f10x.o(i.SystemInit)
    USART1_IRQHandler                        0x08005281   Thumb Code    54  uart.o(i.USART1_IRQHandler)
    USART1_Init                              0x080052bd   Thumb Code   166  uart.o(i.USART1_Init)
    USART_ClearFlag                          0x0800536d   Thumb Code    18  stm32f10x_usart.o(i.USART_ClearFlag)
    USART_Cmd                                0x0800537f   Thumb Code    24  stm32f10x_usart.o(i.USART_Cmd)
    USART_GetFlagStatus                      0x08005397   Thumb Code    26  stm32f10x_usart.o(i.USART_GetFlagStatus)
    USART_GetITStatus                        0x080053b1   Thumb Code    84  stm32f10x_usart.o(i.USART_GetITStatus)
    USART_ITConfig                           0x08005405   Thumb Code    74  stm32f10x_usart.o(i.USART_ITConfig)
    USART_Init                               0x08005451   Thumb Code   210  stm32f10x_usart.o(i.USART_Init)
    USART_ReceiveData                        0x08005529   Thumb Code    10  stm32f10x_usart.o(i.USART_ReceiveData)
    USART_SendData                           0x08005533   Thumb Code     8  stm32f10x_usart.o(i.USART_SendData)
    UsageFault_Handler                       0x0800553b   Thumb Code     4  stm32f10x_it.o(i.UsageFault_Handler)
    __0printf$6                              0x08005541   Thumb Code    22  printf6.o(i.__0printf$6)
    __1printf$6                              0x08005541   Thumb Code     0  printf6.o(i.__0printf$6)
    __2printf                                0x08005541   Thumb Code     0  printf6.o(i.__0printf$6)
    __scatterload_copy                       0x08005561   Thumb Code    14  handlers.o(i.__scatterload_copy)
    __scatterload_null                       0x0800556f   Thumb Code     2  handlers.o(i.__scatterload_null)
    __scatterload_zeroinit                   0x08005571   Thumb Code    14  handlers.o(i.__scatterload_zeroinit)
    fputc                                    0x080058c5   Thumb Code    32  uart.o(i.fputc)
    led1_task                                0x080058e9   Thumb Code    64  main.o(i.led1_task)
    main                                     0x0800592d   Thumb Code    94  main.o(i.main)
    start_task                               0x080059a9   Thumb Code   334  main.o(i.start_task)
    OSCfg_IdleTaskStkBasePtr                 0x08005b3c   Data           4  os_cfg_app.o(.constdata)
    OSCfg_IdleTaskStkLimit                   0x08005b40   Data           4  os_cfg_app.o(.constdata)
    OSCfg_IdleTaskStkSize                    0x08005b44   Data           4  os_cfg_app.o(.constdata)
    OSCfg_IdleTaskStkSizeRAM                 0x08005b48   Data           4  os_cfg_app.o(.constdata)
    OSCfg_IntQBasePtr                        0x08005b4c   Data           4  os_cfg_app.o(.constdata)
    OSCfg_IntQSize                           0x08005b50   Data           2  os_cfg_app.o(.constdata)
    OSCfg_IntQSizeRAM                        0x08005b54   Data           4  os_cfg_app.o(.constdata)
    OSCfg_IntQTaskStkBasePtr                 0x08005b58   Data           4  os_cfg_app.o(.constdata)
    OSCfg_IntQTaskStkLimit                   0x08005b5c   Data           4  os_cfg_app.o(.constdata)
    OSCfg_IntQTaskStkSize                    0x08005b60   Data           4  os_cfg_app.o(.constdata)
    OSCfg_IntQTaskStkSizeRAM                 0x08005b64   Data           4  os_cfg_app.o(.constdata)
    OSCfg_ISRStkBasePtr                      0x08005b68   Data           4  os_cfg_app.o(.constdata)
    OSCfg_ISRStkSize                         0x08005b6c   Data           4  os_cfg_app.o(.constdata)
    OSCfg_ISRStkSizeRAM                      0x08005b70   Data           4  os_cfg_app.o(.constdata)
    OSCfg_MsgPoolSize                        0x08005b74   Data           2  os_cfg_app.o(.constdata)
    OSCfg_MsgPoolSizeRAM                     0x08005b78   Data           4  os_cfg_app.o(.constdata)
    OSCfg_MsgPoolBasePtr                     0x08005b7c   Data           4  os_cfg_app.o(.constdata)
    OSCfg_StatTaskPrio                       0x08005b80   Data           1  os_cfg_app.o(.constdata)
    OSCfg_StatTaskRate_Hz                    0x08005b84   Data           4  os_cfg_app.o(.constdata)
    OSCfg_StatTaskStkBasePtr                 0x08005b88   Data           4  os_cfg_app.o(.constdata)
    OSCfg_StatTaskStkLimit                   0x08005b8c   Data           4  os_cfg_app.o(.constdata)
    OSCfg_StatTaskStkSize                    0x08005b90   Data           4  os_cfg_app.o(.constdata)
    OSCfg_StatTaskStkSizeRAM                 0x08005b94   Data           4  os_cfg_app.o(.constdata)
    OSCfg_StkSizeMin                         0x08005b98   Data           4  os_cfg_app.o(.constdata)
    OSCfg_TickRate_Hz                        0x08005b9c   Data           4  os_cfg_app.o(.constdata)
    OSCfg_TickTaskPrio                       0x08005ba0   Data           1  os_cfg_app.o(.constdata)
    OSCfg_TickTaskStkBasePtr                 0x08005ba4   Data           4  os_cfg_app.o(.constdata)
    OSCfg_TickTaskStkLimit                   0x08005ba8   Data           4  os_cfg_app.o(.constdata)
    OSCfg_TickTaskStkSize                    0x08005bac   Data           4  os_cfg_app.o(.constdata)
    OSCfg_TickTaskStkSizeRAM                 0x08005bb0   Data           4  os_cfg_app.o(.constdata)
    OSCfg_TickWheelSize                      0x08005bb4   Data           2  os_cfg_app.o(.constdata)
    OSCfg_TickWheelSizeRAM                   0x08005bb8   Data           4  os_cfg_app.o(.constdata)
    OSCfg_TmrTaskPrio                        0x08005bbc   Data           1  os_cfg_app.o(.constdata)
    OSCfg_TmrTaskRate_Hz                     0x08005bc0   Data           4  os_cfg_app.o(.constdata)
    OSCfg_TmrTaskStkBasePtr                  0x08005bc4   Data           4  os_cfg_app.o(.constdata)
    OSCfg_TmrTaskStkLimit                    0x08005bc8   Data           4  os_cfg_app.o(.constdata)
    OSCfg_TmrTaskStkSize                     0x08005bcc   Data           4  os_cfg_app.o(.constdata)
    OSCfg_TmrTaskStkSizeRAM                  0x08005bd0   Data           4  os_cfg_app.o(.constdata)
    OSCfg_TmrWheelSize                       0x08005bd4   Data           2  os_cfg_app.o(.constdata)
    OSCfg_TmrWheelSizeRAM                    0x08005bd8   Data           4  os_cfg_app.o(.constdata)
    OSCfg_DataSizeRAM                        0x08005bdc   Data           4  os_cfg_app.o(.constdata)
    OSDbg_DbgEn                              0x08005be0   Data           1  os_dbg.o(.constdata)
    OSDbg_ArgChkEn                           0x08005be1   Data           1  os_dbg.o(.constdata)
    OSDbg_AppHooksEn                         0x08005be2   Data           1  os_dbg.o(.constdata)
    OSDbg_EndiannessTest                     0x08005be4   Data           4  os_dbg.o(.constdata)
    OSDbg_CalledFromISRChkEn                 0x08005be8   Data           1  os_dbg.o(.constdata)
    OSDbg_FlagEn                             0x08005be9   Data           1  os_dbg.o(.constdata)
    OSDbg_FlagGrp                            0x08005bec   Data          40  os_dbg.o(.constdata)
    OSDbg_FlagDelEn                          0x08005c14   Data           1  os_dbg.o(.constdata)
    OSDbg_FlagModeClrEn                      0x08005c15   Data           1  os_dbg.o(.constdata)
    OSDbg_FlagPendAbortEn                    0x08005c16   Data           1  os_dbg.o(.constdata)
    OSDbg_FlagGrpSize                        0x08005c18   Data           2  os_dbg.o(.constdata)
    OSDbg_FlagWidth                          0x08005c1a   Data           2  os_dbg.o(.constdata)
    OSDbg_IntQ                               0x08005c1c   Data           2  os_dbg.o(.constdata)
    OSDbg_ISRPostDeferredEn                  0x08005c1e   Data           1  os_dbg.o(.constdata)
    OSDbg_Mem                                0x08005c20   Data          32  os_dbg.o(.constdata)
    OSDbg_MemEn                              0x08005c40   Data           1  os_dbg.o(.constdata)
    OSDbg_MemSize                            0x08005c42   Data           2  os_dbg.o(.constdata)
    OSDbg_MsgEn                              0x08005c44   Data           1  os_dbg.o(.constdata)
    OSDbg_MsgSize                            0x08005c46   Data           2  os_dbg.o(.constdata)
    OSDbg_MsgPoolSize                        0x08005c48   Data           2  os_dbg.o(.constdata)
    OSDbg_MsgQSize                           0x08005c4a   Data           2  os_dbg.o(.constdata)
    OSDbg_Mutex                              0x08005c4c   Data          44  os_dbg.o(.constdata)
    OSDbg_MutexEn                            0x08005c78   Data           1  os_dbg.o(.constdata)
    OSDbg_MutexDelEn                         0x08005c79   Data           1  os_dbg.o(.constdata)
    OSDbg_MutexPendAbortEn                   0x08005c7a   Data           1  os_dbg.o(.constdata)
    OSDbg_MutexSize                          0x08005c7c   Data           2  os_dbg.o(.constdata)
    OSDbg_ObjTypeChkEn                       0x08005c7e   Data           1  os_dbg.o(.constdata)
    OSDbg_PendMultiEn                        0x08005c7f   Data           1  os_dbg.o(.constdata)
    OSDbg_PendDataSize                       0x08005c80   Data           2  os_dbg.o(.constdata)
    OSDbg_PendListSize                       0x08005c82   Data           2  os_dbg.o(.constdata)
    OSDbg_PendObjSize                        0x08005c84   Data           2  os_dbg.o(.constdata)
    OSDbg_PrioMax                            0x08005c86   Data           2  os_dbg.o(.constdata)
    OSDbg_PrioTblSize                        0x08005c88   Data           2  os_dbg.o(.constdata)
    OSDbg_PtrSize                            0x08005c8a   Data           2  os_dbg.o(.constdata)
    OSDbg_Q                                  0x08005c8c   Data          48  os_dbg.o(.constdata)
    OSDbg_QEn                                0x08005cbc   Data           1  os_dbg.o(.constdata)
    OSDbg_QDelEn                             0x08005cbd   Data           1  os_dbg.o(.constdata)
    OSDbg_QFlushEn                           0x08005cbe   Data           1  os_dbg.o(.constdata)
    OSDbg_QPendAbortEn                       0x08005cbf   Data           1  os_dbg.o(.constdata)
    OSDbg_QSize                              0x08005cc0   Data           2  os_dbg.o(.constdata)
    OSDbg_SchedRoundRobinEn                  0x08005cc2   Data           1  os_dbg.o(.constdata)
    OSDbg_Sem                                0x08005cc4   Data          40  os_dbg.o(.constdata)
    OSDbg_SemEn                              0x08005cec   Data           1  os_dbg.o(.constdata)
    OSDbg_SemDelEn                           0x08005ced   Data           1  os_dbg.o(.constdata)
    OSDbg_SemPendAbortEn                     0x08005cee   Data           1  os_dbg.o(.constdata)
    OSDbg_SemSetEn                           0x08005cef   Data           1  os_dbg.o(.constdata)
    OSDbg_SemSize                            0x08005cf0   Data           2  os_dbg.o(.constdata)
    OSDbg_RdyList                            0x08005cf2   Data           2  os_dbg.o(.constdata)
    OSDbg_RdyListSize                        0x08005cf4   Data           4  os_dbg.o(.constdata)
    OSDbg_StkWidth                           0x08005cf8   Data           1  os_dbg.o(.constdata)
    OSDbg_StatTaskEn                         0x08005cf9   Data           1  os_dbg.o(.constdata)
    OSDbg_StatTaskStkChkEn                   0x08005cfa   Data           1  os_dbg.o(.constdata)
    OSDbg_TaskChangePrioEn                   0x08005cfb   Data           1  os_dbg.o(.constdata)
    OSDbg_TaskDelEn                          0x08005cfc   Data           1  os_dbg.o(.constdata)
    OSDbg_TaskQEn                            0x08005cfd   Data           1  os_dbg.o(.constdata)
    OSDbg_TaskQPendAbortEn                   0x08005cfe   Data           1  os_dbg.o(.constdata)
    OSDbg_TaskProfileEn                      0x08005cff   Data           1  os_dbg.o(.constdata)
    OSDbg_TaskRegTblSize                     0x08005d00   Data           2  os_dbg.o(.constdata)
    OSDbg_TaskSemPendAbortEn                 0x08005d02   Data           1  os_dbg.o(.constdata)
    OSDbg_TaskSuspendEn                      0x08005d03   Data           1  os_dbg.o(.constdata)
    OSDbg_TCBSize                            0x08005d04   Data           2  os_dbg.o(.constdata)
    OSDbg_TickSpokeSize                      0x08005d06   Data           2  os_dbg.o(.constdata)
    OSDbg_TimeDlyHMSMEn                      0x08005d08   Data           1  os_dbg.o(.constdata)
    OSDbg_TimeDlyResumeEn                    0x08005d09   Data           1  os_dbg.o(.constdata)
    OSDbg_TLS_TblSize                        0x08005d0a   Data           2  os_dbg.o(.constdata)
    OSDbg_Tmr                                0x08005d0c   Data          52  os_dbg.o(.constdata)
    OSDbg_TmrEn                              0x08005d40   Data           1  os_dbg.o(.constdata)
    OSDbg_TmrDelEn                           0x08005d41   Data           1  os_dbg.o(.constdata)
    OSDbg_TmrSize                            0x08005d42   Data           2  os_dbg.o(.constdata)
    OSDbg_TmrSpokeSize                       0x08005d44   Data           2  os_dbg.o(.constdata)
    OSDbg_VersionNbr                         0x08005d46   Data           2  os_dbg.o(.constdata)
    OSDbg_DataSize                           0x08005d48   Data           4  os_dbg.o(.constdata)
    Region$$Table$$Base                      0x08005d94   Number         0  anon$$obj.o(Region$$Table)
    Region$$Table$$Limit                     0x08005db4   Number         0  anon$$obj.o(Region$$Table)
    CPU_TS_TmrFreq_Hz                        0x20000018   Data           4  cpu_core.o(.data)
    CPU_IntDisMeasCtr                        0x2000001c   Data           2  cpu_core.o(.data)
    CPU_IntDisNestCtr                        0x2000001e   Data           2  cpu_core.o(.data)
    CPU_IntDisMeasStart_cnts                 0x20000020   Data           4  cpu_core.o(.data)
    CPU_IntDisMeasStop_cnts                  0x20000024   Data           4  cpu_core.o(.data)
    CPU_IntDisMeasOvrhd_cnts                 0x20000028   Data           4  cpu_core.o(.data)
    CPU_IntDisMeasMaxCur_cnts                0x2000002c   Data           4  cpu_core.o(.data)
    CPU_IntDisMeasMax_cnts                   0x20000030   Data           4  cpu_core.o(.data)
    Mem_PoolTbl                              0x20000034   Data           4  lib_mem.o(.data)
    OSPrioTbl                                0x20000038   Data           4  os_prio.o(.data)
    OS_AppTaskCreateHookPtr                  0x2000003c   Data           4  os_var.o(.data)
    OS_AppTaskDelHookPtr                     0x20000040   Data           4  os_var.o(.data)
    OS_AppTaskReturnHookPtr                  0x20000044   Data           4  os_var.o(.data)
    OS_AppIdleTaskHookPtr                    0x20000048   Data           4  os_var.o(.data)
    OS_AppStatTaskHookPtr                    0x2000004c   Data           4  os_var.o(.data)
    OS_AppTaskSwHookPtr                      0x20000050   Data           4  os_var.o(.data)
    OS_AppTimeTickHookPtr                    0x20000054   Data           4  os_var.o(.data)
    OSIdleTaskCtr                            0x20000058   Data           4  os_var.o(.data)
    OSIntNestingCtr                          0x2000005c   Data           1  os_var.o(.data)
    OSIntDisTimeMax                          0x20000060   Data           4  os_var.o(.data)
    OSRunning                                0x20000064   Data           1  os_var.o(.data)
    OSIntQInPtr                              0x20000068   Data           4  os_var.o(.data)
    OSIntQOutPtr                             0x2000006c   Data           4  os_var.o(.data)
    OSIntQNbrEntries                         0x20000070   Data           2  os_var.o(.data)
    OSIntQNbrEntriesMax                      0x20000072   Data           2  os_var.o(.data)
    OSIntQOvfCtr                             0x20000074   Data           2  os_var.o(.data)
    OSIntQTaskTimeMax                        0x20000078   Data           4  os_var.o(.data)
    OSFlagDbgListPtr                         0x2000007c   Data           4  os_var.o(.data)
    OSFlagQty                                0x20000080   Data           2  os_var.o(.data)
    OSMemDbgListPtr                          0x20000084   Data           4  os_var.o(.data)
    OSMemQty                                 0x20000088   Data           2  os_var.o(.data)
    OSMutexDbgListPtr                        0x2000008c   Data           4  os_var.o(.data)
    OSMutexQty                               0x20000090   Data           2  os_var.o(.data)
    OSPrioCur                                0x20000092   Data           1  os_var.o(.data)
    OSPrioHighRdy                            0x20000093   Data           1  os_var.o(.data)
    OSPrioSaved                              0x20000094   Data           1  os_var.o(.data)
    OSQDbgListPtr                            0x20000098   Data           4  os_var.o(.data)
    OSQQty                                   0x2000009c   Data           2  os_var.o(.data)
    OSSchedLockTimeBegin                     0x200000a0   Data           4  os_var.o(.data)
    OSSchedLockTimeMax                       0x200000a4   Data           4  os_var.o(.data)
    OSSchedLockTimeMaxCur                    0x200000a8   Data           4  os_var.o(.data)
    OSSchedLockNestingCtr                    0x200000ac   Data           1  os_var.o(.data)
    OSSchedRoundRobinDfltTimeQuanta          0x200000b0   Data           4  os_var.o(.data)
    OSSchedRoundRobinEn                      0x200000b4   Data           1  os_var.o(.data)
    OSSemDbgListPtr                          0x200000b8   Data           4  os_var.o(.data)
    OSSemQty                                 0x200000bc   Data           2  os_var.o(.data)
    OSStatResetFlag                          0x200000be   Data           1  os_var.o(.data)
    OSStatTaskCPUUsage                       0x200000c0   Data           2  os_var.o(.data)
    OSStatTaskCPUUsageMax                    0x200000c2   Data           2  os_var.o(.data)
    OSStatTaskCtr                            0x200000c4   Data           4  os_var.o(.data)
    OSStatTaskCtrMax                         0x200000c8   Data           4  os_var.o(.data)
    OSStatTaskCtrRun                         0x200000cc   Data           4  os_var.o(.data)
    OSStatTaskRdy                            0x200000d0   Data           1  os_var.o(.data)
    OSStatTaskTimeMax                        0x200000d4   Data           4  os_var.o(.data)
    OSTaskCtxSwCtr                           0x200000d8   Data           4  os_var.o(.data)
    OSTaskDbgListPtr                         0x200000dc   Data           4  os_var.o(.data)
    OSTaskQty                                0x200000e0   Data           2  os_var.o(.data)
    OSTaskRegNextAvailID                     0x200000e2   Data           1  os_var.o(.data)
    OSTickCtr                                0x200000e4   Data           4  os_var.o(.data)
    OSTickTaskTimeMax                        0x200000e8   Data           4  os_var.o(.data)
    OSTmrDbgListPtr                          0x200000ec   Data           4  os_var.o(.data)
    OSTmrQty                                 0x200000f0   Data           2  os_var.o(.data)
    OSTmrTaskTimeMax                         0x200000f4   Data           4  os_var.o(.data)
    OSTmrTickCtr                             0x200000f8   Data           4  os_var.o(.data)
    OSTmrUpdateCnt                           0x200000fc   Data           4  os_var.o(.data)
    OSTmrUpdateCtr                           0x20000100   Data           4  os_var.o(.data)
    OSTCBCurPtr                              0x20000104   Data           4  os_var.o(.data)
    OSTCBHighRdyPtr                          0x20000108   Data           4  os_var.o(.data)
    OS_CPU_ExceptStkBase                     0x2000010c   Data           4  os_cpu_c.o(.data)
    __stdout                                 0x20000110   Data           4  stdout.o(.data)
    StartTaskTCB                             0x20000114   Data         200  main.o(.bss)
    START_TASK_STK                           0x200001dc   Data        2048  main.o(.bss)
    Led1TaskTCB                              0x200009dc   Data         200  main.o(.bss)
    LED1_TASK_STK                            0x20000aa4   Data         512  main.o(.bss)
    SysTickTaskTCB                           0x20000ca4   Data         200  main.o(.bss)
    SysTick_TASK_STK                         0x20000d6c   Data         512  main.o(.bss)
    CPU_Name                                 0x20000f6c   Data          16  cpu_core.o(.bss)
    Mem_PoolHeap                             0x20000f7c   Data          72  lib_mem.o(.bss)
    Mem_Heap                                 0x20000fc4   Data        3072  lib_mem.o(.bss)
    OSCfg_IdleTaskStk                        0x20001bc4   Data         512  os_cfg_app.o(.bss)
    OSCfg_IntQ                               0x20001dc4   Data         320  os_cfg_app.o(.bss)
    OSCfg_IntQTaskStk                        0x20001f04   Data         512  os_cfg_app.o(.bss)
    OSCfg_ISRStk                             0x20002104   Data         512  os_cfg_app.o(.bss)
    OSCfg_MsgPool                            0x20002304   Data        1600  os_cfg_app.o(.bss)
    OSCfg_StatTaskStk                        0x20002944   Data         512  os_cfg_app.o(.bss)
    OSCfg_TickTaskStk                        0x20002b44   Data         512  os_cfg_app.o(.bss)
    OSCfg_TickWheel                          0x20002d44   Data         136  os_cfg_app.o(.bss)
    OSCfg_TmrTaskStk                         0x20002dcc   Data         512  os_cfg_app.o(.bss)
    OSCfg_TmrWheel                           0x20002fcc   Data         136  os_cfg_app.o(.bss)
    OSIdleTaskTCB                            0x20003054   Data         200  os_var.o(.bss)
    OSIntQTaskTCB                            0x2000311c   Data         200  os_var.o(.bss)
    OSMsgPool                                0x200031e4   Data          12  os_var.o(.bss)
    OSRdyList                                0x200031f0   Data         384  os_var.o(.bss)
    OSStatTaskTCB                            0x20003370   Data         200  os_var.o(.bss)
    OSTickTaskTCB                            0x20003438   Data         200  os_var.o(.bss)
    OSTmrTaskTCB                             0x20003500   Data         200  os_var.o(.bss)
    __initial_sp                             0x200039c8   Data           0  startup_stm32f10x_hd.o(STACK)



==============================================================================

Memory Map of the image

  Image Entry point : 0x08000131

  Load Region LR_IROM1 (Base: 0x08000000, Size: 0x00005ec8, Max: 0x00010000, ABSOLUTE)

    Execution Region ER_IROM1 (Exec base: 0x08000000, Load base: 0x08000000, Size: 0x00005db4, Max: 0x00010000, ABSOLUTE)

    Exec Addr    Load Addr    Size         Type   Attr      Idx    E Section Name        Object

    0x08000000   0x08000000   0x00000130   Data   RO          300    RESET               startup_stm32f10x_hd.o
    0x08000130   0x08000130   0x00000000   Code   RO         2902  * .ARM.Collect$$$$00000000  mc_w.l(entry.o)
    0x08000130   0x08000130   0x00000004   Code   RO         3166    .ARM.Collect$$$$00000001  mc_w.l(entry2.o)
    0x08000134   0x08000134   0x00000004   Code   RO         3169    .ARM.Collect$$$$00000004  mc_w.l(entry5.o)
    0x08000138   0x08000138   0x00000000   Code   RO         3171    .ARM.Collect$$$$00000008  mc_w.l(entry7b.o)
    0x08000138   0x08000138   0x00000000   Code   RO         3173    .ARM.Collect$$$$0000000A  mc_w.l(entry8b.o)
    0x08000138   0x08000138   0x00000008   Code   RO         3174    .ARM.Collect$$$$0000000B  mc_w.l(entry9a.o)
    0x08000140   0x08000140   0x00000000   Code   RO         3176    .ARM.Collect$$$$0000000D  mc_w.l(entry10a.o)
    0x08000140   0x08000140   0x00000000   Code   RO         3178    .ARM.Collect$$$$0000000F  mc_w.l(entry11a.o)
    0x08000140   0x08000140   0x00000004   Code   RO         3167    .ARM.Collect$$$$00002712  mc_w.l(entry2.o)
    0x08000144   0x08000144   0x00000024   Code   RO          301    .text               startup_stm32f10x_hd.o
    0x08000168   0x08000168   0x00000034   Code   RO         1050    .text               cpu_a.o
    0x0800019c   0x0800019c   0x0000002c   Code   RO         3181    .text               mc_w.l(uidiv.o)
    0x080001c8   0x080001c8   0x00000024   Code   RO         3196    .text               mc_w.l(init.o)
    0x080001ec   0x080001ec   0x00000084   Code   RO         2821    CODE                os_cpu_a.o
    0x08000270   0x08000270   0x00000010   Code   RO          945    i.BSP_CPU_ClkFreq   bsp.o
    0x08000280   0x08000280   0x00000004   Code   RO          201    i.BusFault_Handler  stm32f10x_it.o
    0x08000284   0x08000284   0x00000010   Code   RO         1109    i.CPU_Init          cpu_core.o
    0x08000294   0x08000294   0x00000084   Code   RO         1110    i.CPU_IntDisMeasInit  cpu_core.o
    0x08000318   0x08000318   0x0000001c   Code   RO         1111    i.CPU_IntDisMeasMaxCalc  cpu_core.o
    0x08000334   0x08000334   0x0000002c   Code   RO         1112    i.CPU_IntDisMeasMaxCurGet  cpu_core.o
    0x08000360   0x08000360   0x0000002c   Code   RO         1113    i.CPU_IntDisMeasMaxCurReset  cpu_core.o
    0x0800038c   0x0800038c   0x0000002c   Code   RO         1114    i.CPU_IntDisMeasMaxGet  cpu_core.o
    0x080003b8   0x080003b8   0x00000034   Code   RO         1115    i.CPU_IntDisMeasStart  cpu_core.o
    0x080003ec   0x080003ec   0x00000054   Code   RO         1116    i.CPU_IntDisMeasStop  cpu_core.o
    0x08000440   0x08000440   0x00000038   Code   RO         1117    i.CPU_NameClr       cpu_core.o
    0x08000478   0x08000478   0x00000008   Code   RO         1119    i.CPU_NameInit      cpu_core.o
    0x08000480   0x08000480   0x00000014   Code   RO         1123    i.CPU_TS_Init       cpu_core.o
    0x08000494   0x08000494   0x0000000c   Code   RO         1125    i.CPU_TS_TmrFreqSet  cpu_core.o
    0x080004a0   0x080004a0   0x00000034   Code   RO          947    i.CPU_TS_TmrInit    bsp.o
    0x080004d4   0x080004d4   0x0000000c   Code   RO          948    i.CPU_TS_TmrRd      bsp.o
    0x080004e0   0x080004e0   0x00000002   Code   RO          202    i.DebugMon_Handler  stm32f10x_it.o
    0x080004e2   0x080004e2   0x00000002   PAD
    0x080004e4   0x080004e4   0x000000c8   Code   RO          452    i.GPIO_DeInit       stm32f10x_gpio.o
    0x080005ac   0x080005ac   0x00000116   Code   RO          457    i.GPIO_Init         stm32f10x_gpio.o
    0x080006c2   0x080006c2   0x00000004   Code   RO          464    i.GPIO_ResetBits    stm32f10x_gpio.o
    0x080006c6   0x080006c6   0x00000004   Code   RO          465    i.GPIO_SetBits      stm32f10x_gpio.o
    0x080006ca   0x080006ca   0x00000004   Code   RO          203    i.HardFault_Handler  stm32f10x_it.o
    0x080006ce   0x080006ce   0x00000002   PAD
    0x080006d0   0x080006d0   0x00000048   Code   RO          396    i.KEY_Init          key.o
    0x08000718   0x08000718   0x0000003c   Code   RO          316    i.LED_Init          led.o
    0x08000754   0x08000754   0x00000010   Code   RO          317    i.LED_OFF           led.o
    0x08000764   0x08000764   0x00000010   Code   RO          318    i.LED_ON            led.o
    0x08000774   0x08000774   0x00000004   Code   RO          204    i.MemManage_Handler  stm32f10x_it.o
    0x08000778   0x08000778   0x00000012   Code   RO         1570    i.Mem_Clr           lib_mem.o
    0x0800078a   0x0800078a   0x00000002   PAD
    0x0800078c   0x0800078c   0x00000048   Code   RO         1574    i.Mem_Init          lib_mem.o
    0x080007d4   0x080007d4   0x00000062   Code   RO         1587    i.Mem_Set           lib_mem.o
    0x08000836   0x08000836   0x00000002   Code   RO          205    i.NMI_Handler       stm32f10x_it.o
    0x08000838   0x08000838   0x00000070   Code   RO          415    i.NVIC_Init         misc.o
    0x080008a8   0x080008a8   0x00000002   Code   RO         1688    i.OSCfg_Init        os_cfg_app.o
    0x080008aa   0x080008aa   0x00000002   PAD
    0x080008ac   0x080008ac   0x00000014   Code   RO         2824    i.OSIdleTaskHook    os_cpu_c.o
    0x080008c0   0x080008c0   0x0000018c   Code   RO         1711    i.OSInit            os_core.o
    0x08000a4c   0x08000a4c   0x00000038   Code   RO         2825    i.OSInitHook        os_cpu_c.o
    0x08000a84   0x08000a84   0x000000e4   Code   RO         1713    i.OSIntExit         os_core.o
    0x08000b68   0x08000b68   0x000000a8   Code   RO         1714    i.OSSched           os_core.o
    0x08000c10   0x08000c10   0x0000007c   Code   RO         1715    i.OSSchedLock       os_core.o
    0x08000c8c   0x08000c8c   0x0000006c   Code   RO         1716    i.OSSchedRoundRobinCfg  os_core.o
    0x08000cf8   0x08000cf8   0x000000a0   Code   RO         1718    i.OSSchedUnlock     os_core.o
    0x08000d98   0x08000d98   0x00000068   Code   RO         1719    i.OSStart           os_core.o
    0x08000e00   0x08000e00   0x00000168   Code   RO         2429    i.OSStatReset       os_stat.o
    0x08000f68   0x08000f68   0x00000100   Code   RO         2430    i.OSStatTaskCPUUsageInit  os_stat.o
    0x08001068   0x08001068   0x00000014   Code   RO         2826    i.OSStatTaskHook    os_cpu_c.o
    0x0800107c   0x0800107c   0x00000294   Code   RO         2460    i.OSTaskCreate      os_task.o
    0x08001310   0x08001310   0x00000018   Code   RO         2827    i.OSTaskCreateHook  os_cpu_c.o
    0x08001328   0x08001328   0x00000208   Code   RO         2461    i.OSTaskDel         os_task.o
    0x08001530   0x08001530   0x00000018   Code   RO         2828    i.OSTaskDelHook     os_cpu_c.o
    0x08001548   0x08001548   0x00000088   Code   RO         2469    i.OSTaskResume      os_task.o
    0x080015d0   0x080015d0   0x00000018   Code   RO         2829    i.OSTaskReturnHook  os_cpu_c.o
    0x080015e8   0x080015e8   0x00000250   Code   RO         2470    i.OSTaskSemPend     os_task.o
    0x08001838   0x08001838   0x000000e4   Code   RO         2474    i.OSTaskStkChk      os_task.o
    0x0800191c   0x0800191c   0x000000c0   Code   RO         2830    i.OSTaskStkInit     os_cpu_c.o
    0x080019dc   0x080019dc   0x00000060   Code   RO         2475    i.OSTaskSuspend     os_task.o
    0x08001a3c   0x08001a3c   0x000000a4   Code   RO         2831    i.OSTaskSwHook      os_cpu_c.o
    0x08001ae0   0x08001ae0   0x00000150   Code   RO         2675    i.OSTimeDly         os_time.o
    0x08001c30   0x08001c30   0x0000022c   Code   RO         2676    i.OSTimeDlyHMSM     os_time.o
    0x08001e5c   0x08001e5c   0x00000044   Code   RO         2680    i.OSTimeTick        os_time.o
    0x08001ea0   0x08001ea0   0x00000014   Code   RO         2832    i.OSTimeTickHook    os_cpu_c.o
    0x08001eb4   0x08001eb4   0x00000040   Code   RO         2833    i.OS_CPU_SysTickHandler  os_cpu_c.o
    0x08001ef4   0x08001ef4   0x00000030   Code   RO         2834    i.OS_CPU_SysTickInit  os_cpu_c.o
    0x08001f24   0x08001f24   0x000001b4   Code   RO         1957    i.OS_Dbg_Init       os_dbg.o
    0x080020d8   0x080020d8   0x00000018   Code   RO         1982    i.OS_FlagInit       os_flag.o
    0x080020f0   0x080020f0   0x0000027c   Code   RO         1983    i.OS_FlagPost       os_flag.o
    0x0800236c   0x0800236c   0x00000056   Code   RO         1984    i.OS_FlagTaskRdy    os_flag.o
    0x080023c2   0x080023c2   0x00000002   PAD
    0x080023c4   0x080023c4   0x0000004c   Code   RO         1721    i.OS_IdleTask       os_core.o
    0x08002410   0x08002410   0x00000070   Code   RO         1722    i.OS_IdleTaskInit   os_core.o
    0x08002480   0x08002480   0x00000104   Code   RO         2056    i.OS_IntQPost       os_int.o
    0x08002584   0x08002584   0x000001a4   Code   RO         2057    i.OS_IntQRePost     os_int.o
    0x08002728   0x08002728   0x000000c8   Code   RO         2058    i.OS_IntQTask       os_int.o
    0x080027f0   0x080027f0   0x00000128   Code   RO         2059    i.OS_IntQTaskInit   os_int.o
    0x08002918   0x08002918   0x00000018   Code   RO         2090    i.OS_MemInit        os_mem.o
    0x08002930   0x08002930   0x0000007c   Code   RO         2122    i.OS_MsgPoolInit    os_msg.o
    0x080029ac   0x080029ac   0x00000044   Code   RO         2123    i.OS_MsgQFreeAll    os_msg.o
    0x080029f0   0x080029f0   0x0000000e   Code   RO         2125    i.OS_MsgQInit       os_msg.o
    0x080029fe   0x080029fe   0x00000002   PAD
    0x08002a00   0x08002a00   0x00000104   Code   RO         2126    i.OS_MsgQPut        os_msg.o
    0x08002b04   0x08002b04   0x00000018   Code   RO         2166    i.OS_MutexInit      os_mutex.o
    0x08002b1c   0x08002b1c   0x00000068   Code   RO         1723    i.OS_Pend           os_core.o
    0x08002b84   0x08002b84   0x00000026   Code   RO         1726    i.OS_PendDataInit   os_core.o
    0x08002baa   0x08002baa   0x00000002   PAD
    0x08002bac   0x08002bac   0x0000005c   Code   RO         1727    i.OS_PendDbgNameAdd  os_core.o
    0x08002c08   0x08002c08   0x00000024   Code   RO         1728    i.OS_PendDbgNameRemove  os_core.o
    0x08002c2c   0x08002c2c   0x00000066   Code   RO         1732    i.OS_PendListInsertPrio  os_core.o
    0x08002c92   0x08002c92   0x00000030   Code   RO         1733    i.OS_PendListRemove  os_core.o
    0x08002cc2   0x08002cc2   0x00000042   Code   RO         1734    i.OS_PendListRemove1  os_core.o
    0x08002d04   0x08002d04   0x000000c0   Code   RO         1737    i.OS_Post           os_core.o
    0x08002dc4   0x08002dc4   0x0000002a   Code   RO         1738    i.OS_Post1          os_core.o
    0x08002dee   0x08002dee   0x00000002   PAD
    0x08002df0   0x08002df0   0x00000028   Code   RO         2248    i.OS_PrioGetHighest  os_prio.o
    0x08002e18   0x08002e18   0x00000018   Code   RO         2249    i.OS_PrioInit       os_prio.o
    0x08002e30   0x08002e30   0x00000024   Code   RO         2250    i.OS_PrioInsert     os_prio.o
    0x08002e54   0x08002e54   0x00000024   Code   RO         2251    i.OS_PrioRemove     os_prio.o
    0x08002e78   0x08002e78   0x00000018   Code   RO         2294    i.OS_QInit          os_q.o
    0x08002e90   0x08002e90   0x00000188   Code   RO         2295    i.OS_QPost          os_q.o
    0x08003018   0x08003018   0x00000024   Code   RO         1739    i.OS_RdyListInit    os_core.o
    0x0800303c   0x0800303c   0x0000002c   Code   RO         1740    i.OS_RdyListInsert  os_core.o
    0x08003068   0x08003068   0x00000040   Code   RO         1741    i.OS_RdyListInsertHead  os_core.o
    0x080030a8   0x080030a8   0x0000003c   Code   RO         1742    i.OS_RdyListInsertTail  os_core.o
    0x080030e4   0x080030e4   0x00000044   Code   RO         1743    i.OS_RdyListMoveHeadToTail  os_core.o
    0x08003128   0x08003128   0x0000005c   Code   RO         1744    i.OS_RdyListRemove  os_core.o
    0x08003184   0x08003184   0x0000005c   Code   RO         1745    i.OS_Sched0         os_core.o
    0x080031e0   0x080031e0   0x0000001c   Code   RO         1746    i.OS_SchedLockTimeMeasStart  os_core.o
    0x080031fc   0x080031fc   0x0000003c   Code   RO         1747    i.OS_SchedLockTimeMeasStop  os_core.o
    0x08003238   0x08003238   0x000000ec   Code   RO         1748    i.OS_SchedRoundRobin  os_core.o
    0x08003324   0x08003324   0x00000018   Code   RO         2366    i.OS_SemInit        os_sem.o
    0x0800333c   0x0800333c   0x00000198   Code   RO         2367    i.OS_SemPost        os_sem.o
    0x080034d4   0x080034d4   0x000003b8   Code   RO         2431    i.OS_StatTask       os_stat.o
    0x0800388c   0x0800388c   0x000000cc   Code   RO         2432    i.OS_StatTaskInit   os_stat.o
    0x08003958   0x08003958   0x00000038   Code   RO         1749    i.OS_TaskBlock      os_core.o
    0x08003990   0x08003990   0x00000030   Code   RO         2477    i.OS_TaskDbgListAdd  os_task.o
    0x080039c0   0x080039c0   0x00000044   Code   RO         2478    i.OS_TaskDbgListRemove  os_task.o
    0x08003a04   0x08003a04   0x00000020   Code   RO         2479    i.OS_TaskInit       os_task.o
    0x08003a24   0x08003a24   0x000000d0   Code   RO         2480    i.OS_TaskInitTCB    os_task.o
    0x08003af4   0x08003af4   0x0000026c   Code   RO         2481    i.OS_TaskQPost      os_task.o
    0x08003d60   0x08003d60   0x0000001c   Code   RO         1750    i.OS_TaskRdy        os_core.o
    0x08003d7c   0x08003d7c   0x0000017c   Code   RO         2482    i.OS_TaskResume     os_task.o
    0x08003ef8   0x08003ef8   0x00000018   Code   RO         2483    i.OS_TaskReturn     os_task.o
    0x08003f10   0x08003f10   0x000005a8   Code   RO         2484    i.OS_TaskSemPost    os_task.o
    0x080044b8   0x080044b8   0x00000190   Code   RO         2485    i.OS_TaskSuspend    os_task.o
    0x08004648   0x08004648   0x00000028   Code   RO         2627    i.OS_TickListInit   os_tick.o
    0x08004670   0x08004670   0x000001bc   Code   RO         2628    i.OS_TickListInsert  os_tick.o
    0x0800482c   0x0800482c   0x00000038   Code   RO         2629    i.OS_TickListRemove  os_tick.o
    0x08004864   0x08004864   0x00000024   Code   RO         2630    i.OS_TickListResetPeak  os_tick.o
    0x08004888   0x08004888   0x00000220   Code   RO         2631    i.OS_TickListUpdate  os_tick.o
    0x08004aa8   0x08004aa8   0x0000002c   Code   RO         2632    i.OS_TickTask       os_tick.o
    0x08004ad4   0x08004ad4   0x000000b8   Code   RO         2633    i.OS_TickTaskInit   os_tick.o
    0x08004b8c   0x08004b8c   0x00000128   Code   RO         2726    i.OS_TmrInit        os_tmr.o
    0x08004cb4   0x08004cb4   0x000000d0   Code   RO         2727    i.OS_TmrLink        os_tmr.o
    0x08004d84   0x08004d84   0x00000024   Code   RO         2728    i.OS_TmrResetPeak   os_tmr.o
    0x08004da8   0x08004da8   0x000000c0   Code   RO         2729    i.OS_TmrTask        os_tmr.o
    0x08004e68   0x08004e68   0x00000050   Code   RO         2730    i.OS_TmrUnlink      os_tmr.o
    0x08004eb8   0x08004eb8   0x00000020   Code   RO          569    i.RCC_APB2PeriphClockCmd  stm32f10x_rcc.o
    0x08004ed8   0x08004ed8   0x00000020   Code   RO          570    i.RCC_APB2PeriphResetCmd  stm32f10x_rcc.o
    0x08004ef8   0x08004ef8   0x000000d4   Code   RO          577    i.RCC_GetClocksFreq  stm32f10x_rcc.o
    0x08004fcc   0x08004fcc   0x00000002   Code   RO          207    i.SVC_Handler       stm32f10x_it.o
    0x08004fce   0x08004fce   0x00000008   Code   RO          264    i.SetSysClock       system_stm32f10x.o
    0x08004fd6   0x08004fd6   0x00000002   PAD
    0x08004fd8   0x08004fd8   0x000000e0   Code   RO          265    i.SetSysClockTo72   system_stm32f10x.o
    0x080050b8   0x080050b8   0x00000028   Code   RO          419    i.SysTick_CLKSourceConfig  misc.o
    0x080050e0   0x080050e0   0x0000003c   Code   RO          346    i.SysTick_Init      systick.o
    0x0800511c   0x0800511c   0x00000104   Code   RO            1    i.SysTick_task      main.o
    0x08005220   0x08005220   0x00000060   Code   RO          267    i.SystemInit        system_stm32f10x.o
    0x08005280   0x08005280   0x0000003c   Code   RO          372    i.USART1_IRQHandler  uart.o
    0x080052bc   0x080052bc   0x000000b0   Code   RO          373    i.USART1_Init       uart.o
    0x0800536c   0x0800536c   0x00000012   Code   RO          765    i.USART_ClearFlag   stm32f10x_usart.o
    0x0800537e   0x0800537e   0x00000018   Code   RO          769    i.USART_Cmd         stm32f10x_usart.o
    0x08005396   0x08005396   0x0000001a   Code   RO          772    i.USART_GetFlagStatus  stm32f10x_usart.o
    0x080053b0   0x080053b0   0x00000054   Code   RO          773    i.USART_GetITStatus  stm32f10x_usart.o
    0x08005404   0x08005404   0x0000004a   Code   RO          775    i.USART_ITConfig    stm32f10x_usart.o
    0x0800544e   0x0800544e   0x00000002   PAD
    0x08005450   0x08005450   0x000000d8   Code   RO          776    i.USART_Init        stm32f10x_usart.o
    0x08005528   0x08005528   0x0000000a   Code   RO          783    i.USART_ReceiveData  stm32f10x_usart.o
    0x08005532   0x08005532   0x00000008   Code   RO          786    i.USART_SendData    stm32f10x_usart.o
    0x0800553a   0x0800553a   0x00000004   Code   RO          209    i.UsageFault_Handler  stm32f10x_it.o
    0x0800553e   0x0800553e   0x00000002   PAD
    0x08005540   0x08005540   0x00000020   Code   RO         3060    i.__0printf$6       mc_w.l(printf6.o)
    0x08005560   0x08005560   0x0000000e   Code   RO         3208    i.__scatterload_copy  mc_w.l(handlers.o)
    0x0800556e   0x0800556e   0x00000002   Code   RO         3209    i.__scatterload_null  mc_w.l(handlers.o)
    0x08005570   0x08005570   0x0000000e   Code   RO         3210    i.__scatterload_zeroinit  mc_w.l(handlers.o)
    0x0800557e   0x0800557e   0x00000002   PAD
    0x08005580   0x08005580   0x000002f0   Code   RO         3067    i._printf_core      mc_w.l(printf6.o)
    0x08005870   0x08005870   0x00000024   Code   RO         3068    i._printf_post_padding  mc_w.l(printf6.o)
    0x08005894   0x08005894   0x0000002e   Code   RO         3069    i._printf_pre_padding  mc_w.l(printf6.o)
    0x080058c2   0x080058c2   0x00000002   PAD
    0x080058c4   0x080058c4   0x00000024   Code   RO          374    i.fputc             uart.o
    0x080058e8   0x080058e8   0x00000044   Code   RO            2    i.led1_task         main.o
    0x0800592c   0x0800592c   0x0000007c   Code   RO            3    i.main              main.o
    0x080059a8   0x080059a8   0x00000194   Code   RO            4    i.start_task        main.o
    0x08005b3c   0x08005b3c   0x000000a4   Data   RO         1690    .constdata          os_cfg_app.o
    0x08005be0   0x08005be0   0x0000016c   Data   RO         1958    .constdata          os_dbg.o
    0x08005d4c   0x08005d4c   0x00000045   Data   RO            6    .conststring        main.o
    0x08005d91   0x08005d91   0x00000003   PAD
    0x08005d94   0x08005d94   0x00000020   Data   RO         3206    Region$$Table       anon$$obj.o


    Execution Region RW_IRAM1 (Exec base: 0x20000000, Load base: 0x08005db4, Size: 0x000039c8, Max: 0x00005000, ABSOLUTE)

    Exec Addr    Load Addr    Size         Type   Attr      Idx    E Section Name        Object

    0x20000000   0x08005db4   0x00000004   Data   RW          349    .data               systick.o
    0x20000004   0x08005db8   0x00000014   Data   RW          597    .data               stm32f10x_rcc.o
    0x20000018   0x08005dcc   0x0000001c   Data   RW         1129    .data               cpu_core.o
    0x20000034   0x08005de8   0x00000004   Data   RW         1589    .data               lib_mem.o
    0x20000038   0x08005dec   0x00000004   Data   RW         2252    .data               os_prio.o
    0x2000003c   0x08005df0   0x000000d0   Data   RW         2808    .data               os_var.o
    0x2000010c   0x08005ec0   0x00000004   Data   RW         2835    .data               os_cpu_c.o
    0x20000110   0x08005ec4   0x00000004   Data   RW         3180    .data               mc_w.l(stdout.o)
    0x20000114        -       0x00000e58   Zero   RW            5    .bss                main.o
    0x20000f6c        -       0x00000010   Zero   RW         1127    .bss                cpu_core.o
    0x20000f7c        -       0x00000c48   Zero   RW         1588    .bss                lib_mem.o
    0x20001bc4        -       0x00001490   Zero   RW         1689    .bss                os_cfg_app.o
    0x20003054        -       0x00000574   Zero   RW         2807    .bss                os_var.o
    0x200035c8        -       0x00000400   Zero   RW          298    STACK               startup_stm32f10x_hd.o


==============================================================================

Image component sizes


      Code (inc. data)   RO Data    RW Data    ZI Data      Debug   Object Name

        80         14          0          0          0       1578   bsp.o
        52          0          0          0          0        364   cpu_a.o
       540         98          0         28         16      16933   cpu_core.o
        72          8          0          0          0        515   key.o
        92          4          0          0          0       2162   led.o
       188         18          0          4       3144      13847   lib_mem.o
       856        120         69          0       3672     278286   main.o
       152         12          0          0          0       1898   misc.o
         2          0        164          0       5264      21190   os_cfg_app.o
      3060        414          0          0          0      20995   os_core.o
       132         32          0          0          0        408   os_cpu_a.o
       656         68          0          4          0       8625   os_cpu_c.o
       436        286        364          0          0       5001   os_dbg.o
       746         28          0          0          0       3317   os_flag.o
      1176        204          0          0          0       3726   os_int.o
        24         10          0          0          0       1033   os_mem.o
       466         26          0          0          0       3457   os_msg.o
        24         10          0          0          0       1047   os_mutex.o
       136         16          0          4          0       3094   os_prio.o
       416         20          0          0          0       2390   os_q.o
       432         14          0          0          0       2422   os_sem.o
      1772        214          0          0          0       4291   os_stat.o
      5460        260          0          0          0      14328   os_task.o
      1348        124          0          0          0       5769   os_tick.o
       960         46          0          0          0       3337   os_time.o
       812        134          0          0          0       4396   os_tmr.o
         0          0          0        208       1396      19545   os_var.o
        36          8        304          0       1024        964   startup_stm32f10x_hd.o
       486         28          0          0          0       4162   stm32f10x_gpio.o
        22          0          0          0          0       3543   stm32f10x_it.o
       276         32          0         20          0       4906   stm32f10x_rcc.o
       460          6          0          0          0       7503   stm32f10x_usart.o
       328         28          0          0          0       2337   system_stm32f10x.o
        60          8          0          4          0        767   systick.o
       272         20          0          0          0       1802   uart.o

    ----------------------------------------------------------------------
     22052       2310        936        272      14516     469938   Object Totals
         0          0         32          0          0          0   (incl. Generated)
        22          0          3          0          0          0   (incl. Padding)

    ----------------------------------------------------------------------

      Code (inc. data)   RO Data    RW Data    ZI Data      Debug   Library Member Name

         0          0          0          0          0          0   entry.o
         0          0          0          0          0          0   entry10a.o
         0          0          0          0          0          0   entry11a.o
         8          4          0          0          0          0   entry2.o
         4          0          0          0          0          0   entry5.o
         0          0          0          0          0          0   entry7b.o
         0          0          0          0          0          0   entry8b.o
         8          4          0          0          0          0   entry9a.o
        30          0          0          0          0          0   handlers.o
        36          8          0          0          0         68   init.o
       866         14          0          0          0        352   printf6.o
         0          0          0          4          0          0   stdout.o
        44          0          0          0          0         80   uidiv.o

    ----------------------------------------------------------------------
      1000         30          0          4          0        500   Library Totals
         4          0          0          0          0          0   (incl. Padding)

    ----------------------------------------------------------------------

      Code (inc. data)   RO Data    RW Data    ZI Data      Debug   Library Name

       996         30          0          4          0        500   mc_w.l

    ----------------------------------------------------------------------
      1000         30          0          4          0        500   Library Totals

    ----------------------------------------------------------------------

==============================================================================


      Code (inc. data)   RO Data    RW Data    ZI Data      Debug   

     23052       2340        936        276      14516     462582   Grand Totals
     23052       2340        936        276      14516     462582   ELF Image Totals
     23052       2340        936        276          0          0   ROM Totals

==============================================================================

    Total RO  Size (Code + RO Data)                23988 (  23.43kB)
    Total RW  Size (RW Data + ZI Data)             14792 (  14.45kB)
    Total ROM Size (Code + RO Data + RW Data)      24264 (  23.70kB)

==============================================================================

