Component: ARM Compiler 5.06 update 4 (build 422) Tool: armlink [4d35d2]

==============================================================================

Section Cross References

    main.o(i.MyTmrCallback) refers to printf6.o(i.__0printf$6) for __2printf
    main.o(i.MyTmrCallback) refers to bsp.o(i.BSP_CPU_ClkFreq) for BSP_CPU_ClkFreq
    main.o(i.MyTmrCallback) refers to bsp.o(i.CPU_TS_TmrRd) for CPU_TS_TmrRd
    main.o(i.MyTmrCallback) refers to cpu_a.o(.text) for CPU_SR_Save
    main.o(i.MyTmrCallback) refers to cpu_core.o(i.CPU_IntDisMeasStart) for CPU_IntDisMeasStart
    main.o(i.MyTmrCallback) refers to os_core.o(i.OS_SchedLockTimeMeasStart) for OS_SchedLockTimeMeasStart
    main.o(i.MyTmrCallback) refers to cpu_core.o(i.CPU_IntDisMeasStop) for CPU_IntDisMeasStop
    main.o(i.MyTmrCallback) refers to os_core.o(i.OS_SchedLockTimeMeasStop) for OS_SchedLockTimeMeasStop
    main.o(i.MyTmrCallback) refers to os_core.o(i.OS_Sched0) for OS_Sched0
    main.o(i.MyTmrCallback) refers to main.o(.data) for ts_start
    main.o(i.MyTmrCallback) refers to os_var.o(.data) for OSSchedLockNestingCtr
    main.o(i.MyTmr_task) refers to os_tmr.o(i.OSTmrCreate) for OSTmrCreate
    main.o(i.MyTmr_task) refers to os_tmr.o(i.OSTmrStart) for OSTmrStart
    main.o(i.MyTmr_task) refers to bsp.o(i.CPU_TS_TmrRd) for CPU_TS_TmrRd
    main.o(i.MyTmr_task) refers to os_tmr.o(i.OSTmrDel) for OSTmrDel
    main.o(i.MyTmr_task) refers to os_time.o(i.OSTimeDly) for OSTimeDly
    main.o(i.MyTmr_task) refers to main.o(i.MyTmrCallback) for MyTmrCallback
    main.o(i.MyTmr_task) refers to main.o(.data) for ts_start
    main.o(i.SysTick_task) refers to bsp.o(i.BSP_CPU_ClkFreq) for BSP_CPU_ClkFreq
    main.o(i.SysTick_task) refers to printf6.o(i.__0printf$6) for __2printf
    main.o(i.SysTick_task) refers to os_time.o(i.OSTimeDlyHMSM) for OSTimeDlyHMSM
    main.o(i.led1_task) refers to led.o(i.LED_OFF) for LED_OFF
    main.o(i.led1_task) refers to os_time.o(i.OSTimeDlyResume) for OSTimeDlyResume
    main.o(i.led1_task) refers to os_time.o(i.OSTimeDly) for OSTimeDly
    main.o(i.led1_task) refers to led.o(i.LED_ON) for LED_ON
    main.o(i.led1_task) refers to main.o(.bss) for SysTickTaskTCB
    main.o(i.main) refers to systick.o(i.SysTick_Init) for SysTick_Init
    main.o(i.main) refers to uart.o(i.USART1_Init) for USART1_Init
    main.o(i.main) refers to key.o(i.KEY_Init) for KEY_Init
    main.o(i.main) refers to led.o(i.LED_Init) for LED_Init
    main.o(i.main) refers to os_core.o(i.OSInit) for OSInit
    main.o(i.main) refers to os_task.o(i.OSTaskCreate) for OSTaskCreate
    main.o(i.main) refers to os_core.o(i.OSStart) for OSStart
    main.o(i.main) refers to main.o(.bss) for START_TASK_STK
    main.o(i.main) refers to main.o(i.start_task) for start_task
    main.o(i.start_task) refers to cpu_core.o(i.CPU_Init) for CPU_Init
    main.o(i.start_task) refers to bsp.o(i.BSP_CPU_ClkFreq) for BSP_CPU_ClkFreq
    main.o(i.start_task) refers to os_cpu_c.o(i.OS_CPU_SysTickInit) for OS_CPU_SysTickInit
    main.o(i.start_task) refers to lib_mem.o(i.Mem_Init) for Mem_Init
    main.o(i.start_task) refers to os_stat.o(i.OSStatTaskCPUUsageInit) for OSStatTaskCPUUsageInit
    main.o(i.start_task) refers to cpu_core.o(i.CPU_IntDisMeasMaxCurReset) for CPU_IntDisMeasMaxCurReset
    main.o(i.start_task) refers to os_core.o(i.OSSchedRoundRobinCfg) for OSSchedRoundRobinCfg
    main.o(i.start_task) refers to cpu_a.o(.text) for CPU_SR_Save
    main.o(i.start_task) refers to cpu_core.o(i.CPU_IntDisMeasStart) for CPU_IntDisMeasStart
    main.o(i.start_task) refers to os_core.o(i.OS_SchedLockTimeMeasStart) for OS_SchedLockTimeMeasStart
    main.o(i.start_task) refers to cpu_core.o(i.CPU_IntDisMeasStop) for CPU_IntDisMeasStop
    main.o(i.start_task) refers to os_task.o(i.OSTaskCreate) for OSTaskCreate
    main.o(i.start_task) refers to os_task.o(i.OS_TaskSuspend) for OS_TaskSuspend
    main.o(i.start_task) refers to os_core.o(i.OS_SchedLockTimeMeasStop) for OS_SchedLockTimeMeasStop
    main.o(i.start_task) refers to os_core.o(i.OS_Sched0) for OS_Sched0
    main.o(i.start_task) refers to os_cfg_app.o(.constdata) for OSCfg_TickRate_Hz
    main.o(i.start_task) refers to os_var.o(.data) for OSSchedLockNestingCtr
    main.o(i.start_task) refers to main.o(.bss) for LED1_TASK_STK
    main.o(i.start_task) refers to main.o(i.led1_task) for led1_task
    main.o(i.start_task) refers to main.o(i.SysTick_task) for SysTick_task
    main.o(i.start_task) refers to main.o(i.MyTmr_task) for MyTmr_task
    system_stm32f10x.o(i.SetSysClock) refers to system_stm32f10x.o(i.SetSysClockTo72) for SetSysClockTo72
    system_stm32f10x.o(i.SystemCoreClockUpdate) refers to system_stm32f10x.o(.data) for SystemCoreClock
    system_stm32f10x.o(i.SystemInit) refers to system_stm32f10x.o(i.SetSysClock) for SetSysClock
    startup_stm32f10x_hd.o(RESET) refers to startup_stm32f10x_hd.o(STACK) for __initial_sp
    startup_stm32f10x_hd.o(RESET) refers to startup_stm32f10x_hd.o(.text) for Reset_Handler
[...]
    i.OSTaskDelHook                          0x0800172c   Section        0  os_cpu_c.o(i.OSTaskDelHook)
    i.OSTaskResume                           0x08001744   Section        0  os_task.o(i.OSTaskResume)
    i.OSTaskReturnHook                       0x080017cc   Section        0  os_cpu_c.o(i.OSTaskReturnHook)
    i.OSTaskSemPend                          0x080017e4   Section        0  os_task.o(i.OSTaskSemPend)
    i.OSTaskStkChk                           0x08001a34   Section        0  os_task.o(i.OSTaskStkChk)
    i.OSTaskStkInit                          0x08001b18   Section        0  os_cpu_c.o(i.OSTaskStkInit)
    i.OSTaskSuspend                          0x08001bd8   Section        0  os_task.o(i.OSTaskSuspend)
    i.OSTaskSwHook                           0x08001c38   Section        0  os_cpu_c.o(i.OSTaskSwHook)
    i.OSTimeDly                              0x08001cdc   Section        0  os_time.o(i.OSTimeDly)
    i.OSTimeDlyHMSM                          0x08001e2c   Section        0  os_time.o(i.OSTimeDlyHMSM)
    i.OSTimeDlyResume                        0x08002058   Section        0  os_time.o(i.OSTimeDlyResume)
    i.OSTimeTick                             0x0800228c   Section        0  os_time.o(i.OSTimeTick)
    i.OSTimeTickHook                         0x080022d0   Section        0  os_cpu_c.o(i.OSTimeTickHook)
    i.OSTmrCreate                            0x080022e4   Section        0  os_tmr.o(i.OSTmrCreate)
    i.OSTmrDel                               0x08002414   Section        0  os_tmr.o(i.OSTmrDel)
    i.OSTmrStart                             0x080024d8   Section        0  os_tmr.o(i.OSTmrStart)
    i.OS_CPU_SysTickHandler                  0x0800258c   Section        0  os_cpu_c.o(i.OS_CPU_SysTickHandler)
    i.OS_CPU_SysTickInit                     0x080025cc   Section        0  os_cpu_c.o(i.OS_CPU_SysTickInit)
    i.OS_Dbg_Init                            0x080025fc   Section        0  os_dbg.o(i.OS_Dbg_Init)
    i.OS_FlagInit                            0x080027b0   Section        0  os_flag.o(i.OS_FlagInit)
    i.OS_FlagPost                            0x080027c8   Section        0  os_flag.o(i.OS_FlagPost)
    i.OS_FlagTaskRdy                         0x08002a44   Section        0  os_flag.o(i.OS_FlagTaskRdy)
    i.OS_IdleTask                            0x08002a9c   Section        0  os_core.o(i.OS_IdleTask)
    i.OS_IdleTaskInit                        0x08002ae8   Section        0  os_core.o(i.OS_IdleTaskInit)
    i.OS_IntQPost                            0x08002b58   Section        0  os_int.o(i.OS_IntQPost)
    i.OS_IntQRePost                          0x08002c5c   Section        0  os_int.o(i.OS_IntQRePost)
    i.OS_IntQTask                            0x08002e00   Section        0  os_int.o(i.OS_IntQTask)
    i.OS_IntQTaskInit                        0x08002ec8   Section        0  os_int.o(i.OS_IntQTaskInit)
    i.OS_MemInit                             0x08002ff0   Section        0  os_mem.o(i.OS_MemInit)
    i.OS_MsgPoolInit                         0x08003008   Section        0  os_msg.o(i.OS_MsgPoolInit)
    i.OS_MsgQFreeAll                         0x08003084   Section        0  os_msg.o(i.OS_MsgQFreeAll)
    i.OS_MsgQInit                            0x080030c8   Section        0  os_msg.o(i.OS_MsgQInit)
    i.OS_MsgQPut                             0x080030d8   Section        0  os_msg.o(i.OS_MsgQPut)
    i.OS_MutexInit                           0x080031dc   Section        0  os_mutex.o(i.OS_MutexInit)
    i.OS_Pend                                0x080031f4   Section        0  os_core.o(i.OS_Pend)
    i.OS_PendDataInit                        0x0800325c   Section        0  os_core.o(i.OS_PendDataInit)
    i.OS_PendDbgNameAdd                      0x08003284   Section        0  os_core.o(i.OS_PendDbgNameAdd)
    i.OS_PendDbgNameRemove                   0x080032e0   Section        0  os_core.o(i.OS_PendDbgNameRemove)
    i.OS_PendListInsertPrio                  0x08003304   Section        0  os_core.o(i.OS_PendListInsertPrio)
    i.OS_PendListRemove                      0x0800336a   Section        0  os_core.o(i.OS_PendListRemove)
    i.OS_PendListRemove1                     0x0800339a   Section        0  os_core.o(i.OS_PendListRemove1)
    i.OS_Post                                0x080033dc   Section        0  os_core.o(i.OS_Post)
    i.OS_Post1                               0x0800349c   Section        0  os_core.o(i.OS_Post1)
    i.OS_PrioGetHighest                      0x080034c8   Section        0  os_prio.o(i.OS_PrioGetHighest)
    i.OS_PrioInit                            0x080034f0   Section        0  os_prio.o(i.OS_PrioInit)
    i.OS_PrioInsert                          0x08003508   Section        0  os_prio.o(i.OS_PrioInsert)
    i.OS_PrioRemove                          0x0800352c   Section        0  os_prio.o(i.OS_PrioRemove)
    i.OS_QInit                               0x08003550   Section        0  os_q.o(i.OS_QInit)
    i.OS_QPost                               0x08003568   Section        0  os_q.o(i.OS_QPost)
    i.OS_RdyListInit                         0x080036f0   Section        0  os_core.o(i.OS_RdyListInit)
    i.OS_RdyListInsert                       0x08003714   Section        0  os_core.o(i.OS_RdyListInsert)
    i.OS_RdyListInsertHead                   0x08003740   Section        0  os_core.o(i.OS_RdyListInsertHead)
    i.OS_RdyListInsertTail                   0x08003780   Section        0  os_core.o(i.OS_RdyListInsertTail)
    i.OS_RdyListMoveHeadToTail               0x080037bc   Section        0  os_core.o(i.OS_RdyListMoveHeadToTail)
    i.OS_RdyListRemove                       0x08003800   Section        0  os_core.o(i.OS_RdyListRemove)
    i.OS_Sched0                              0x0800385c   Section        0  os_core.o(i.OS_Sched0)
    i.OS_SchedLockTimeMeasStart              0x080038b8   Section        0  os_core.o(i.OS_SchedLockTimeMeasStart)
    i.OS_SchedLockTimeMeasStop               0x080038d4   Section        0  os_core.o(i.OS_SchedLockTimeMeasStop)
    i.OS_SchedRoundRobin                     0x08003910   Section        0  os_core.o(i.OS_SchedRoundRobin)
    i.OS_SemInit                             0x080039fc   Section        0  os_sem.o(i.OS_SemInit)
    i.OS_SemPost                             0x08003a14   Section        0  os_sem.o(i.OS_SemPost)
    i.OS_StatTask                            0x08003bac   Section        0  os_stat.o(i.OS_StatTask)
    i.OS_StatTaskInit                        0x08003f64   Section        0  os_stat.o(i.OS_StatTaskInit)
    i.OS_TaskBlock                           0x08004030   Section        0  os_core.o(i.OS_TaskBlock)
    i.OS_TaskDbgListAdd                      0x08004068   Section        0  os_task.o(i.OS_TaskDbgListAdd)
    i.OS_TaskDbgListRemove                   0x08004098   Section        0  os_task.o(i.OS_TaskDbgListRemove)
    i.OS_TaskInit                            0x080040dc   Section        0  os_task.o(i.OS_TaskInit)
    i.OS_TaskInitTCB                         0x080040fc   Section        0  os_task.o(i.OS_TaskInitTCB)
    i.OS_TaskQPost                           0x080041cc   Section        0  os_task.o(i.OS_TaskQPost)
    i.OS_TaskRdy                             0x08004438   Section        0  os_core.o(i.OS_TaskRdy)
    i.OS_TaskResume                          0x08004454   Section        0  os_task.o(i.OS_TaskResume)
    i.OS_TaskReturn                          0x080045d0   Section        0  os_task.o(i.OS_TaskReturn)
    i.OS_TaskSemPost                         0x080045e8   Section        0  os_task.o(i.OS_TaskSemPost)
    i.OS_TaskSuspend                         0x08004b90   Section        0  os_task.o(i.OS_TaskSuspend)
    i.OS_TickListInit                        0x08004d20   Section        0  os_tick.o(i.OS_TickListInit)
    i.OS_TickListInsert                      0x08004d48   Section        0  os_tick.o(i.OS_TickListInsert)
    i.OS_TickListRemove                      0x08004f04   Section        0  os_tick.o(i.OS_TickListRemove)
    i.OS_TickListResetPeak                   0x08004f3c   Section        0  os_tick.o(i.OS_TickListResetPeak)
    i.OS_TickListUpdate                      0x08004f60   Section        0  os_tick.o(i.OS_TickListUpdate)
    i.OS_TickTask                            0x08005180   Section        0  os_tick.o(i.OS_TickTask)
    i.OS_TickTaskInit                        0x080051ac   Section        0  os_tick.o(i.OS_TickTaskInit)
    i.OS_TmrClr                              0x08005264   Section        0  os_tmr.o(i.OS_TmrClr)
    i.OS_TmrDbgListAdd                       0x08005294   Section        0  os_tmr.o(i.OS_TmrDbgListAdd)
    i.OS_TmrDbgListRemove                    0x080052bc   Section        0  os_tmr.o(i.OS_TmrDbgListRemove)
    i.OS_TmrInit                             0x080052ec   Section        0  os_tmr.o(i.OS_TmrInit)
    i.OS_TmrLink                             0x08005414   Section        0  os_tmr.o(i.OS_TmrLink)
    i.OS_TmrResetPeak                        0x080054e4   Section        0  os_tmr.o(i.OS_TmrResetPeak)
    i.OS_TmrTask                             0x08005508   Section        0  os_tmr.o(i.OS_TmrTask)
    i.OS_TmrUnlink                           0x080055c8   Section        0  os_tmr.o(i.OS_TmrUnlink)
    i.RCC_APB2PeriphClockCmd                 0x08005618   Section        0  stm32f10x_rcc.o(i.RCC_APB2PeriphClockCmd)
    i.RCC_APB2PeriphResetCmd                 0x08005638   Section        0  stm32f10x_rcc.o(i.RCC_APB2PeriphResetCmd)
    i.RCC_GetClocksFreq                      0x08005658   Section        0  stm32f10x_rcc.o(i.RCC_GetClocksFreq)
    i.SVC_Handler                            0x0800572c   Section        0  stm32f10x_it.o(i.SVC_Handler)
    i.SetSysClock                            0x0800572e   Section        0  system_stm32f10x.o(i.SetSysClock)
    SetSysClock                              0x0800572f   Thumb Code     8  system_stm32f10x.o(i.SetSysClock)
    i.SetSysClockTo72                        0x08005738   Section        0  system_stm32f10x.o(i.SetSysClockTo72)
    SetSysClockTo72                          0x08005739   Thumb Code   214  system_stm32f10x.o(i.SetSysClockTo72)
    i.SysTick_CLKSourceConfig                0x08005818   Section        0  misc.o(i.SysTick_CLKSourceConfig)
    i.SysTick_Init                           0x08005840   Section        0  systick.o(i.SysTick_Init)
    i.SysTick_task                           0x0800587c   Section        0  main.o(i.SysTick_task)
    i.SystemInit                             0x080058b8   Section        0  system_stm32f10x.o(i.SystemInit)
    i.USART1_IRQHandler                      0x08005918   Section        0  uart.o(i.USART1_IRQHandler)
    i.USART1_Init                            0x08005954   Section        0  uart.o(i.USART1_Init)
    i.USART_ClearFlag                        0x08005a04   Section        0  stm32f10x_usart.o(i.USART_ClearFlag)
    i.USART_Cmd                              0x08005a16   Section        0  stm32f10x_usart.o(i.USART_Cmd)
    i.USART_GetFlagStatus                    0x08005a2e   Section        0  stm32f10x_usart.o(i.USART_GetFlagStatus)
    i.USART_GetITStatus                      0x08005a48   Section        0  stm32f10x_usart.o(i.USART_GetITStatus)
    i.USART_ITConfig                         0x08005a9c   Section        0  stm32f10x_usart.o(i.USART_ITConfig)
    i.USART_Init                             0x08005ae8   Section        0  stm32f10x_usart.o(i.USART_Init)
    i.USART_ReceiveData                      0x08005bc0   Section        0  stm32f10x_usart.o(i.USART_ReceiveData)
    i.USART_SendData                         0x08005bca   Section        0  stm32f10x_usart.o(i.USART_SendData)
    i.UsageFault_Handler                     0x08005bd2   Section        0  stm32f10x_it.o(i.UsageFault_Handler)
    i.__0printf$6                            0x08005bd8   Section        0  printf6.o(i.__0printf$6)
    i.__scatterload_copy                     0x08005bf8   Section       14  handlers.o(i.__scatterload_copy)
    i.__scatterload_null                     0x08005c06   Section        2  handlers.o(i.__scatterload_null)
    i.__scatterload_zeroinit                 0x08005c08   Section       14  handlers.o(i.__scatterload_zeroinit)
    i._printf_core                           0x08005c18   Section        0  printf6.o(i._printf_core)
    _printf_core                             0x08005c19   Thumb Code   748  printf6.o(i._printf_core)
    i._printf_post_padding                   0x08005f08   Section        0  printf6.o(i._printf_post_padding)
    _printf_post_padding                     0x08005f09   Thumb Code    36  printf6.o(i._printf_post_padding)
    i._printf_pre_padding                    0x08005f2c   Section        0  printf6.o(i._printf_pre_padding)
    _printf_pre_padding                      0x08005f2d   Thumb Code    46  printf6.o(i._printf_pre_padding)
    i.fputc                                  0x08005f5c   Section        0  uart.o(i.fputc)
    i.led1_task                              0x08005f80   Section        0  main.o(i.led1_task)
    i.main                                   0x08005fcc   Section        0  main.o(i.main)
    i.start_task                             0x08006048   Section        0  main.o(i.start_task)
    .constdata                               0x08006220   Section      164  os_cfg_app.o(.constdata)
    .constdata                               0x080062c4   Section      364  os_dbg.o(.constdata)
    .data                                    0x20000000   Section       13  main.o(.data)
    fac_us                                   0x20000000   Data           1  main.o(.data)
    fac_ms                                   0x20000002   Data           2  main.o(.data)
    .data                                    0x2000000e   Section        4  systick.o(.data)
    fac_us                                   0x2000000e   Data           1  systick.o(.data)
    fac_ms                                   0x20000010   Data           2  systick.o(.data)
    .data                                    0x20000012   Section       20  stm32f10x_rcc.o(.data)
    APBAHBPrescTable                         0x20000012   Data          16  stm32f10x_rcc.o(.data)
    ADCPrescTable                            0x20000022   Data           4  stm32f10x_rcc.o(.data)
    .data                                    0x20000028   Section       28  cpu_core.o(.data)
    .data                                    0x20000044   Section        4  lib_mem.o(.data)
    .data                                    0x20000048   Section        4  os_prio.o(.data)
    .data                                    0x2000004c   Section      208  os_var.o(.data)
    .data                                    0x2000011c   Section        4  os_cpu_c.o(.data)
    .data                                    0x20000120   Section        4  stdout.o(.data)
    .bss                                     0x20000124   Section     4384  main.o(.bss)
    .bss                                     0x20001244   Section       16  cpu_core.o(.bss)
    .bss                                     0x20001254   Section     3144  lib_mem.o(.bss)
    .bss                                     0x20001e9c   Section     5264  os_cfg_app.o(.bss)
    .bss                                     0x2000332c   Section     1396  os_var.o(.bss)
    STACK                                    0x200038a0   Section     1024  startup_stm32f10x_hd.o(STACK)

    Global Symbols

    Symbol Name                              Value     Ov Type        Size  Object(Section)

    BuildAttributes$$THM_ISAv4$P$D$K$B$S$PE$A:L22UL41UL21$X:L11$S22US41US21$IEEE1$IW$USESV6$~STKCKD$USESV7$~SHL$OSPACE$ROPI$EBA8$MICROLIB$REQ8$PRES8$EABIv2 0x00000000   Number         0  anon$$obj.o ABSOLUTE
    __ARM_use_no_argv                        0x00000000   Number         0  main.o ABSOLUTE
    _printf_a                                0x00000000   Number         0  stubs.o ABSOLUTE
    _printf_c                                0x00000000   Number         0  stubs.o ABSOLUTE
    _printf_charcount                        0x00000000   Number         0  stubs.o ABSOLUTE
    _printf_d                                0x00000000   Number         0  stubs.o ABSOLUTE
    _printf_e                                0x00000000   Number         0  stubs.o ABSOLUTE
    _printf_f                                0x00000000   Number         0  stubs.o ABSOLUTE
    _printf_flags                            0x00000000   Number         0  stubs.o ABSOLUTE
    _printf_fp_dec                           0x00000000   Number         0  stubs.o ABSOLUTE
    _printf_fp_hex                           0x00000000   Number         0  stubs.o ABSOLUTE
    _printf_g                                0x00000000   Number         0  stubs.o ABSOLUTE
    _printf_i                                0x00000000   Number         0  stubs.o ABSOLUTE
    _printf_int_dec                          0x00000000   Number         0  stubs.o ABSOLUTE
    _printf_l                                0x00000000   Number         0  stubs.o ABSOLUTE
    _printf_lc                               0x00000000   Number         0  stubs.o ABSOLUTE
    _printf_ll                               0x00000000   Number         0  stubs.o ABSOLUTE
    _printf_lld                              0x00000000   Number         0  stubs.o ABSOLUTE
    _printf_lli                              0x00000000   Number         0  stubs.o ABSOLUTE
    _printf_llo                              0x00000000   Number         0  stubs.o ABSOLUTE
    _printf_llu                              0x00000000   Number         0  stubs.o ABSOLUTE
    _printf_llx                              0x00000000   Number         0  stubs.o ABSOLUTE
    _printf_longlong_dec                     0x00000000   Number         0  stubs.o ABSOLUTE
    _printf_longlong_hex                     0x00000000   Number         0  stubs.o ABSOLUTE
    _printf_longlong_oct                     0x00000000   Number         0  stubs.o ABSOLUTE
    _printf_ls                               0x00000000   Number         0  stubs.o ABSOLUTE
    _printf_mbtowc                           0x00000000   Number         0  stubs.o ABSOLUTE
    _printf_n                                0x00000000   Number         0  stubs.o ABSOLUTE
    _printf_o                                0x00000000   Number         0  stubs.o ABSOLUTE
    _printf_p                                0x00000000   Number         0  stubs.o ABSOLUTE
    _printf_percent                          0x00000000   Number         0  stubs.o ABSOLUTE
    _printf_pre_padding                      0x00000000   Number         0  stubs.o ABSOLUTE
    _printf_return_value                     0x00000000   Number         0  stubs.o ABSOLUTE
    _printf_s                                0x00000000   Number         0  stubs.o ABSOLUTE
    _printf_sizespec                         0x00000000   Number         0  stubs.o ABSOLUTE
    _printf_str                              0x00000000   Number         0  stubs.o ABSOLUTE
    _printf_truncate_signed                  0x00000000   Number         0  stubs.o ABSOLUTE
    _printf_truncate_unsigned                0x00000000   Number         0  stubs.o ABSOLUTE
    _printf_u                                0x00000000   Number         0  stubs.o ABSOLUTE
    _printf_wc                               0x00000000   Number         0  stubs.o ABSOLUTE
    _printf_wctomb                           0x00000000   Number         0  stubs.o ABSOLUTE
    _printf_widthprec                        0x00000000   Number         0  stubs.o ABSOLUTE
    _printf_x                                0x00000000   Number         0  stubs.o ABSOLUTE
    __cpp_initialize__aeabi_                  - Undefined Weak Reference
    __cxa_finalize                            - Undefined Weak Reference
    __decompress                              - Undefined Weak Reference
    _clock_init                               - Undefined Weak Reference
    _microlib_exit                            - Undefined Weak Reference
    __Vectors_Size                           0x00000130   Number         0  startup_stm32f10x_hd.o ABSOLUTE
    __Vectors                                0x08000000   Data           4  startup_stm32f10x_hd.o(RESET)
    __Vectors_End                            0x08000130   Data           0  startup_stm32f10x_hd.o(RESET)
    __main                                   0x08000131   Thumb Code     0  entry.o(.ARM.Collect$$$$00000000)
    _main_stk                                0x08000131   Thumb Code     0  entry2.o(.ARM.Collect$$$$00000001)
    _main_scatterload                        0x08000135   Thumb Code     0  entry5.o(.ARM.Collect$$$$00000004)
    __main_after_scatterload                 0x08000139   Thumb Code     0  entry5.o(.ARM.Collect$$$$00000004)
    _main_clock                              0x08000139   Thumb Code     0  entry7b.o(.ARM.Collect$$$$00000008)
    _main_cpp_init                           0x08000139   Thumb Code     0  entry8b.o(.ARM.Collect$$$$0000000A)
    _main_init                               0x08000139   Thumb Code     0  entry9a.o(.ARM.Collect$$$$0000000B)
    __rt_final_cpp                           0x08000141   Thumb Code     0  entry10a.o(.ARM.Collect$$$$0000000D)
    __rt_final_exit                          0x08000141   Thumb Code     0  entry11a.o(.ARM.Collect$$$$0000000F)
    Reset_Handler                            0x08000145   Thumb Code     8  startup_stm32f10x_hd.o(.text)
    ADC1_2_IRQHandler                        0x0800015f   Thumb Code     0  startup_stm32f10x_hd.o(.text)
    ADC3_IRQHandler                          0x0800015f   Thumb Code     0  startup_stm32f10x_hd.o(.text)
    CAN1_RX1_IRQHandler                      0x0800015f   Thumb Code     0  startup_stm32f10x_hd.o(.text)
    CAN1_SCE_IRQHandler                      0x0800015f   Thumb Code     0  startup_stm32f10x_hd.o(.text)
    DMA1_Channel1_IRQHandler                 0x0800015f   Thumb Code     0  startup_stm32f10x_hd.o(.text)
    DMA1_Channel2_IRQHandler                 0x0800015f   Thumb Code     0  startup_stm32f10x_hd.o(.text)
    DMA1_Channel3_IRQHandler                 0x0800015f   Thumb Code     0  startup_stm32f10x_hd.o(.text)
    DMA1_Channel4_IRQHandler                 0x0800015f   Thumb Code     0  startup_stm32f10x_hd.o(.text)
    DMA1_Channel5_IRQHandler                 0x0800015f   Thumb Code     0  startup_stm32f10x_hd.o(.text)
    DMA1_Channel6_IRQHandler                 0x0800015f   Thumb Code     0  startup_stm32f10x_hd.o(.text)
    DMA1_Channel7_IRQHandler                 0x0800015f   Thumb Code     0  startup_stm32f10x_hd.o(.text)
    DMA2_Channel1_IRQHandler                 0x0800015f   Thumb Code     0  startup_stm32f10x_hd.o(.text)
    DMA2_Channel2_IRQHandler                 0x0800015f   Thumb Code     0  startup_stm32f10x_hd.o(.text)
    DMA2_Channel3_IRQHandler                 0x0800015f   Thumb Code     0  startup_stm32f10x_hd.o(.text)
    DMA2_Channel4_5_IRQHandler               0x0800015f   Thumb Code     0  startup_stm32f10x_hd.o(.text)
    EXTI0_IRQHandler                         0x0800015f   Thumb Code     0  startup_stm32f10x_hd.o(.text)
    EXTI15_10_IRQHandler                     0x0800015f   Thumb Code     0  startup_stm32f10x_hd.o(.text)
    EXTI1_IRQHandler                         0x0800015f   Thumb Code     0  startup_stm32f10x_hd.o(.text)
    EXTI2_IRQHandler                         0x0800015f   Thumb Code     0  startup_stm32f10x_hd.o(.text)
    EXTI3_IRQHandler                         0x0800015f   Thumb Code     0  startup_stm32f10x_hd.o(.text)
    EXTI4_IRQHandler                         0x0800015f   Thumb Code     0  startup_stm32f10x_hd.o(.text)
    EXTI9_5_IRQHandler                       0x0800015f   Thumb Code     0  startup_stm32f10x_hd.o(.text)
    FLASH_IRQHandler                         0x0800015f   Thumb Code     0  startup_stm32f10x_hd.o(.text)
    FSMC_IRQHandler                          0x0800015f   Thumb Code     0  startup_stm32f10x_hd.o(.text)
    I2C1_ER_IRQHandler                       0x0800015f   Thumb Code     0  startup_stm32f10x_hd.o(.text)
    I2C1_EV_IRQHandler                       0x0800015f   Thumb Code     0  startup_stm32f10x_hd.o(.text)
    I2C2_ER_IRQHandler                       0x0800015f   Thumb Code     0  startup_stm32f10x_hd.o(.text)
    I2C2_EV_IRQHandler                       0x0800015f   Thumb Code     0  startup_stm32f10x_hd.o(.text)
    PVD_IRQHandler                           0x0800015f   Thumb Code     0  startup_stm32f10x_hd.o(.text)
    RCC_IRQHandler                           0x0800015f   Thumb Code     0  startup_stm32f10x_hd.o(.text)
    RTCAlarm_IRQHandler                      0x0800015f   Thumb Code     0  startup_stm32f10x_hd.o(.text)
    RTC_IRQHandler                           0x0800015f   Thumb Code     0  startup_stm32f10x_hd.o(.text)
    SDIO_IRQHandler                          0x0800015f   Thumb Code     0  startup_stm32f10x_hd.o(.text)
    SPI1_IRQHandler                          0x0800015f   Thumb Code     0  startup_stm32f10x_hd.o(.text)
    SPI2_IRQHandler                          0x0800015f   Thumb Code     0  startup_stm32f10x_hd.o(.text)
    SPI3_IRQHandler                          0x0800015f   Thumb Code     0  startup_stm32f10x_hd.o(.text)
    TAMPER_IRQHandler                        0x0800015f   Thumb Code     0  startup_stm32f10x_hd.o(.text)
    TIM1_BRK_IRQHandler                      0x0800015f   Thumb Code     0  startup_stm32f10x_hd.o(.text)
    TIM1_CC_IRQHandler                       0x0800015f   Thumb Code     0  startup_stm32f10x_hd.o(.text)
    TIM1_TRG_COM_IRQHandler                  0x0800015f   Thumb Code     0  startup_stm32f10x_hd.o(.text)
    TIM1_UP_IRQHandler                       0x0800015f   Thumb Code     0  startup_stm32f10x_hd.o(.text)
    TIM2_IRQHandler                          0x0800015f   Thumb Code     0  startup_stm32f10x_hd.o(.text)
    TIM3_IRQHandler                          0x0800015f   Thumb Code     0  startup_stm32f10x_hd.o(.text)
    TIM4_IRQHandler                          0x0800015f   Thumb Code     0  startup_stm32f10x_hd.o(.text)
    TIM5_IRQHandler                          0x0800015f   Thumb Code     0  startup_stm32f10x_hd.o(.text)
    TIM6_IRQHandler                          0x0800015f   Thumb Code     0  startup_stm32f10x_hd.o(.text)
    TIM7_IRQHandler                          0x0800015f   Thumb Code     0  startup_stm32f10x_hd.o(.text)
    TIM8_BRK_IRQHandler                      0x0800015f   Thumb Code     0  startup_stm32f10x_hd.o(.text)
    TIM8_CC_IRQHandler                       0x0800015f   Thumb Code     0  startup_stm32f10x_hd.o(.text)
    TIM8_TRG_COM_IRQHandler                  0x0800015f   Thumb Code     0  startup_stm32f10x_hd.o(.text)
    TIM8_UP_IRQHandler                       0x0800015f   Thumb Code     0  startup_stm32f10x_hd.o(.text)
    UART4_IRQHandler                         0x0800015f   Thumb Code     0  startup_stm32f10x_hd.o(.text)
    UART5_IRQHandler                         0x0800015f   Thumb Code     0  startup_stm32f10x_hd.o(.text)
    USART2_IRQHandler                        0x0800015f   Thumb Code     0  startup_stm32f10x_hd.o(.text)
    USART3_IRQHandler                        0x0800015f   Thumb Code     0  startup_stm32f10x_hd.o(.text)
    USBWakeUp_IRQHandler                     0x0800015f   Thumb Code     0  startup_stm32f10x_hd.o(.text)
    USB_HP_CAN1_TX_IRQHandler                0x0800015f   Thumb Code     0  startup_stm32f10x_hd.o(.text)
    USB_LP_CAN1_RX0_IRQHandler               0x0800015f   Thumb Code     0  startup_stm32f10x_hd.o(.text)
    WWDG_IRQHandler                          0x0800015f   Thumb Code     0  startup_stm32f10x_hd.o(.text)
    CPU_IntDis                               0x08000169   Thumb Code     0  cpu_a.o(.text)
    CPU_IntEn                                0x0800016d   Thumb Code     0  cpu_a.o(.text)
    CPU_SR_Save                              0x08000171   Thumb Code     0  cpu_a.o(.text)
    CPU_SR_Restore                           0x08000179   Thumb Code     0  cpu_a.o(.text)
    CPU_WaitForInt                           0x0800017f   Thumb Code     0  cpu_a.o(.text)
    CPU_WaitForExcept                        0x08000183   Thumb Code     0  cpu_a.o(.text)
    CPU_CntLeadZeros                         0x08000187   Thumb Code     0  cpu_a.o(.text)
    CPU_CntTrailZeros                        0x0800018d   Thumb Code     0  cpu_a.o(.text)
    CPU_RevBits                              0x08000197   Thumb Code     0  cpu_a.o(.text)
    __aeabi_uidiv                            0x0800019d   Thumb Code     0  uidiv.o(.text)
    __aeabi_uidivmod                         0x0800019d   Thumb Code    44  uidiv.o(.text)
    __scatterload                            0x080001c9   Thumb Code    28  init.o(.text)
    __scatterload_rt2                        0x080001c9   Thumb Code     0  init.o(.text)
    OSStartHighRdy                           0x080001ed   Thumb Code     0  os_cpu_a.o(CODE)
    OS_CPU_PendSVHandler                     0x0800020f   Thumb Code     0  os_cpu_a.o(CODE)
    BSP_CPU_ClkFreq                          0x08000271   Thumb Code    16  bsp.o(i.BSP_CPU_ClkFreq)
    BusFault_Handler                         0x08000281   Thumb Code     4  stm32f10x_it.o(i.BusFault_Handler)
    CPU_Init                                 0x08000285   Thumb Code    16  cpu_core.o(i.CPU_Init)
    CPU_IntDisMeasMaxCurGet                  0x08000335   Thumb Code    40  cpu_core.o(i.CPU_IntDisMeasMaxCurGet)
    CPU_IntDisMeasMaxCurReset                0x08000361   Thumb Code    40  cpu_core.o(i.CPU_IntDisMeasMaxCurReset)
    CPU_IntDisMeasMaxGet                     0x0800038d   Thumb Code    40  cpu_core.o(i.CPU_IntDisMeasMaxGet)
    CPU_IntDisMeasStart                      0x080003b9   Thumb Code    38  cpu_core.o(i.CPU_IntDisMeasStart)
    CPU_IntDisMeasStop                       0x080003ed   Thumb Code    62  cpu_core.o(i.CPU_IntDisMeasStop)
    CPU_NameClr                              0x08000441   Thumb Code    50  cpu_core.o(i.CPU_NameClr)
    CPU_TS_TmrFreqSet                        0x08000495   Thumb Code     6  cpu_core.o(i.CPU_TS_TmrFreqSet)
    CPU_TS_TmrInit                           0x080004a1   Thumb Code    44  bsp.o(i.CPU_TS_TmrInit)
    CPU_TS_TmrRd                             0x080004d5   Thumb Code     6  bsp.o(i.CPU_TS_TmrRd)
    DebugMon_Handler                         0x080004e1   Thumb Code     2  stm32f10x_it.o(i.DebugMon_Handler)
    GPIO_DeInit                              0x080004e5   Thumb Code   172  stm32f10x_gpio.o(i.GPIO_DeInit)
    GPIO_Init                                0x080005ad   Thumb Code   278  stm32f10x_gpio.o(i.GPIO_Init)
    GPIO_ResetBits                           0x080006c3   Thumb Code     4  stm32f10x_gpio.o(i.GPIO_ResetBits)
    GPIO_SetBits                             0x080006c7   Thumb Code     4  stm32f10x_gpio.o(i.GPIO_SetBits)
    HardFault_Handler                        0x080006cb   Thumb Code     4  stm32f10x_it.o(i.HardFault_Handler)
    KEY_Init                                 0x080006d1   Thumb Code    64  key.o(i.KEY_Init)
    LED_Init                                 0x08000719   Thumb Code    56  led.o(i.LED_Init)
    LED_OFF                                  0x08000755   Thumb Code    16  led.o(i.LED_OFF)
    LED_ON                                   0x08000765   Thumb Code    16  led.o(i.LED_ON)
    MemManage_Handler                        0x08000775   Thumb Code     4  stm32f10x_it.o(i.MemManage_Handler)
    Mem_Clr                                  0x08000779   Thumb Code    18  lib_mem.o(i.Mem_Clr)
    Mem_Init                                 0x0800078d   Thumb Code    54  lib_mem.o(i.Mem_Init)
    Mem_Set                                  0x080007d5   Thumb Code    98  lib_mem.o(i.Mem_Set)
    MyTmrCallback                            0x08000839   Thumb Code   272  main.o(i.MyTmrCallback)
    MyTmr_task                               0x080009b5   Thumb Code    90  main.o(i.MyTmr_task)
    NMI_Handler                              0x08000a31   Thumb Code     2  stm32f10x_it.o(i.NMI_Handler)
    NVIC_Init                                0x08000a35   Thumb Code   100  misc.o(i.NVIC_Init)
    OSCfg_Init                               0x08000aa5   Thumb Code     2  os_cfg_app.o(i.OSCfg_Init)
    OSIdleTaskHook                           0x08000aa9   Thumb Code    16  os_cpu_c.o(i.OSIdleTaskHook)
    OSInit                                   0x08000abd   Thumb Code   300  os_core.o(i.OSInit)
    OSInitHook                               0x08000c49   Thumb Code    42  os_cpu_c.o(i.OSInitHook)
    OSIntExit                                0x08000c81   Thumb Code   192  os_core.o(i.OSIntExit)
    OSSched                                  0x08000d65   Thumb Code   134  os_core.o(i.OSSched)
    OSSchedLock                              0x08000e0d   Thumb Code   112  os_core.o(i.OSSchedLock)
    OSSchedRoundRobinCfg                     0x08000e89   Thumb Code    96  os_core.o(i.OSSchedRoundRobinCfg)
    OSSchedUnlock                            0x08000ef5   Thumb Code   148  os_core.o(i.OSSchedUnlock)
    OSStart                                  0x08000f95   Thumb Code    78  os_core.o(i.OSStart)
    OSStatReset                              0x08000ffd   Thumb Code   316  os_stat.o(i.OSStatReset)
    OSStatTaskCPUUsageInit                   0x08001165   Thumb Code   228  os_stat.o(i.OSStatTaskCPUUsageInit)
    OSStatTaskHook                           0x08001265   Thumb Code    16  os_cpu_c.o(i.OSStatTaskHook)
    OSTaskCreate                             0x08001279   Thumb Code   624  os_task.o(i.OSTaskCreate)
    OSTaskCreateHook                         0x0800150d   Thumb Code    20  os_cpu_c.o(i.OSTaskCreateHook)
    OSTaskDel                                0x08001525   Thumb Code   490  os_task.o(i.OSTaskDel)
    OSTaskDelHook                            0x0800172d   Thumb Code    20  os_cpu_c.o(i.OSTaskDelHook)
    OSTaskResume                             0x08001745   Thumb Code   124  os_task.o(i.OSTaskResume)
    OSTaskReturnHook                         0x080017cd   Thumb Code    20  os_cpu_c.o(i.OSTaskReturnHook)
    OSTaskSemPend                            0x080017e5   Thumb Code   578  os_task.o(i.OSTaskSemPend)
    OSTaskStkChk                             0x08001a35   Thumb Code   220  os_task.o(i.OSTaskStkChk)
    OSTaskStkInit                            0x08001b19   Thumb Code   188  os_cpu_c.o(i.OSTaskStkInit)
    OSTaskSuspend                            0x08001bd9   Thumb Code    78  os_task.o(i.OSTaskSuspend)
    OSTaskSwHook                             0x08001c39   Thumb Code   146  os_cpu_c.o(i.OSTaskSwHook)
    OSTimeDly                                0x08001cdd   Thumb Code   322  os_time.o(i.OSTimeDly)
    OSTimeDlyHMSM                            0x08001e2d   Thumb Code   538  os_time.o(i.OSTimeDlyHMSM)
    OSTimeDlyResume                          0x08002059   Thumb Code   552  os_time.o(i.OSTimeDlyResume)
    OSTimeTick                               0x0800228d   Thumb Code    54  os_time.o(i.OSTimeTick)
    OSTimeTickHook                           0x080022d1   Thumb Code    16  os_cpu_c.o(i.OSTimeTickHook)
    OSTmrCreate                              0x080022e5   Thumb Code   286  os_tmr.o(i.OSTmrCreate)
    OSTmrDel                                 0x08002415   Thumb Code   182  os_tmr.o(i.OSTmrDel)
    OSTmrStart                               0x080024d9   Thumb Code   170  os_tmr.o(i.OSTmrStart)
    OS_CPU_SysTickHandler                    0x0800258d   Thumb Code    60  os_cpu_c.o(i.OS_CPU_SysTickHandler)
    OS_CPU_SysTickInit                       0x080025cd   Thumb Code    44  os_cpu_c.o(i.OS_CPU_SysTickInit)
    OS_Dbg_Init                              0x080025fd   Thumb Code   150  os_dbg.o(i.OS_Dbg_Init)
    OS_FlagInit                              0x080027b1   Thumb Code    14  os_flag.o(i.OS_FlagInit)
    OS_FlagPost                              0x080027c9   Thumb Code   626  os_flag.o(i.OS_FlagPost)
    OS_FlagTaskRdy                           0x08002a45   Thumb Code    86  os_flag.o(i.OS_FlagTaskRdy)
    OS_IdleTask                              0x08002a9d   Thumb Code    68  os_core.o(i.OS_IdleTask)
    OS_IdleTaskInit                          0x08002ae9   Thumb Code    66  os_core.o(i.OS_IdleTaskInit)
    OS_IntQPost                              0x08002b59   Thumb Code   224  os_int.o(i.OS_IntQPost)
    OS_IntQRePost                            0x08002c5d   Thumb Code   360  os_int.o(i.OS_IntQRePost)
    OS_IntQTask                              0x08002e01   Thumb Code   182  os_int.o(i.OS_IntQTask)
    OS_IntQTaskInit                          0x08002ec9   Thumb Code   206  os_int.o(i.OS_IntQTaskInit)
    OS_MemInit                               0x08002ff1   Thumb Code    14  os_mem.o(i.OS_MemInit)
    OS_MsgPoolInit                           0x08003009   Thumb Code   110  os_msg.o(i.OS_MsgPoolInit)
    OS_MsgQFreeAll                           0x08003085   Thumb Code    62  os_msg.o(i.OS_MsgQFreeAll)
    OS_MsgQInit                              0x080030c9   Thumb Code    14  os_msg.o(i.OS_MsgQInit)
    OS_MsgQPut                               0x080030d9   Thumb Code   254  os_msg.o(i.OS_MsgQPut)
    OS_MutexInit                             0x080031dd   Thumb Code    14  os_mutex.o(i.OS_MutexInit)
    OS_Pend                                  0x080031f5   Thumb Code    98  os_core.o(i.OS_Pend)
    OS_PendDataInit                          0x0800325d   Thumb Code    38  os_core.o(i.OS_PendDataInit)
    OS_PendDbgNameAdd                        0x08003285   Thumb Code    66  os_core.o(i.OS_PendDbgNameAdd)
    OS_PendDbgNameRemove                     0x080032e1   Thumb Code    30  os_core.o(i.OS_PendDbgNameRemove)
    OS_PendListInsertPrio                    0x08003305   Thumb Code   102  os_core.o(i.OS_PendListInsertPrio)
    OS_PendListRemove                        0x0800336b   Thumb Code    48  os_core.o(i.OS_PendListRemove)
    OS_PendListRemove1                       0x0800339b   Thumb Code    66  os_core.o(i.OS_PendListRemove1)
    OS_Post                                  0x080033dd   Thumb Code   192  os_core.o(i.OS_Post)
    OS_Post1                                 0x0800349d   Thumb Code    42  os_core.o(i.OS_Post1)
    OS_PrioGetHighest                        0x080034c9   Thumb Code    36  os_prio.o(i.OS_PrioGetHighest)
    OS_PrioInit                              0x080034f1   Thumb Code    20  os_prio.o(i.OS_PrioInit)
    OS_PrioInsert                            0x08003509   Thumb Code    32  os_prio.o(i.OS_PrioInsert)
    OS_PrioRemove                            0x0800352d   Thumb Code    32  os_prio.o(i.OS_PrioRemove)
    OS_QInit                                 0x08003551   Thumb Code    14  os_q.o(i.OS_QInit)
    OS_QPost                                 0x08003569   Thumb Code   382  os_q.o(i.OS_QPost)
    OS_RdyListInit                           0x080036f1   Thumb Code    32  os_core.o(i.OS_RdyListInit)
    OS_RdyListInsert                         0x08003715   Thumb Code    40  os_core.o(i.OS_RdyListInsert)
    OS_RdyListInsertHead                     0x08003741   Thumb Code    58  os_core.o(i.OS_RdyListInsertHead)
    OS_RdyListInsertTail                     0x08003781   Thumb Code    56  os_core.o(i.OS_RdyListInsertTail)
    OS_RdyListMoveHeadToTail                 0x080037bd   Thumb Code    68  os_core.o(i.OS_RdyListMoveHeadToTail)
    OS_RdyListRemove                         0x08003801   Thumb Code    86  os_core.o(i.OS_RdyListRemove)
    OS_Sched0                                0x0800385d   Thumb Code    72  os_core.o(i.OS_Sched0)
    OS_SchedLockTimeMeasStart                0x080038b9   Thumb Code    20  os_core.o(i.OS_SchedLockTimeMeasStart)
    OS_SchedLockTimeMeasStop                 0x080038d5   Thumb Code    44  os_core.o(i.OS_SchedLockTimeMeasStop)
    OS_SchedRoundRobin                       0x08003911   Thumb Code   218  os_core.o(i.OS_SchedRoundRobin)
    OS_SemInit                               0x080039fd   Thumb Code    14  os_sem.o(i.OS_SemInit)
    OS_SemPost                               0x08003a15   Thumb Code   404  os_sem.o(i.OS_SemPost)
    OS_StatTask                              0x08003bad   Thumb Code   878  os_stat.o(i.OS_StatTask)
    OS_StatTaskInit                          0x08003f65   Thumb Code   136  os_stat.o(i.OS_StatTaskInit)
    OS_TaskBlock                             0x08004031   Thumb Code    56  os_core.o(i.OS_TaskBlock)
    OS_TaskDbgListAdd                        0x08004069   Thumb Code    42  os_task.o(i.OS_TaskDbgListAdd)
    OS_TaskDbgListRemove                     0x08004099   Thumb Code    64  os_task.o(i.OS_TaskDbgListRemove)
    OS_TaskInit                              0x080040dd   Thumb Code    18  os_task.o(i.OS_TaskInit)
    OS_TaskInitTCB                           0x080040fd   Thumb Code   194  os_task.o(i.OS_TaskInitTCB)
    OS_TaskQPost                             0x080041cd   Thumb Code   606  os_task.o(i.OS_TaskQPost)
    OS_TaskRdy                               0x08004439   Thumb Code    28  os_core.o(i.OS_TaskRdy)
    OS_TaskResume                            0x08004455   Thumb Code   374  os_task.o(i.OS_TaskResume)
    OS_TaskReturn                            0x080045d1   Thumb Code    20  os_task.o(i.OS_TaskReturn)
    OS_TaskSemPost                           0x080045e9   Thumb Code  1438  os_task.o(i.OS_TaskSemPost)
    OS_TaskSuspend                           0x08004b91   Thumb Code   392  os_task.o(i.OS_TaskSuspend)
    OS_TickListInit                          0x08004d21   Thumb Code    32  os_tick.o(i.OS_TickListInit)
    OS_TickListInsert                        0x08004d49   Thumb Code   430  os_tick.o(i.OS_TickListInsert)
    OS_TickListRemove                        0x08004f05   Thumb Code    56  os_tick.o(i.OS_TickListRemove)
    OS_TickListResetPeak                     0x08004f3d   Thumb Code    28  os_tick.o(i.OS_TickListResetPeak)
    OS_TickListUpdate                        0x08004f61   Thumb Code   520  os_tick.o(i.OS_TickListUpdate)
    OS_TickTask                              0x08005181   Thumb Code    38  os_tick.o(i.OS_TickTask)
    OS_TickTaskInit                          0x080051ad   Thumb Code   128  os_tick.o(i.OS_TickTaskInit)
    OS_TmrClr                                0x08005265   Thumb Code    36  os_tmr.o(i.OS_TmrClr)
    OS_TmrDbgListAdd                         0x08005295   Thumb Code    34  os_tmr.o(i.OS_TmrDbgListAdd)
    OS_TmrDbgListRemove                      0x080052bd   Thumb Code    44  os_tmr.o(i.OS_TmrDbgListRemove)
    OS_TmrInit                               0x080052ed   Thumb Code   206  os_tmr.o(i.OS_TmrInit)
    OS_TmrLink                               0x08005415   Thumb Code   196  os_tmr.o(i.OS_TmrLink)
    OS_TmrResetPeak                          0x080054e5   Thumb Code    28  os_tmr.o(i.OS_TmrResetPeak)
    OS_TmrTask                               0x08005509   Thumb Code   176  os_tmr.o(i.OS_TmrTask)
    OS_TmrUnlink                             0x080055c9   Thumb Code    72  os_tmr.o(i.OS_TmrUnlink)
    RCC_APB2PeriphClockCmd                   0x08005619   Thumb Code    26  stm32f10x_rcc.o(i.RCC_APB2PeriphClockCmd)
    RCC_APB2PeriphResetCmd                   0x08005639   Thumb Code    26  stm32f10x_rcc.o(i.RCC_APB2PeriphResetCmd)
    RCC_GetClocksFreq                        0x08005659   Thumb Code   192  stm32f10x_rcc.o(i.RCC_GetClocksFreq)
    SVC_Handler                              0x0800572d   Thumb Code     2  stm32f10x_it.o(i.SVC_Handler)
    SysTick_CLKSourceConfig                  0x08005819   Thumb Code    40  misc.o(i.SysTick_CLKSourceConfig)
    SysTick_Init                             0x08005841   Thumb Code    52  systick.o(i.SysTick_Init)
    SysTick_task                             0x0800587d   Thumb Code    38  main.o(i.SysTick_task)
    SystemInit                               0x080058b9   Thumb Code    78  system_stm32f10x.o(i.SystemInit)
    USART1_IRQHandler                        0x08005919   Thumb Code    54  uart.o(i.USART1_IRQHandler)
    USART1_Init                              0x08005955   Thumb Code   166  uart.o(i.USART1_Init)
    USART_ClearFlag                          0x08005a05   Thumb Code    18  stm32f10x_usart.o(i.USART_ClearFlag)
    USART_Cmd                                0x08005a17   Thumb Code    24  stm32f10x_usart.o(i.USART_Cmd)
    USART_GetFlagStatus                      0x08005a2f   Thumb Code    26  stm32f10x_usart.o(i.USART_GetFlagStatus)
    USART_GetITStatus                        0x08005a49   Thumb Code    84  stm32f10x_usart.o(i.USART_GetITStatus)
    USART_ITConfig                           0x08005a9d   Thumb Code    74  stm32f10x_usart.o(i.USART_ITConfig)
    USART_Init                               0x08005ae9   Thumb Code   210  stm32f10x_usart.o(i.USART_Init)
    USART_ReceiveData                        0x08005bc1   Thumb Code    10  stm32f10x_usart.o(i.USART_ReceiveData)
    USART_SendData                           0x08005bcb   Thumb Code     8  stm32f10x_usart.o(i.USART_SendData)
    UsageFault_Handler                       0x08005bd3   Thumb Code     4  stm32f10x_it.o(i.UsageFault_Handler)
    __0printf$6                              0x08005bd9   Thumb Code    22  printf6.o(i.__0printf$6)
    __1printf$6                              0x08005bd9   Thumb Code     0  printf6.o(i.__0printf$6)
    __2printf                                0x08005bd9   Thumb Code     0  printf6.o(i.__0printf$6)
    __scatterload_copy                       0x08005bf9   Thumb Code    14  handlers.o(i.__scatterload_copy)
    __scatterload_null                       0x08005c07   Thumb Code     2  handlers.o(i.__scatterload_null)
    __scatterload_zeroinit                   0x08005c09   Thumb Code    14  handlers.o(i.__scatterload_zeroinit)
    fputc                                    0x08005f5d   Thumb Code    32  uart.o(i.fputc)
    led1_task                                0x08005f81   Thumb Code    68  main.o(i.led1_task)
    main                                     0x08005fcd   Thumb Code    94  main.o(i.main)
    start_task                               0x08006049   Thumb Code   380  main.o(i.start_task)
    OSCfg_IdleTaskStkBasePtr                 0x08006220   Data           4  os_cfg_app.o(.constdata)
    OSCfg_IdleTaskStkLimit                   0x08006224   Data           4  os_cfg_app.o(.constdata)
    OSCfg_IdleTaskStkSize                    0x08006228   Data           4  os_cfg_app.o(.constdata)
    OSCfg_IdleTaskStkSizeRAM                 0x0800622c   Data           4  os_cfg_app.o(.constdata)
    OSCfg_IntQBasePtr                        0x08006230   Data           4  os_cfg_app.o(.constdata)
    OSCfg_IntQSize                           0x08006234   Data           2  os_cfg_app.o(.constdata)
    OSCfg_IntQSizeRAM                        0x08006238   Data           4  os_cfg_app.o(.constdata)
    OSCfg_IntQTaskStkBasePtr                 0x0800623c   Data           4  os_cfg_app.o(.constdata)
    OSCfg_IntQTaskStkLimit                   0x08006240   Data           4  os_cfg_app.o(.constdata)
    OSCfg_IntQTaskStkSize                    0x08006244   Data           4  os_cfg_app.o(.constdata)
    OSCfg_IntQTaskStkSizeRAM                 0x08006248   Data           4  os_cfg_app.o(.constdata)
    OSCfg_ISRStkBasePtr                      0x0800624c   Data           4  os_cfg_app.o(.constdata)
    OSCfg_ISRStkSize                         0x08006250   Data           4  os_cfg_app.o(.constdata)
    OSCfg_ISRStkSizeRAM                      0x08006254   Data           4  os_cfg_app.o(.constdata)
    OSCfg_MsgPoolSize                        0x08006258   Data           2  os_cfg_app.o(.constdata)
    OSCfg_MsgPoolSizeRAM                     0x0800625c   Data           4  os_cfg_app.o(.constdata)
    OSCfg_MsgPoolBasePtr                     0x08006260   Data           4  os_cfg_app.o(.constdata)
    OSCfg_StatTaskPrio                       0x08006264   Data           1  os_cfg_app.o(.constdata)
    OSCfg_StatTaskRate_Hz                    0x08006268   Data           4  os_cfg_app.o(.constdata)
    OSCfg_StatTaskStkBasePtr                 0x0800626c   Data           4  os_cfg_app.o(.constdata)
    OSCfg_StatTaskStkLimit                   0x08006270   Data           4  os_cfg_app.o(.constdata)
    OSCfg_StatTaskStkSize                    0x08006274   Data           4  os_cfg_app.o(.constdata)
    OSCfg_StatTaskStkSizeRAM                 0x08006278   Data           4  os_cfg_app.o(.constdata)
    OSCfg_StkSizeMin                         0x0800627c   Data           4  os_cfg_app.o(.constdata)
    OSCfg_TickRate_Hz                        0x08006280   Data           4  os_cfg_app.o(.constdata)
    OSCfg_TickTaskPrio                       0x08006284   Data           1  os_cfg_app.o(.constdata)
    OSCfg_TickTaskStkBasePtr                 0x08006288   Data           4  os_cfg_app.o(.constdata)
    OSCfg_TickTaskStkLimit                   0x0800628c   Data           4  os_cfg_app.o(.constdata)
    OSCfg_TickTaskStkSize                    0x08006290   Data           4  os_cfg_app.o(.constdata)
    OSCfg_TickTaskStkSizeRAM                 0x08006294   Data           4  os_cfg_app.o(.constdata)
    OSCfg_TickWheelSize                      0x08006298   Data           2  os_cfg_app.o(.constdata)
    OSCfg_TickWheelSizeRAM                   0x0800629c   Data           4  os_cfg_app.o(.constdata)
    OSCfg_TmrTaskPrio                        0x080062a0   Data           1  os_cfg_app.o(.constdata)
    OSCfg_TmrTaskRate_Hz                     0x080062a4   Data           4  os_cfg_app.o(.constdata)
    OSCfg_TmrTaskStkBasePtr                  0x080062a8   Data           4  os_cfg_app.o(.constdata)
    OSCfg_TmrTaskStkLimit                    0x080062ac   Data           4  os_cfg_app.o(.constdata)
    OSCfg_TmrTaskStkSize                     0x080062b0   Data           4  os_cfg_app.o(.constdata)
    OSCfg_TmrTaskStkSizeRAM                  0x080062b4   Data           4  os_cfg_app.o(.constdata)
    OSCfg_TmrWheelSize                       0x080062b8   Data           2  os_cfg_app.o(.constdata)
    OSCfg_TmrWheelSizeRAM                    0x080062bc   Data           4  os_cfg_app.o(.constdata)
    OSCfg_DataSizeRAM                        0x080062c0   Data           4  os_cfg_app.o(.constdata)
    OSDbg_DbgEn                              0x080062c4   Data           1  os_dbg.o(.constdata)
    OSDbg_ArgChkEn                           0x080062c5   Data           1  os_dbg.o(.constdata)
    OSDbg_AppHooksEn                         0x080062c6   Data           1  os_dbg.o(.constdata)
    OSDbg_EndiannessTest                     0x080062c8   Data           4  os_dbg.o(.constdata)
    OSDbg_CalledFromISRChkEn                 0x080062cc   Data           1  os_dbg.o(.constdata)
    OSDbg_FlagEn                             0x080062cd   Data           1  os_dbg.o(.constdata)
    OSDbg_FlagGrp                            0x080062d0   Data          40  os_dbg.o(.constdata)
    OSDbg_FlagDelEn                          0x080062f8   Data           1  os_dbg.o(.constdata)
    OSDbg_FlagModeClrEn                      0x080062f9   Data           1  os_dbg.o(.constdata)
    OSDbg_FlagPendAbortEn                    0x080062fa   Data           1  os_dbg.o(.constdata)
    OSDbg_FlagGrpSize                        0x080062fc   Data           2  os_dbg.o(.constdata)
    OSDbg_FlagWidth                          0x080062fe   Data           2  os_dbg.o(.constdata)
    OSDbg_IntQ                               0x08006300   Data           2  os_dbg.o(.constdata)
    OSDbg_ISRPostDeferredEn                  0x08006302   Data           1  os_dbg.o(.constdata)
    OSDbg_Mem                                0x08006304   Data          32  os_dbg.o(.constdata)
    OSDbg_MemEn                              0x08006324   Data           1  os_dbg.o(.constdata)
    OSDbg_MemSize                            0x08006326   Data           2  os_dbg.o(.constdata)
    OSDbg_MsgEn                              0x08006328   Data           1  os_dbg.o(.constdata)
    OSDbg_MsgSize                            0x0800632a   Data           2  os_dbg.o(.constdata)
    OSDbg_MsgPoolSize                        0x0800632c   Data           2  os_dbg.o(.constdata)
    OSDbg_MsgQSize                           0x0800632e   Data           2  os_dbg.o(.constdata)
    OSDbg_Mutex                              0x08006330   Data          44  os_dbg.o(.constdata)
    OSDbg_MutexEn                            0x0800635c   Data           1  os_dbg.o(.constdata)
    OSDbg_MutexDelEn                         0x0800635d   Data           1  os_dbg.o(.constdata)
    OSDbg_MutexPendAbortEn                   0x0800635e   Data           1  os_dbg.o(.constdata)
    OSDbg_MutexSize                          0x08006360   Data           2  os_dbg.o(.constdata)
    OSDbg_ObjTypeChkEn                       0x08006362   Data           1  os_dbg.o(.constdata)
    OSDbg_PendMultiEn                        0x08006363   Data           1  os_dbg.o(.constdata)
    OSDbg_PendDataSize                       0x08006364   Data           2  os_dbg.o(.constdata)
    OSDbg_PendListSize                       0x08006366   Data           2  os_dbg.o(.constdata)
    OSDbg_PendObjSize                        0x08006368   Data           2  os_dbg.o(.constdata)
    OSDbg_PrioMax                            0x0800636a   Data           2  os_dbg.o(.constdata)
    OSDbg_PrioTblSize                        0x0800636c   Data           2  os_dbg.o(.constdata)
    OSDbg_PtrSize                            0x0800636e   Data           2  os_dbg.o(.constdata)
    OSDbg_Q                                  0x08006370   Data          48  os_dbg.o(.constdata)
    OSDbg_QEn                                0x080063a0   Data           1  os_dbg.o(.constdata)
    OSDbg_QDelEn                             0x080063a1   Data           1  os_dbg.o(.constdata)
    OSDbg_QFlushEn                           0x080063a2   Data           1  os_dbg.o(.constdata)
    OSDbg_QPendAbortEn                       0x080063a3   Data           1  os_dbg.o(.constdata)
    OSDbg_QSize                              0x080063a4   Data           2  os_dbg.o(.constdata)
    OSDbg_SchedRoundRobinEn                  0x080063a6   Data           1  os_dbg.o(.constdata)
    OSDbg_Sem                                0x080063a8   Data          40  os_dbg.o(.constdata)
    OSDbg_SemEn                              0x080063d0   Data           1  os_dbg.o(.constdata)
    OSDbg_SemDelEn                           0x080063d1   Data           1  os_dbg.o(.constdata)
    OSDbg_SemPendAbortEn                     0x080063d2   Data           1  os_dbg.o(.constdata)
    OSDbg_SemSetEn                           0x080063d3   Data           1  os_dbg.o(.constdata)
    OSDbg_SemSize                            0x080063d4   Data           2  os_dbg.o(.constdata)
    OSDbg_RdyList                            0x080063d6   Data           2  os_dbg.o(.constdata)
    OSDbg_RdyListSize                        0x080063d8   Data           4  os_dbg.o(.constdata)
    OSDbg_StkWidth                           0x080063dc   Data           1  os_dbg.o(.constdata)
    OSDbg_StatTaskEn                         0x080063dd   Data           1  os_dbg.o(.constdata)
    OSDbg_StatTaskStkChkEn                   0x080063de   Data           1  os_dbg.o(.constdata)
    OSDbg_TaskChangePrioEn                   0x080063df   Data           1  os_dbg.o(.constdata)
    OSDbg_TaskDelEn                          0x080063e0   Data           1  os_dbg.o(.constdata)
    OSDbg_TaskQEn                            0x080063e1   Data           1  os_dbg.o(.constdata)
    OSDbg_TaskQPendAbortEn                   0x080063e2   Data           1  os_dbg.o(.constdata)
    OSDbg_TaskProfileEn                      0x080063e3   Data           1  os_dbg.o(.constdata)
    OSDbg_TaskRegTblSize                     0x080063e4   Data           2  os_dbg.o(.constdata)
    OSDbg_TaskSemPendAbortEn                 0x080063e6   Data           1  os_dbg.o(.constdata)
    OSDbg_TaskSuspendEn                      0x080063e7   Data           1  os_dbg.o(.constdata)
    OSDbg_TCBSize                            0x080063e8   Data           2  os_dbg.o(.constdata)
    OSDbg_TickSpokeSize                      0x080063ea   Data           2  os_dbg.o(.constdata)
    OSDbg_TimeDlyHMSMEn                      0x080063ec   Data           1  os_dbg.o(.constdata)
    OSDbg_TimeDlyResumeEn                    0x080063ed   Data           1  os_dbg.o(.constdata)
    OSDbg_TLS_TblSize                        0x080063ee   Data           2  os_dbg.o(.constdata)
    OSDbg_Tmr                                0x080063f0   Data          52  os_dbg.o(.constdata)
    OSDbg_TmrEn                              0x08006424   Data           1  os_dbg.o(.constdata)
    OSDbg_TmrDelEn                           0x08006425   Data           1  os_dbg.o(.constdata)
    OSDbg_TmrSize                            0x08006426   Data           2  os_dbg.o(.constdata)
    OSDbg_TmrSpokeSize                       0x08006428   Data           2  os_dbg.o(.constdata)
    OSDbg_VersionNbr                         0x0800642a   Data           2  os_dbg.o(.constdata)
    OSDbg_DataSize                           0x0800642c   Data           4  os_dbg.o(.constdata)
    Region$$Table$$Base                      0x08006430   Number         0  anon$$obj.o(Region$$Table)
    Region$$Table$$Limit                     0x08006450   Number         0  anon$$obj.o(Region$$Table)
    ts_start                                 0x20000004   Data           4  main.o(.data)
    ts_end                                   0x20000008   Data           4  main.o(.data)
    time                                     0x2000000c   Data           1  main.o(.data)
    CPU_TS_TmrFreq_Hz                        0x20000028   Data           4  cpu_core.o(.data)
    CPU_IntDisMeasCtr                        0x2000002c   Data           2  cpu_core.o(.data)
    CPU_IntDisNestCtr                        0x2000002e   Data           2  cpu_core.o(.data)
    CPU_IntDisMeasStart_cnts                 0x20000030   Data           4  cpu_core.o(.data)
    CPU_IntDisMeasStop_cnts                  0x20000034   Data           4  cpu_core.o(.data)
    CPU_IntDisMeasOvrhd_cnts                 0x20000038   Data           4  cpu_core.o(.data)
    CPU_IntDisMeasMaxCur_cnts                0x2000003c   Data           4  cpu_core.o(.data)
    CPU_IntDisMeasMax_cnts                   0x20000040   Data           4  cpu_core.o(.data)
    Mem_PoolTbl                              0x20000044   Data           4  lib_mem.o(.data)
    OSPrioTbl                                0x20000048   Data           4  os_prio.o(.data)
    OS_AppTaskCreateHookPtr                  0x2000004c   Data           4  os_var.o(.data)
    OS_AppTaskDelHookPtr                     0x20000050   Data           4  os_var.o(.data)
    OS_AppTaskReturnHookPtr                  0x20000054   Data           4  os_var.o(.data)
    OS_AppIdleTaskHookPtr                    0x20000058   Data           4  os_var.o(.data)
    OS_AppStatTaskHookPtr                    0x2000005c   Data           4  os_var.o(.data)
    OS_AppTaskSwHookPtr                      0x20000060   Data           4  os_var.o(.data)
    OS_AppTimeTickHookPtr                    0x20000064   Data           4  os_var.o(.data)
    OSIdleTaskCtr                            0x20000068   Data           4  os_var.o(.data)
    OSIntNestingCtr                          0x2000006c   Data           1  os_var.o(.data)
    OSIntDisTimeMax                          0x20000070   Data           4  os_var.o(.data)
    OSRunning                                0x20000074   Data           1  os_var.o(.data)
    OSIntQInPtr                              0x20000078   Data           4  os_var.o(.data)
    OSIntQOutPtr                             0x2000007c   Data           4  os_var.o(.data)
    OSIntQNbrEntries                         0x20000080   Data           2  os_var.o(.data)
    OSIntQNbrEntriesMax                      0x20000082   Data           2  os_var.o(.data)
    OSIntQOvfCtr                             0x20000084   Data           2  os_var.o(.data)
    OSIntQTaskTimeMax                        0x20000088   Data           4  os_var.o(.data)
    OSFlagDbgListPtr                         0x2000008c   Data           4  os_var.o(.data)
    OSFlagQty                                0x20000090   Data           2  os_var.o(.data)
    OSMemDbgListPtr                          0x20000094   Data           4  os_var.o(.data)
    OSMemQty                                 0x20000098   Data           2  os_var.o(.data)
    OSMutexDbgListPtr                        0x2000009c   Data           4  os_var.o(.data)
    OSMutexQty                               0x200000a0   Data           2  os_var.o(.data)
    OSPrioCur                                0x200000a2   Data           1  os_var.o(.data)
    OSPrioHighRdy                            0x200000a3   Data           1  os_var.o(.data)
    OSPrioSaved                              0x200000a4   Data           1  os_var.o(.data)
    OSQDbgListPtr                            0x200000a8   Data           4  os_var.o(.data)
    OSQQty                                   0x200000ac   Data           2  os_var.o(.data)
    OSSchedLockTimeBegin                     0x200000b0   Data           4  os_var.o(.data)
    OSSchedLockTimeMax                       0x200000b4   Data           4  os_var.o(.data)
    OSSchedLockTimeMaxCur                    0x200000b8   Data           4  os_var.o(.data)
    OSSchedLockNestingCtr                    0x200000bc   Data           1  os_var.o(.data)
    OSSchedRoundRobinDfltTimeQuanta          0x200000c0   Data           4  os_var.o(.data)
    OSSchedRoundRobinEn                      0x200000c4   Data           1  os_var.o(.data)
    OSSemDbgListPtr                          0x200000c8   Data           4  os_var.o(.data)
    OSSemQty                                 0x200000cc   Data           2  os_var.o(.data)
    OSStatResetFlag                          0x200000ce   Data           1  os_var.o(.data)
    OSStatTaskCPUUsage                       0x200000d0   Data           2  os_var.o(.data)
    OSStatTaskCPUUsageMax                    0x200000d2   Data           2  os_var.o(.data)
    OSStatTaskCtr                            0x200000d4   Data           4  os_var.o(.data)
    OSStatTaskCtrMax                         0x200000d8   Data           4  os_var.o(.data)
    OSStatTaskCtrRun                         0x200000dc   Data           4  os_var.o(.data)
    OSStatTaskRdy                            0x200000e0   Data           1  os_var.o(.data)
    OSStatTaskTimeMax                        0x200000e4   Data           4  os_var.o(.data)
    OSTaskCtxSwCtr                           0x200000e8   Data           4  os_var.o(.data)
    OSTaskDbgListPtr                         0x200000ec   Data           4  os_var.o(.data)
    OSTaskQty                                0x200000f0   Data           2  os_var.o(.data)
    OSTaskRegNextAvailID                     0x200000f2   Data           1  os_var.o(.data)
    OSTickCtr                                0x200000f4   Data           4  os_var.o(.data)
    OSTickTaskTimeMax                        0x200000f8   Data           4  os_var.o(.data)
    OSTmrDbgListPtr                          0x200000fc   Data           4  os_var.o(.data)
    OSTmrQty                                 0x20000100   Data           2  os_var.o(.data)
    OSTmrTaskTimeMax                         0x20000104   Data           4  os_var.o(.data)
    OSTmrTickCtr                             0x20000108   Data           4  os_var.o(.data)
    OSTmrUpdateCnt                           0x2000010c   Data           4  os_var.o(.data)
    OSTmrUpdateCtr                           0x20000110   Data           4  os_var.o(.data)
    OSTCBCurPtr                              0x20000114   Data           4  os_var.o(.data)
    OSTCBHighRdyPtr                          0x20000118   Data           4  os_var.o(.data)
    OS_CPU_ExceptStkBase                     0x2000011c   Data           4  os_cpu_c.o(.data)
    __stdout                                 0x20000120   Data           4  stdout.o(.data)
    StartTaskTCB                             0x20000124   Data         200  main.o(.bss)
    START_TASK_STK                           0x200001ec   Data        2048  main.o(.bss)
    Led1TaskTCB                              0x200009ec   Data         200  main.o(.bss)
    LED1_TASK_STK                            0x20000ab4   Data         512  main.o(.bss)
    MYTMRTaskTCB                             0x20000cb4   Data         200  main.o(.bss)
    MYTMR_TASK_STK                           0x20000d7c   Data         512  main.o(.bss)
    SysTickTaskTCB                           0x20000f7c   Data         200  main.o(.bss)
    SysTick_TASK_STK                         0x20001044   Data         512  main.o(.bss)
    CPU_Name                                 0x20001244   Data          16  cpu_core.o(.bss)
    Mem_PoolHeap                             0x20001254   Data          72  lib_mem.o(.bss)
    Mem_Heap                                 0x2000129c   Data        3072  lib_mem.o(.bss)
    OSCfg_IdleTaskStk                        0x20001e9c   Data         512  os_cfg_app.o(.bss)
    OSCfg_IntQ                               0x2000209c   Data         320  os_cfg_app.o(.bss)
    OSCfg_IntQTaskStk                        0x200021dc   Data         512  os_cfg_app.o(.bss)
    OSCfg_ISRStk                             0x200023dc   Data         512  os_cfg_app.o(.bss)
    OSCfg_MsgPool                            0x200025dc   Data        1600  os_cfg_app.o(.bss)
    OSCfg_StatTaskStk                        0x20002c1c   Data         512  os_cfg_app.o(.bss)
    OSCfg_TickTaskStk                        0x20002e1c   Data         512  os_cfg_app.o(.bss)
    OSCfg_TickWheel                          0x2000301c   Data         136  os_cfg_app.o(.bss)
    OSCfg_TmrTaskStk                         0x200030a4   Data         512  os_cfg_app.o(.bss)
    OSCfg_TmrWheel                           0x200032a4   Data         136  os_cfg_app.o(.bss)
    OSIdleTaskTCB                            0x2000332c   Data         200  os_var.o(.bss)
    OSIntQTaskTCB                            0x200033f4   Data         200  os_var.o(.bss)
    OSMsgPool                                0x200034bc   Data          12  os_var.o(.bss)
    OSRdyList                                0x200034c8   Data         384  os_var.o(.bss)
    OSStatTaskTCB                            0x20003648   Data         200  os_var.o(.bss)
    OSTickTaskTCB                            0x20003710   Data         200  os_var.o(.bss)
    OSTmrTaskTCB                             0x200037d8   Data         200  os_var.o(.bss)
    __initial_sp                             0x20003ca0   Data           0  startup_stm32f10x_hd.o(STACK)



==============================================================================

Memory Map of the image

  Image Entry point : 0x08000131

  Load Region LR_IROM1 (Base: 0x08000000, Size: 0x00006574, Max: 0x00010000, ABSOLUTE)

    Execution Region ER_IROM1 (Exec base: 0x08000000, Load base: 0x08000000, Size: 0x00006450, Max: 0x00010000, ABSOLUTE)

    Exec Addr    Load Addr    Size         Type   Attr      Idx    E Section Name        Object

    0x08000000   0x08000000   0x00000130   Data   RO          311    RESET               startup_stm32f10x_hd.o
    0x08000130   0x08000130   0x00000000   Code   RO         2913  * .ARM.Collect$$$$00000000  mc_w.l(entry.o)
    0x08000130   0x08000130   0x00000004   Code   RO         3177    .ARM.Collect$$$$00000001  mc_w.l(entry2.o)
    0x08000134   0x08000134   0x00000004   Code   RO         3180    .ARM.Collect$$$$00000004  mc_w.l(entry5.o)
    0x08000138   0x08000138   0x00000000   Code   RO         3182    .ARM.Collect$$$$00000008  mc_w.l(entry7b.o)
    0x08000138   0x08000138   0x00000000   Code   RO         3184    .ARM.Collect$$$$0000000A  mc_w.l(entry8b.o)
    0x08000138   0x08000138   0x00000008   Code   RO         3185    .ARM.Collect$$$$0000000B  mc_w.l(entry9a.o)
    0x08000140   0x08000140   0x00000000   Code   RO         3187    .ARM.Collect$$$$0000000D  mc_w.l(entry10a.o)
    0x08000140   0x08000140   0x00000000   Code   RO         3189    .ARM.Collect$$$$0000000F  mc_w.l(entry11a.o)
    0x08000140   0x08000140   0x00000004   Code   RO         3178    .ARM.Collect$$$$00002712  mc_w.l(entry2.o)
    0x08000144   0x08000144   0x00000024   Code   RO          312    .text               startup_stm32f10x_hd.o
    0x08000168   0x08000168   0x00000034   Code   RO         1061    .text               cpu_a.o
    0x0800019c   0x0800019c   0x0000002c   Code   RO         3192    .text               mc_w.l(uidiv.o)
    0x080001c8   0x080001c8   0x00000024   Code   RO         3207    .text               mc_w.l(init.o)
    0x080001ec   0x080001ec   0x00000084   Code   RO         2832    CODE                os_cpu_a.o
    0x08000270   0x08000270   0x00000010   Code   RO          956    i.BSP_CPU_ClkFreq   bsp.o
    0x08000280   0x08000280   0x00000004   Code   RO          212    i.BusFault_Handler  stm32f10x_it.o
    0x08000284   0x08000284   0x00000010   Code   RO         1120    i.CPU_Init          cpu_core.o
    0x08000294   0x08000294   0x00000084   Code   RO         1121    i.CPU_IntDisMeasInit  cpu_core.o
    0x08000318   0x08000318   0x0000001c   Code   RO         1122    i.CPU_IntDisMeasMaxCalc  cpu_core.o
    0x08000334   0x08000334   0x0000002c   Code   RO         1123    i.CPU_IntDisMeasMaxCurGet  cpu_core.o
    0x08000360   0x08000360   0x0000002c   Code   RO         1124    i.CPU_IntDisMeasMaxCurReset  cpu_core.o
    0x0800038c   0x0800038c   0x0000002c   Code   RO         1125    i.CPU_IntDisMeasMaxGet  cpu_core.o
    0x080003b8   0x080003b8   0x00000034   Code   RO         1126    i.CPU_IntDisMeasStart  cpu_core.o
    0x080003ec   0x080003ec   0x00000054   Code   RO         1127    i.CPU_IntDisMeasStop  cpu_core.o
    0x08000440   0x08000440   0x00000038   Code   RO         1128    i.CPU_NameClr       cpu_core.o
    0x08000478   0x08000478   0x00000008   Code   RO         1130    i.CPU_NameInit      cpu_core.o
    0x08000480   0x08000480   0x00000014   Code   RO         1134    i.CPU_TS_Init       cpu_core.o
    0x08000494   0x08000494   0x0000000c   Code   RO         1136    i.CPU_TS_TmrFreqSet  cpu_core.o
    0x080004a0   0x080004a0   0x00000034   Code   RO          958    i.CPU_TS_TmrInit    bsp.o
    0x080004d4   0x080004d4   0x0000000c   Code   RO          959    i.CPU_TS_TmrRd      bsp.o
    0x080004e0   0x080004e0   0x00000002   Code   RO          213    i.DebugMon_Handler  stm32f10x_it.o
    0x080004e2   0x080004e2   0x00000002   PAD
    0x080004e4   0x080004e4   0x000000c8   Code   RO          463    i.GPIO_DeInit       stm32f10x_gpio.o
    0x080005ac   0x080005ac   0x00000116   Code   RO          468    i.GPIO_Init         stm32f10x_gpio.o
    0x080006c2   0x080006c2   0x00000004   Code   RO          475    i.GPIO_ResetBits    stm32f10x_gpio.o
    0x080006c6   0x080006c6   0x00000004   Code   RO          476    i.GPIO_SetBits      stm32f10x_gpio.o
    0x080006ca   0x080006ca   0x00000004   Code   RO          214    i.HardFault_Handler  stm32f10x_it.o
    0x080006ce   0x080006ce   0x00000002   PAD
    0x080006d0   0x080006d0   0x00000048   Code   RO          407    i.KEY_Init          key.o
    0x08000718   0x08000718   0x0000003c   Code   RO          327    i.LED_Init          led.o
    0x08000754   0x08000754   0x00000010   Code   RO          328    i.LED_OFF           led.o
    0x08000764   0x08000764   0x00000010   Code   RO          329    i.LED_ON            led.o
    0x08000774   0x08000774   0x00000004   Code   RO          215    i.MemManage_Handler  stm32f10x_it.o
    0x08000778   0x08000778   0x00000012   Code   RO         1581    i.Mem_Clr           lib_mem.o
    0x0800078a   0x0800078a   0x00000002   PAD
    0x0800078c   0x0800078c   0x00000048   Code   RO         1585    i.Mem_Init          lib_mem.o
    0x080007d4   0x080007d4   0x00000062   Code   RO         1598    i.Mem_Set           lib_mem.o
    0x08000836   0x08000836   0x00000002   PAD
    0x08000838   0x08000838   0x0000017c   Code   RO            1    i.MyTmrCallback     main.o
    0x080009b4   0x080009b4   0x0000007c   Code   RO            2    i.MyTmr_task        main.o
    0x08000a30   0x08000a30   0x00000002   Code   RO          216    i.NMI_Handler       stm32f10x_it.o
    0x08000a32   0x08000a32   0x00000002   PAD
    0x08000a34   0x08000a34   0x00000070   Code   RO          426    i.NVIC_Init         misc.o
    0x08000aa4   0x08000aa4   0x00000002   Code   RO         1699    i.OSCfg_Init        os_cfg_app.o
    0x08000aa6   0x08000aa6   0x00000002   PAD
    0x08000aa8   0x08000aa8   0x00000014   Code   RO         2835    i.OSIdleTaskHook    os_cpu_c.o
    0x08000abc   0x08000abc   0x0000018c   Code   RO         1722    i.OSInit            os_core.o
    0x08000c48   0x08000c48   0x00000038   Code   RO         2836    i.OSInitHook        os_cpu_c.o
    0x08000c80   0x08000c80   0x000000e4   Code   RO         1724    i.OSIntExit         os_core.o
    0x08000d64   0x08000d64   0x000000a8   Code   RO         1725    i.OSSched           os_core.o
    0x08000e0c   0x08000e0c   0x0000007c   Code   RO         1726    i.OSSchedLock       os_core.o
    0x08000e88   0x08000e88   0x0000006c   Code   RO         1727    i.OSSchedRoundRobinCfg  os_core.o
    0x08000ef4   0x08000ef4   0x000000a0   Code   RO         1729    i.OSSchedUnlock     os_core.o
    0x08000f94   0x08000f94   0x00000068   Code   RO         1730    i.OSStart           os_core.o
    0x08000ffc   0x08000ffc   0x00000168   Code   RO         2440    i.OSStatReset       os_stat.o
    0x08001164   0x08001164   0x00000100   Code   RO         2441    i.OSStatTaskCPUUsageInit  os_stat.o
    0x08001264   0x08001264   0x00000014   Code   RO         2837    i.OSStatTaskHook    os_cpu_c.o
    0x08001278   0x08001278   0x00000294   Code   RO         2471    i.OSTaskCreate      os_task.o
    0x0800150c   0x0800150c   0x00000018   Code   RO         2838    i.OSTaskCreateHook  os_cpu_c.o
    0x08001524   0x08001524   0x00000208   Code   RO         2472    i.OSTaskDel         os_task.o
    0x0800172c   0x0800172c   0x00000018   Code   RO         2839    i.OSTaskDelHook     os_cpu_c.o
    0x08001744   0x08001744   0x00000088   Code   RO         2480    i.OSTaskResume      os_task.o
    0x080017cc   0x080017cc   0x00000018   Code   RO         2840    i.OSTaskReturnHook  os_cpu_c.o
    0x080017e4   0x080017e4   0x00000250   Code   RO         2481    i.OSTaskSemPend     os_task.o
    0x08001a34   0x08001a34   0x000000e4   Code   RO         2485    i.OSTaskStkChk      os_task.o
    0x08001b18   0x08001b18   0x000000c0   Code   RO         2841    i.OSTaskStkInit     os_cpu_c.o
    0x08001bd8   0x08001bd8   0x00000060   Code   RO         2486    i.OSTaskSuspend     os_task.o
    0x08001c38   0x08001c38   0x000000a4   Code   RO         2842    i.OSTaskSwHook      os_cpu_c.o
    0x08001cdc   0x08001cdc   0x00000150   Code   RO         2686    i.OSTimeDly         os_time.o
    0x08001e2c   0x08001e2c   0x0000022c   Code   RO         2687    i.OSTimeDlyHMSM     os_time.o
    0x08002058   0x08002058   0x00000234   Code   RO         2688    i.OSTimeDlyResume   os_time.o
    0x0800228c   0x0800228c   0x00000044   Code   RO         2691    i.OSTimeTick        os_time.o
    0x080022d0   0x080022d0   0x00000014   Code   RO         2843    i.OSTimeTickHook    os_cpu_c.o
    0x080022e4   0x080022e4   0x00000130   Code   RO         2728    i.OSTmrCreate       os_tmr.o
    0x08002414   0x08002414   0x000000c4   Code   RO         2729    i.OSTmrDel          os_tmr.o
    0x080024d8   0x080024d8   0x000000b4   Code   RO         2731    i.OSTmrStart        os_tmr.o
    0x0800258c   0x0800258c   0x00000040   Code   RO         2844    i.OS_CPU_SysTickHandler  os_cpu_c.o
    0x080025cc   0x080025cc   0x00000030   Code   RO         2845    i.OS_CPU_SysTickInit  os_cpu_c.o
    0x080025fc   0x080025fc   0x000001b4   Code   RO         1968    i.OS_Dbg_Init       os_dbg.o
    0x080027b0   0x080027b0   0x00000018   Code   RO         1993    i.OS_FlagInit       os_flag.o
    0x080027c8   0x080027c8   0x0000027c   Code   RO         1994    i.OS_FlagPost       os_flag.o
    0x08002a44   0x08002a44   0x00000056   Code   RO         1995    i.OS_FlagTaskRdy    os_flag.o
    0x08002a9a   0x08002a9a   0x00000002   PAD
    0x08002a9c   0x08002a9c   0x0000004c   Code   RO         1732    i.OS_IdleTask       os_core.o
    0x08002ae8   0x08002ae8   0x00000070   Code   RO         1733    i.OS_IdleTaskInit   os_core.o
    0x08002b58   0x08002b58   0x00000104   Code   RO         2067    i.OS_IntQPost       os_int.o
    0x08002c5c   0x08002c5c   0x000001a4   Code   RO         2068    i.OS_IntQRePost     os_int.o
    0x08002e00   0x08002e00   0x000000c8   Code   RO         2069    i.OS_IntQTask       os_int.o
    0x08002ec8   0x08002ec8   0x00000128   Code   RO         2070    i.OS_IntQTaskInit   os_int.o
    0x08002ff0   0x08002ff0   0x00000018   Code   RO         2101    i.OS_MemInit        os_mem.o
    0x08003008   0x08003008   0x0000007c   Code   RO         2133    i.OS_MsgPoolInit    os_msg.o
    0x08003084   0x08003084   0x00000044   Code   RO         2134    i.OS_MsgQFreeAll    os_msg.o
    0x080030c8   0x080030c8   0x0000000e   Code   RO         2136    i.OS_MsgQInit       os_msg.o
    0x080030d6   0x080030d6   0x00000002   PAD
    0x080030d8   0x080030d8   0x00000104   Code   RO         2137    i.OS_MsgQPut        os_msg.o
    0x080031dc   0x080031dc   0x00000018   Code   RO         2177    i.OS_MutexInit      os_mutex.o
    0x080031f4   0x080031f4   0x00000068   Code   RO         1734    i.OS_Pend           os_core.o
    0x0800325c   0x0800325c   0x00000026   Code   RO         1737    i.OS_PendDataInit   os_core.o
    0x08003282   0x08003282   0x00000002   PAD
    0x08003284   0x08003284   0x0000005c   Code   RO         1738    i.OS_PendDbgNameAdd  os_core.o
    0x080032e0   0x080032e0   0x00000024   Code   RO         1739    i.OS_PendDbgNameRemove  os_core.o
    0x08003304   0x08003304   0x00000066   Code   RO         1743    i.OS_PendListInsertPrio  os_core.o
    0x0800336a   0x0800336a   0x00000030   Code   RO         1744    i.OS_PendListRemove  os_core.o
    0x0800339a   0x0800339a   0x00000042   Code   RO         1745    i.OS_PendListRemove1  os_core.o
    0x080033dc   0x080033dc   0x000000c0   Code   RO         1748    i.OS_Post           os_core.o
    0x0800349c   0x0800349c   0x0000002a   Code   RO         1749    i.OS_Post1          os_core.o
    0x080034c6   0x080034c6   0x00000002   PAD
    0x080034c8   0x080034c8   0x00000028   Code   RO         2259    i.OS_PrioGetHighest  os_prio.o
    0x080034f0   0x080034f0   0x00000018   Code   RO         2260    i.OS_PrioInit       os_prio.o
    0x08003508   0x08003508   0x00000024   Code   RO         2261    i.OS_PrioInsert     os_prio.o
    0x0800352c   0x0800352c   0x00000024   Code   RO         2262    i.OS_PrioRemove     os_prio.o
    0x08003550   0x08003550   0x00000018   Code   RO         2305    i.OS_QInit          os_q.o
    0x08003568   0x08003568   0x00000188   Code   RO         2306    i.OS_QPost          os_q.o
    0x080036f0   0x080036f0   0x00000024   Code   RO         1750    i.OS_RdyListInit    os_core.o
    0x08003714   0x08003714   0x0000002c   Code   RO         1751    i.OS_RdyListInsert  os_core.o
    0x08003740   0x08003740   0x00000040   Code   RO         1752    i.OS_RdyListInsertHead  os_core.o
    0x08003780   0x08003780   0x0000003c   Code   RO         1753    i.OS_RdyListInsertTail  os_core.o
    0x080037bc   0x080037bc   0x00000044   Code   RO         1754    i.OS_RdyListMoveHeadToTail  os_core.o
    0x08003800   0x08003800   0x0000005c   Code   RO         1755    i.OS_RdyListRemove  os_core.o
    0x0800385c   0x0800385c   0x0000005c   Code   RO         1756    i.OS_Sched0         os_core.o
    0x080038b8   0x080038b8   0x0000001c   Code   RO         1757    i.OS_SchedLockTimeMeasStart  os_core.o
    0x080038d4   0x080038d4   0x0000003c   Code   RO         1758    i.OS_SchedLockTimeMeasStop  os_core.o
    0x08003910   0x08003910   0x000000ec   Code   RO         1759    i.OS_SchedRoundRobin  os_core.o
    0x080039fc   0x080039fc   0x00000018   Code   RO         2377    i.OS_SemInit        os_sem.o
    0x08003a14   0x08003a14   0x00000198   Code   RO         2378    i.OS_SemPost        os_sem.o
    0x08003bac   0x08003bac   0x000003b8   Code   RO         2442    i.OS_StatTask       os_stat.o
    0x08003f64   0x08003f64   0x000000cc   Code   RO         2443    i.OS_StatTaskInit   os_stat.o
    0x08004030   0x08004030   0x00000038   Code   RO         1760    i.OS_TaskBlock      os_core.o
    0x08004068   0x08004068   0x00000030   Code   RO         2488    i.OS_TaskDbgListAdd  os_task.o
    0x08004098   0x08004098   0x00000044   Code   RO         2489    i.OS_TaskDbgListRemove  os_task.o
    0x080040dc   0x080040dc   0x00000020   Code   RO         2490    i.OS_TaskInit       os_task.o
    0x080040fc   0x080040fc   0x000000d0   Code   RO         2491    i.OS_TaskInitTCB    os_task.o
    0x080041cc   0x080041cc   0x0000026c   Code   RO         2492    i.OS_TaskQPost      os_task.o
    0x08004438   0x08004438   0x0000001c   Code   RO         1761    i.OS_TaskRdy        os_core.o
    0x08004454   0x08004454   0x0000017c   Code   RO         2493    i.OS_TaskResume     os_task.o
    0x080045d0   0x080045d0   0x00000018   Code   RO         2494    i.OS_TaskReturn     os_task.o
    0x080045e8   0x080045e8   0x000005a8   Code   RO         2495    i.OS_TaskSemPost    os_task.o
    0x08004b90   0x08004b90   0x00000190   Code   RO         2496    i.OS_TaskSuspend    os_task.o
    0x08004d20   0x08004d20   0x00000028   Code   RO         2638    i.OS_TickListInit   os_tick.o
    0x08004d48   0x08004d48   0x000001bc   Code   RO         2639    i.OS_TickListInsert  os_tick.o
    0x08004f04   0x08004f04   0x00000038   Code   RO         2640    i.OS_TickListRemove  os_tick.o
    0x08004f3c   0x08004f3c   0x00000024   Code   RO         2641    i.OS_TickListResetPeak  os_tick.o
    0x08004f60   0x08004f60   0x00000220   Code   RO         2642    i.OS_TickListUpdate  os_tick.o
    0x08005180   0x08005180   0x0000002c   Code   RO         2643    i.OS_TickTask       os_tick.o
    0x080051ac   0x080051ac   0x000000b8   Code   RO         2644    i.OS_TickTaskInit   os_tick.o
    0x08005264   0x08005264   0x00000030   Code   RO         2734    i.OS_TmrClr         os_tmr.o
    0x08005294   0x08005294   0x00000028   Code   RO         2735    i.OS_TmrDbgListAdd  os_tmr.o
    0x080052bc   0x080052bc   0x00000030   Code   RO         2736    i.OS_TmrDbgListRemove  os_tmr.o
    0x080052ec   0x080052ec   0x00000128   Code   RO         2737    i.OS_TmrInit        os_tmr.o
    0x08005414   0x08005414   0x000000d0   Code   RO         2738    i.OS_TmrLink        os_tmr.o
    0x080054e4   0x080054e4   0x00000024   Code   RO         2739    i.OS_TmrResetPeak   os_tmr.o
    0x08005508   0x08005508   0x000000c0   Code   RO         2740    i.OS_TmrTask        os_tmr.o
    0x080055c8   0x080055c8   0x00000050   Code   RO         2741    i.OS_TmrUnlink      os_tmr.o
    0x08005618   0x08005618   0x00000020   Code   RO          580    i.RCC_APB2PeriphClockCmd  stm32f10x_rcc.o
    0x08005638   0x08005638   0x00000020   Code   RO          581    i.RCC_APB2PeriphResetCmd  stm32f10x_rcc.o
    0x08005658   0x08005658   0x000000d4   Code   RO          588    i.RCC_GetClocksFreq  stm32f10x_rcc.o
    0x0800572c   0x0800572c   0x00000002   Code   RO          218    i.SVC_Handler       stm32f10x_it.o
    0x0800572e   0x0800572e   0x00000008   Code   RO          275    i.SetSysClock       system_stm32f10x.o
    0x08005736   0x08005736   0x00000002   PAD
    0x08005738   0x08005738   0x000000e0   Code   RO          276    i.SetSysClockTo72   system_stm32f10x.o
    0x08005818   0x08005818   0x00000028   Code   RO          430    i.SysTick_CLKSourceConfig  misc.o
    0x08005840   0x08005840   0x0000003c   Code   RO          357    i.SysTick_Init      systick.o
    0x0800587c   0x0800587c   0x0000003c   Code   RO            3    i.SysTick_task      main.o
    0x080058b8   0x080058b8   0x00000060   Code   RO          278    i.SystemInit        system_stm32f10x.o
    0x08005918   0x08005918   0x0000003c   Code   RO          383    i.USART1_IRQHandler  uart.o
    0x08005954   0x08005954   0x000000b0   Code   RO          384    i.USART1_Init       uart.o
    0x08005a04   0x08005a04   0x00000012   Code   RO          776    i.USART_ClearFlag   stm32f10x_usart.o
    0x08005a16   0x08005a16   0x00000018   Code   RO          780    i.USART_Cmd         stm32f10x_usart.o
    0x08005a2e   0x08005a2e   0x0000001a   Code   RO          783    i.USART_GetFlagStatus  stm32f10x_usart.o
    0x08005a48   0x08005a48   0x00000054   Code   RO          784    i.USART_GetITStatus  stm32f10x_usart.o
    0x08005a9c   0x08005a9c   0x0000004a   Code   RO          786    i.USART_ITConfig    stm32f10x_usart.o
    0x08005ae6   0x08005ae6   0x00000002   PAD
    0x08005ae8   0x08005ae8   0x000000d8   Code   RO          787    i.USART_Init        stm32f10x_usart.o
    0x08005bc0   0x08005bc0   0x0000000a   Code   RO          794    i.USART_ReceiveData  stm32f10x_usart.o
    0x08005bca   0x08005bca   0x00000008   Code   RO          797    i.USART_SendData    stm32f10x_usart.o
    0x08005bd2   0x08005bd2   0x00000004   Code   RO          220    i.UsageFault_Handler  stm32f10x_it.o
    0x08005bd6   0x08005bd6   0x00000002   PAD
    0x08005bd8   0x08005bd8   0x00000020   Code   RO         3071    i.__0printf$6       mc_w.l(printf6.o)
    0x08005bf8   0x08005bf8   0x0000000e   Code   RO         3219    i.__scatterload_copy  mc_w.l(handlers.o)
    0x08005c06   0x08005c06   0x00000002   Code   RO         3220    i.__scatterload_null  mc_w.l(handlers.o)
    0x08005c08   0x08005c08   0x0000000e   Code   RO         3221    i.__scatterload_zeroinit  mc_w.l(handlers.o)
    0x08005c16   0x08005c16   0x00000002   PAD
    0x08005c18   0x08005c18   0x000002f0   Code   RO         3078    i._printf_core      mc_w.l(printf6.o)
    0x08005f08   0x08005f08   0x00000024   Code   RO         3079    i._printf_post_padding  mc_w.l(printf6.o)
    0x08005f2c   0x08005f2c   0x0000002e   Code   RO         3080    i._printf_pre_padding  mc_w.l(printf6.o)
    0x08005f5a   0x08005f5a   0x00000002   PAD
    0x08005f5c   0x08005f5c   0x00000024   Code   RO          385    i.fputc             uart.o
    0x08005f80   0x08005f80   0x0000004c   Code   RO            4    i.led1_task         main.o
    0x08005fcc   0x08005fcc   0x0000007c   Code   RO            5    i.main              main.o
    0x08006048   0x08006048   0x000001d8   Code   RO            6    i.start_task        main.o
    0x08006220   0x08006220   0x000000a4   Data   RO         1701    .constdata          os_cfg_app.o
    0x080062c4   0x080062c4   0x0000016c   Data   RO         1969    .constdata          os_dbg.o
    0x08006430   0x08006430   0x00000020   Data   RO         3217    Region$$Table       anon$$obj.o


    Execution Region RW_IRAM1 (Exec base: 0x20000000, Load base: 0x08006450, Size: 0x00003ca0, Max: 0x00005000, ABSOLUTE)

    Exec Addr    Load Addr    Size         Type   Attr      Idx    E Section Name        Object

    0x20000000   0x08006450   0x0000000d   Data   RW            8    .data               main.o
    0x2000000d   0x0800645d   0x00000001   PAD
    0x2000000e   0x0800645e   0x00000004   Data   RW          360    .data               systick.o
    0x20000012   0x08006462   0x00000014   Data   RW          608    .data               stm32f10x_rcc.o
    0x20000026   0x08006476   0x00000002   PAD
    0x20000028   0x08006478   0x0000001c   Data   RW         1140    .data               cpu_core.o
    0x20000044   0x08006494   0x00000004   Data   RW         1600    .data               lib_mem.o
    0x20000048   0x08006498   0x00000004   Data   RW         2263    .data               os_prio.o
    0x2000004c   0x0800649c   0x000000d0   Data   RW         2819    .data               os_var.o
    0x2000011c   0x0800656c   0x00000004   Data   RW         2846    .data               os_cpu_c.o
    0x20000120   0x08006570   0x00000004   Data   RW         3191    .data               mc_w.l(stdout.o)
    0x20000124        -       0x00001120   Zero   RW            7    .bss                main.o
    0x20001244        -       0x00000010   Zero   RW         1138    .bss                cpu_core.o
    0x20001254        -       0x00000c48   Zero   RW         1599    .bss                lib_mem.o
    0x20001e9c        -       0x00001490   Zero   RW         1700    .bss                os_cfg_app.o
    0x2000332c        -       0x00000574   Zero   RW         2818    .bss                os_var.o
    0x200038a0        -       0x00000400   Zero   RW          309    STACK               startup_stm32f10x_hd.o


==============================================================================

Image component sizes


      Code (inc. data)   RO Data    RW Data    ZI Data      Debug   Object Name

        80         14          0          0          0       1578   bsp.o
        52          0          0          0          0        364   cpu_a.o
       540         98          0         28         16      16933   cpu_core.o
        72          8          0          0          0        515   key.o
        92          4          0          0          0       2162   led.o
       188         18          0          4       3144      13847   lib_mem.o
      1236        294          0         13       4384     279792   main.o
       152         12          0          0          0       1898   misc.o
         2          0        164          0       5264      21190   os_cfg_app.o
      3060        414          0          0          0      20995   os_core.o
       132         32          0          0          0        408   os_cpu_a.o
       656         68          0          4          0       8625   os_cpu_c.o
       436        286        364          0          0       5001   os_dbg.o
       746         28          0          0          0       3317   os_flag.o
      1176        204          0          0          0       3726   os_int.o
        24         10          0          0          0       1033   os_mem.o
       466         26          0          0          0       3457   os_msg.o
        24         10          0          0          0       1047   os_mutex.o
       136         16          0          4          0       3094   os_prio.o
       416         20          0          0          0       2390   os_q.o
       432         14          0          0          0       2422   os_sem.o
      1772        214          0          0          0       4291   os_stat.o
      5460        260          0          0          0      14328   os_task.o
      1348        124          0          0          0       5769   os_tick.o
      1524         66          0          0          0       4335   os_time.o
      1628        198          0          0          0       8975   os_tmr.o
         0          0          0        208       1396      19545   os_var.o
        36          8        304          0       1024        964   startup_stm32f10x_hd.o
       486         28          0          0          0       4162   stm32f10x_gpio.o
        22          0          0          0          0       3543   stm32f10x_it.o
       276         32          0         20          0       4906   stm32f10x_rcc.o
       460          6          0          0          0       7503   stm32f10x_usart.o
       328         28          0          0          0       2337   system_stm32f10x.o
        60          8          0          4          0        767   systick.o
       272         20          0          0          0       1802   uart.o

    ----------------------------------------------------------------------
     23816       2568        864        288      15228     477021   Object Totals
         0          0         32          0          0          0   (incl. Generated)
        26          0          0          3          0          0   (incl. Padding)

    ----------------------------------------------------------------------

      Code (inc. data)   RO Data    RW Data    ZI Data      Debug   Library Member Name

         0          0          0          0          0          0   entry.o
         0          0          0          0          0          0   entry10a.o
         0          0          0          0          0          0   entry11a.o
         8          4          0          0          0          0   entry2.o
         4          0          0          0          0          0   entry5.o
         0          0          0          0          0          0   entry7b.o
         0          0          0          0          0          0   entry8b.o
         8          4          0          0          0          0   entry9a.o
        30          0          0          0          0          0   handlers.o
        36          8          0          0          0         68   init.o
       866         14          0          0          0        352   printf6.o
         0          0          0          4          0          0   stdout.o
        44          0          0          0          0         80   uidiv.o

    ----------------------------------------------------------------------
      1000         30          0          4          0        500   Library Totals
         4          0          0          0          0          0   (incl. Padding)

    ----------------------------------------------------------------------

      Code (inc. data)   RO Data    RW Data    ZI Data      Debug   Library Name

       996         30          0          4          0        500   mc_w.l

    ----------------------------------------------------------------------
      1000         30          0          4          0        500   Library Totals

    ----------------------------------------------------------------------

==============================================================================


      Code (inc. data)   RO Data    RW Data    ZI Data      Debug   

     24816       2598        864        292      15228     469197   Grand Totals
     24816       2598        864        292      15228     469197   ELF Image Totals
     24816       2598        864        292          0          0   ROM Totals

==============================================================================

    Total RO  Size (Code + RO Data)                25680 (  25.08kB)
    Total RW  Size (RW Data + ZI Data)             15520 (  15.16kB)
    Total ROM Size (Code + RO Data + RW Data)      25972 (  25.36kB)

==============================================================================

